2026-07-01 10:14:05,144 - INFO - MainThread - Execution log file: /Users/vgana3/Documents/GitHub/Nike/J30/Outbound/logs/FR_Order_Creation_Prod_Multithread_20260701_101405_142213.log
2026-07-01 10:14:05,593 - INFO - MainThread - Sheets found in '/Users/vgana3/Documents/GitHub/Nike/J30/Input_files/Outbound_Worksheet.xlsx': ['CreateOrder', 'Parent_Order', 'BackUp', 'TranLog', 'MHE_Journal', 'OriginalOrderInput', 'CreateShipment', 'MasterData', 'MasterInput', 'Shipment_ID', 'Item_info', 'B2B_SUB_HUB']
2026-07-01 10:14:05,759 - INFO - MainThread - Successfully extracted 255 data row(s) for processing.
2026-07-01 10:14:05,759 - INFO - MainThread - Processing Excel Row 1
2026-07-01 10:14:05,764 - INFO - MainThread - Order: V3070100002
2026-07-01 10:14:05,765 - INFO - MainThread - Processing Excel Row 2
2026-07-01 10:14:05,768 - INFO - MainThread - Order: V3070100003
2026-07-01 10:14:05,768 - INFO - MainThread - Processing Excel Row 3
2026-07-01 10:14:05,771 - INFO - MainThread - Order: V3070100004
2026-07-01 10:14:05,771 - INFO - MainThread - Processing Excel Row 4
2026-07-01 10:14:05,773 - INFO - MainThread - Order: V3070100005
2026-07-01 10:14:05,773 - INFO - MainThread - Processing Excel Row 5
2026-07-01 10:14:05,775 - INFO - MainThread - Order: V3070100006
2026-07-01 10:14:05,775 - INFO - MainThread - Processing Excel Row 6
2026-07-01 10:14:05,779 - INFO - MainThread - Order: V3070100007
2026-07-01 10:14:05,779 - INFO - MainThread - Processing Excel Row 7
2026-07-01 10:14:05,782 - INFO - MainThread - Order: V3070100008
2026-07-01 10:14:05,782 - INFO - MainThread - Processing Excel Row 8
2026-07-01 10:14:05,784 - INFO - MainThread - Order: V3070100009
2026-07-01 10:14:05,784 - INFO - MainThread - Processing Excel Row 9
2026-07-01 10:14:05,788 - INFO - MainThread - Order: V3070100010
2026-07-01 10:14:05,788 - INFO - MainThread - Processing Excel Row 10
2026-07-01 10:14:05,791 - INFO - MainThread - Order: V3070100011
2026-07-01 10:14:05,791 - INFO - MainThread - Processing Excel Row 11
2026-07-01 10:14:05,795 - INFO - MainThread - Order: V3070100012
2026-07-01 10:14:05,795 - INFO - MainThread - Processing Excel Row 12
2026-07-01 10:14:05,799 - INFO - MainThread - Order: V3070100013
2026-07-01 10:14:05,799 - INFO - MainThread - Processing Excel Row 13
2026-07-01 10:14:05,803 - INFO - MainThread - Order: V3070100014
2026-07-01 10:14:05,803 - INFO - MainThread - Processing Excel Row 14
2026-07-01 10:14:05,812 - INFO - MainThread - Order: V3070100015
2026-07-01 10:14:05,812 - INFO - MainThread - Processing Excel Row 15
2026-07-01 10:14:05,815 - INFO - MainThread - Order: V3070100016
2026-07-01 10:14:05,815 - INFO - MainThread - Processing Excel Row 16
2026-07-01 10:14:05,816 - INFO - MainThread - Order: V3070100017
2026-07-01 10:14:05,816 - INFO - MainThread - Processing Excel Row 17
2026-07-01 10:14:05,826 - INFO - MainThread - Order: V3070100018
2026-07-01 10:14:05,826 - INFO - MainThread - Processing Excel Row 18
2026-07-01 10:14:05,827 - INFO - MainThread - Order: V3070100019
2026-07-01 10:14:05,828 - INFO - MainThread - Processing Excel Row 19
2026-07-01 10:14:05,829 - INFO - MainThread - Order: V3070100020
2026-07-01 10:14:05,829 - INFO - MainThread - Processing Excel Row 20
2026-07-01 10:14:05,831 - INFO - MainThread - Order: V3070100021
2026-07-01 10:14:05,831 - INFO - MainThread - Processing Excel Row 21
2026-07-01 10:14:05,832 - INFO - MainThread - Order: V3070100022
2026-07-01 10:14:05,832 - INFO - MainThread - Processing Excel Row 22
2026-07-01 10:14:05,834 - INFO - MainThread - Order: V3070100023
2026-07-01 10:14:05,834 - INFO - MainThread - Processing Excel Row 23
2026-07-01 10:14:05,835 - INFO - MainThread - Order: V3070100024
2026-07-01 10:14:05,835 - INFO - MainThread - Processing Excel Row 24
2026-07-01 10:14:05,837 - INFO - MainThread - Order: V3070100025
2026-07-01 10:14:05,837 - INFO - MainThread - Processing Excel Row 25
2026-07-01 10:14:05,838 - INFO - MainThread - Order: V3070100026
2026-07-01 10:14:05,838 - INFO - MainThread - Processing Excel Row 26
2026-07-01 10:14:05,840 - INFO - MainThread - Order: V3070100027
2026-07-01 10:14:05,840 - INFO - MainThread - Processing Excel Row 27
2026-07-01 10:14:05,841 - INFO - MainThread - Order: V3070100028
2026-07-01 10:14:05,841 - INFO - MainThread - Processing Excel Row 28
2026-07-01 10:14:05,842 - INFO - MainThread - Order: V3070100029
2026-07-01 10:14:05,843 - INFO - MainThread - Processing Excel Row 29
2026-07-01 10:14:05,844 - INFO - MainThread - Order: V3070100030
2026-07-01 10:14:05,844 - INFO - MainThread - Processing Excel Row 30
2026-07-01 10:14:05,849 - INFO - MainThread - Order: V3070100031
2026-07-01 10:14:05,849 - INFO - MainThread - Processing Excel Row 31
2026-07-01 10:14:05,854 - INFO - MainThread - Order: V3070100032
2026-07-01 10:14:05,854 - INFO - MainThread - Processing Excel Row 32
2026-07-01 10:14:05,858 - INFO - MainThread - Order: V3070100033
2026-07-01 10:14:05,858 - INFO - MainThread - Processing Excel Row 33
2026-07-01 10:14:05,861 - INFO - MainThread - Order: V3070100034
2026-07-01 10:14:05,861 - INFO - MainThread - Processing Excel Row 34
2026-07-01 10:14:05,870 - INFO - MainThread - Order: V3070100035
2026-07-01 10:14:05,870 - INFO - MainThread - Processing Excel Row 35
2026-07-01 10:14:05,873 - INFO - MainThread - Order: V3070100036
2026-07-01 10:14:05,873 - INFO - MainThread - Processing Excel Row 36
2026-07-01 10:14:05,878 - INFO - MainThread - Order: V3070100037
2026-07-01 10:14:05,879 - INFO - MainThread - Processing Excel Row 37
2026-07-01 10:14:05,882 - INFO - MainThread - Order: V3070100038
2026-07-01 10:14:05,882 - INFO - MainThread - Processing Excel Row 38
2026-07-01 10:14:05,883 - INFO - MainThread - Order: V3070100039
2026-07-01 10:14:05,884 - INFO - MainThread - Processing Excel Row 39
2026-07-01 10:14:05,885 - INFO - MainThread - Order: V3070100040
2026-07-01 10:14:05,886 - INFO - MainThread - Processing Excel Row 40
2026-07-01 10:14:05,887 - INFO - MainThread - Order: V3070100041
2026-07-01 10:14:05,887 - INFO - MainThread - Processing Excel Row 41
2026-07-01 10:14:05,889 - INFO - MainThread - Order: V3070100042
2026-07-01 10:14:05,889 - INFO - MainThread - Processing Excel Row 42
2026-07-01 10:14:05,891 - INFO - MainThread - Order: V3070100043
2026-07-01 10:14:05,891 - INFO - MainThread - Processing Excel Row 43
2026-07-01 10:14:05,892 - INFO - MainThread - Order: V3070100044
2026-07-01 10:14:05,893 - INFO - MainThread - Processing Excel Row 44
2026-07-01 10:14:05,894 - INFO - MainThread - Order: V3070100045
2026-07-01 10:14:05,894 - INFO - MainThread - Processing Excel Row 45
2026-07-01 10:14:05,896 - INFO - MainThread - Order: V3070100046
2026-07-01 10:14:05,896 - INFO - MainThread - Processing Excel Row 46
2026-07-01 10:14:05,897 - INFO - MainThread - Order: V3070100047
2026-07-01 10:14:05,898 - INFO - MainThread - Processing Excel Row 47
2026-07-01 10:14:05,899 - INFO - MainThread - Order: V3070100048
2026-07-01 10:14:05,899 - INFO - MainThread - Processing Excel Row 48
2026-07-01 10:14:05,901 - INFO - MainThread - Order: V3070100049
2026-07-01 10:14:05,901 - INFO - MainThread - Processing Excel Row 49
2026-07-01 10:14:05,903 - INFO - MainThread - Order: V3070100050
2026-07-01 10:14:05,903 - INFO - MainThread - Processing Excel Row 50
2026-07-01 10:14:05,904 - INFO - MainThread - Order: V3070100051
2026-07-01 10:14:05,904 - INFO - MainThread - Processing Excel Row 51
2026-07-01 10:14:05,905 - INFO - MainThread - Order: V3070100052
2026-07-01 10:14:05,905 - INFO - MainThread - Processing Excel Row 52
2026-07-01 10:14:05,906 - INFO - MainThread - Order: V3070100053
2026-07-01 10:14:05,906 - INFO - MainThread - Processing Excel Row 53
2026-07-01 10:14:05,907 - INFO - MainThread - Order: V3070100054
2026-07-01 10:14:05,907 - INFO - MainThread - Processing Excel Row 54
2026-07-01 10:14:05,908 - INFO - MainThread - Order: V3070100055
2026-07-01 10:14:05,908 - INFO - MainThread - Processing Excel Row 55
2026-07-01 10:14:05,909 - INFO - MainThread - Order: V3070100056
2026-07-01 10:14:05,909 - INFO - MainThread - Processing Excel Row 56
2026-07-01 10:14:05,911 - INFO - MainThread - Order: V3070100057
2026-07-01 10:14:05,911 - INFO - MainThread - Processing Excel Row 57
2026-07-01 10:14:05,914 - INFO - MainThread - Order: V3070100058
2026-07-01 10:14:05,914 - INFO - MainThread - Processing Excel Row 58
2026-07-01 10:14:05,917 - INFO - MainThread - Order: V3070100059
2026-07-01 10:14:05,917 - INFO - MainThread - Processing Excel Row 59
2026-07-01 10:14:05,919 - INFO - MainThread - Order: V3070100060
2026-07-01 10:14:05,919 - INFO - MainThread - Processing Excel Row 60
2026-07-01 10:14:05,920 - INFO - MainThread - Order: V3070100061
2026-07-01 10:14:05,921 - INFO - MainThread - Processing Excel Row 61
2026-07-01 10:14:05,922 - INFO - MainThread - Order: V3070100062
2026-07-01 10:14:05,922 - INFO - MainThread - Processing Excel Row 62
2026-07-01 10:14:05,923 - INFO - MainThread - Order: V3070100063
2026-07-01 10:14:05,923 - INFO - MainThread - Processing Excel Row 63
2026-07-01 10:14:05,924 - INFO - MainThread - Order: V3070100064
2026-07-01 10:14:05,924 - INFO - MainThread - Processing Excel Row 64
2026-07-01 10:14:05,925 - INFO - MainThread - Order: V3070100065
2026-07-01 10:14:05,925 - INFO - MainThread - Processing Excel Row 65
2026-07-01 10:14:05,926 - INFO - MainThread - Order: V3070100066
2026-07-01 10:14:05,926 - INFO - MainThread - Processing Excel Row 66
2026-07-01 10:14:05,927 - INFO - MainThread - Order: V3070100067
2026-07-01 10:14:05,927 - INFO - MainThread - Processing Excel Row 67
2026-07-01 10:14:05,928 - INFO - MainThread - Order: V3070100068
2026-07-01 10:14:05,928 - INFO - MainThread - Processing Excel Row 68
2026-07-01 10:14:05,929 - INFO - MainThread - Order: V3070100069
2026-07-01 10:14:05,929 - INFO - MainThread - Processing Excel Row 69
2026-07-01 10:14:05,930 - INFO - MainThread - Order: V3070100070
2026-07-01 10:14:05,930 - INFO - MainThread - Processing Excel Row 70
2026-07-01 10:14:05,931 - INFO - MainThread - Order: V3070100071
2026-07-01 10:14:05,931 - INFO - MainThread - Processing Excel Row 71
2026-07-01 10:14:05,932 - INFO - MainThread - Order: V3070100072
2026-07-01 10:14:05,932 - INFO - MainThread - Processing Excel Row 72
2026-07-01 10:14:05,933 - INFO - MainThread - Order: V3070100073
2026-07-01 10:14:05,933 - INFO - MainThread - Processing Excel Row 73
2026-07-01 10:14:05,934 - INFO - MainThread - Order: V3070100074
2026-07-01 10:14:05,934 - INFO - MainThread - Processing Excel Row 74
2026-07-01 10:14:05,935 - INFO - MainThread - Order: V3070100075
2026-07-01 10:14:05,935 - INFO - MainThread - Processing Excel Row 75
2026-07-01 10:14:05,936 - INFO - MainThread - Order: V3070100076
2026-07-01 10:14:05,937 - INFO - MainThread - Processing Excel Row 76
2026-07-01 10:14:05,937 - INFO - MainThread - Order: V3070100077
2026-07-01 10:14:05,938 - INFO - MainThread - Processing Excel Row 77
2026-07-01 10:14:05,938 - INFO - MainThread - Order: V3070100078
2026-07-01 10:14:05,939 - INFO - MainThread - Processing Excel Row 78
2026-07-01 10:14:05,939 - INFO - MainThread - Order: V3070100079
2026-07-01 10:14:05,939 - INFO - MainThread - Processing Excel Row 79
2026-07-01 10:14:05,940 - INFO - MainThread - Order: V3070100080
2026-07-01 10:14:05,940 - INFO - MainThread - Processing Excel Row 80
2026-07-01 10:14:05,941 - INFO - MainThread - Order: V3070100081
2026-07-01 10:14:05,941 - INFO - MainThread - Processing Excel Row 81
2026-07-01 10:14:05,942 - INFO - MainThread - Order: V3070100082
2026-07-01 10:14:05,942 - INFO - MainThread - Processing Excel Row 82
2026-07-01 10:14:05,943 - INFO - MainThread - Order: V3070100083
2026-07-01 10:14:05,943 - INFO - MainThread - Processing Excel Row 83
2026-07-01 10:14:05,945 - INFO - MainThread - Order: V3070100084
2026-07-01 10:14:05,945 - INFO - MainThread - Processing Excel Row 84
2026-07-01 10:14:05,946 - INFO - MainThread - Order: V3070100085
2026-07-01 10:14:05,946 - INFO - MainThread - Processing Excel Row 85
2026-07-01 10:14:05,947 - INFO - MainThread - Order: V3070100086
2026-07-01 10:14:05,947 - INFO - MainThread - Processing Excel Row 86
2026-07-01 10:14:05,947 - INFO - MainThread - Order: V3070100087
2026-07-01 10:14:05,948 - INFO - MainThread - Processing Excel Row 87
2026-07-01 10:14:05,948 - INFO - MainThread - Order: V3070100088
2026-07-01 10:14:05,949 - INFO - MainThread - Processing Excel Row 88
2026-07-01 10:14:05,949 - INFO - MainThread - Order: V3070100089
2026-07-01 10:14:05,949 - INFO - MainThread - Processing Excel Row 89
2026-07-01 10:14:05,950 - INFO - MainThread - Order: V3070100090
2026-07-01 10:14:05,951 - INFO - MainThread - Processing Excel Row 90
2026-07-01 10:14:05,952 - INFO - MainThread - Order: V3070100091
2026-07-01 10:14:05,952 - INFO - MainThread - Processing Excel Row 91
2026-07-01 10:14:05,953 - INFO - MainThread - Order: V3070100092
2026-07-01 10:14:05,953 - INFO - MainThread - Processing Excel Row 92
2026-07-01 10:14:05,954 - INFO - MainThread - Order: V3070100093
2026-07-01 10:14:05,954 - INFO - MainThread - Processing Excel Row 93
2026-07-01 10:14:05,955 - INFO - MainThread - Order: V3070100094
2026-07-01 10:14:05,955 - INFO - MainThread - Processing Excel Row 94
2026-07-01 10:14:05,956 - INFO - MainThread - Order: V3070100095
2026-07-01 10:14:05,956 - INFO - MainThread - Processing Excel Row 95
2026-07-01 10:14:05,957 - INFO - MainThread - Order: V3070100096
2026-07-01 10:14:05,957 - INFO - MainThread - Processing Excel Row 96
2026-07-01 10:14:05,958 - INFO - MainThread - Order: V3070100097
2026-07-01 10:14:05,958 - INFO - MainThread - Processing Excel Row 97
2026-07-01 10:14:05,959 - INFO - MainThread - Order: V3070100098
2026-07-01 10:14:05,959 - INFO - MainThread - Processing Excel Row 98
2026-07-01 10:14:05,960 - INFO - MainThread - Order: V3070100099
2026-07-01 10:14:05,960 - INFO - MainThread - Processing Excel Row 99
2026-07-01 10:14:05,961 - INFO - MainThread - Order: V3070100100
2026-07-01 10:14:05,961 - INFO - MainThread - Processing Excel Row 100
2026-07-01 10:14:05,963 - INFO - MainThread - Order: V3070100101
2026-07-01 10:14:05,963 - INFO - MainThread - Processing Excel Row 101
2026-07-01 10:14:05,965 - INFO - MainThread - Order: V3070100102
2026-07-01 10:14:05,965 - INFO - MainThread - Processing Excel Row 102
2026-07-01 10:14:05,967 - INFO - MainThread - Order: V3070100103
2026-07-01 10:14:05,967 - INFO - MainThread - Processing Excel Row 103
2026-07-01 10:14:05,968 - INFO - MainThread - Order: V3070100104
2026-07-01 10:14:05,968 - INFO - MainThread - Processing Excel Row 104
2026-07-01 10:14:05,969 - INFO - MainThread - Order: V3070100105
2026-07-01 10:14:05,969 - INFO - MainThread - Processing Excel Row 105
2026-07-01 10:14:05,970 - INFO - MainThread - Order: V3070100106
2026-07-01 10:14:05,970 - INFO - MainThread - Processing Excel Row 106
2026-07-01 10:14:05,971 - INFO - MainThread - Order: V3070100107
2026-07-01 10:14:05,971 - INFO - MainThread - Processing Excel Row 107
2026-07-01 10:14:05,972 - INFO - MainThread - Order: V3070100108
2026-07-01 10:14:05,972 - INFO - MainThread - Processing Excel Row 108
2026-07-01 10:14:05,974 - INFO - MainThread - Order: V3070100109
2026-07-01 10:14:05,974 - INFO - MainThread - Processing Excel Row 109
2026-07-01 10:14:05,975 - INFO - MainThread - Order: V3070100110
2026-07-01 10:14:05,975 - INFO - MainThread - Processing Excel Row 110
2026-07-01 10:14:05,976 - INFO - MainThread - Order: V3070100111
2026-07-01 10:14:05,976 - INFO - MainThread - Processing Excel Row 111
2026-07-01 10:14:05,977 - INFO - MainThread - Order: V3070100112
2026-07-01 10:14:05,977 - INFO - MainThread - Processing Excel Row 112
2026-07-01 10:14:05,978 - INFO - MainThread - Order: V3070100113
2026-07-01 10:14:05,978 - INFO - MainThread - Processing Excel Row 113
2026-07-01 10:14:05,979 - INFO - MainThread - Order: V3070100114
2026-07-01 10:14:05,979 - INFO - MainThread - Processing Excel Row 114
2026-07-01 10:14:05,981 - INFO - MainThread - Order: V3070100115
2026-07-01 10:14:05,981 - INFO - MainThread - Processing Excel Row 115
2026-07-01 10:14:05,982 - INFO - MainThread - Order: V3070100116
2026-07-01 10:14:05,982 - INFO - MainThread - Processing Excel Row 116
2026-07-01 10:14:05,983 - INFO - MainThread - Order: V3070100117
2026-07-01 10:14:05,984 - INFO - MainThread - Processing Excel Row 117
2026-07-01 10:14:05,985 - INFO - MainThread - Order: V3070100118
2026-07-01 10:14:05,985 - INFO - MainThread - Processing Excel Row 118
2026-07-01 10:14:05,986 - INFO - MainThread - Order: V3070100119
2026-07-01 10:14:05,986 - INFO - MainThread - Processing Excel Row 119
2026-07-01 10:14:05,987 - INFO - MainThread - Order: V3070100120
2026-07-01 10:14:05,987 - INFO - MainThread - Processing Excel Row 120
2026-07-01 10:14:05,988 - INFO - MainThread - Order: V3070100121
2026-07-01 10:14:05,988 - INFO - MainThread - Processing Excel Row 121
2026-07-01 10:14:05,989 - INFO - MainThread - Order: V3070100122
2026-07-01 10:14:05,989 - INFO - MainThread - Processing Excel Row 122
2026-07-01 10:14:05,990 - INFO - MainThread - Order: V3070100123
2026-07-01 10:14:05,990 - INFO - MainThread - Processing Excel Row 123
2026-07-01 10:14:05,991 - INFO - MainThread - Order: V3070100124
2026-07-01 10:14:05,991 - INFO - MainThread - Processing Excel Row 124
2026-07-01 10:14:05,992 - INFO - MainThread - Order: V3070100125
2026-07-01 10:14:05,992 - INFO - MainThread - Processing Excel Row 125
2026-07-01 10:14:05,993 - INFO - MainThread - Order: V3070100126
2026-07-01 10:14:05,993 - INFO - MainThread - Processing Excel Row 126
2026-07-01 10:14:05,994 - INFO - MainThread - Order: V3070100127
2026-07-01 10:14:05,994 - INFO - MainThread - Processing Excel Row 127
2026-07-01 10:14:05,995 - INFO - MainThread - Order: V3070100128
2026-07-01 10:14:05,995 - INFO - MainThread - Processing Excel Row 128
2026-07-01 10:14:05,996 - INFO - MainThread - Order: V3070100129
2026-07-01 10:14:05,996 - INFO - MainThread - Processing Excel Row 129
2026-07-01 10:14:05,997 - INFO - MainThread - Order: V3070100130
2026-07-01 10:14:05,997 - INFO - MainThread - Processing Excel Row 130
2026-07-01 10:14:05,998 - INFO - MainThread - Order: V3070100131
2026-07-01 10:14:05,998 - INFO - MainThread - Processing Excel Row 131
2026-07-01 10:14:05,999 - INFO - MainThread - Order: V3070100132
2026-07-01 10:14:05,999 - INFO - MainThread - Processing Excel Row 132
2026-07-01 10:14:06,000 - INFO - MainThread - Order: V3070100133
2026-07-01 10:14:06,000 - INFO - MainThread - Processing Excel Row 133
2026-07-01 10:14:06,001 - INFO - MainThread - Order: V3070100134
2026-07-01 10:14:06,001 - INFO - MainThread - Processing Excel Row 134
2026-07-01 10:14:06,002 - INFO - MainThread - Order: V3070100135
2026-07-01 10:14:06,002 - INFO - MainThread - Processing Excel Row 135
2026-07-01 10:14:06,003 - INFO - MainThread - Order: V3070100136
2026-07-01 10:14:06,003 - INFO - MainThread - Processing Excel Row 136
2026-07-01 10:14:06,004 - INFO - MainThread - Order: V3070100137
2026-07-01 10:14:06,004 - INFO - MainThread - Processing Excel Row 137
2026-07-01 10:14:06,005 - INFO - MainThread - Order: V3070100138
2026-07-01 10:14:06,005 - INFO - MainThread - Processing Excel Row 138
2026-07-01 10:14:06,006 - INFO - MainThread - Order: V3070100139
2026-07-01 10:14:06,006 - INFO - MainThread - Processing Excel Row 139
2026-07-01 10:14:06,007 - INFO - MainThread - Order: V3070100140
2026-07-01 10:14:06,008 - INFO - MainThread - Processing Excel Row 140
2026-07-01 10:14:06,009 - INFO - MainThread - Order: V3070100141
2026-07-01 10:14:06,009 - INFO - MainThread - Processing Excel Row 141
2026-07-01 10:14:06,010 - INFO - MainThread - Order: V3070100142
2026-07-01 10:14:06,010 - INFO - MainThread - Processing Excel Row 142
2026-07-01 10:14:06,011 - INFO - MainThread - Order: V3070100143
2026-07-01 10:14:06,011 - INFO - MainThread - Processing Excel Row 143
2026-07-01 10:14:06,012 - INFO - MainThread - Order: V3070100144
2026-07-01 10:14:06,012 - INFO - MainThread - Processing Excel Row 144
2026-07-01 10:14:06,013 - INFO - MainThread - Order: V3070100145
2026-07-01 10:14:06,014 - INFO - MainThread - Processing Excel Row 145
2026-07-01 10:14:06,015 - INFO - MainThread - Order: V3070100146
2026-07-01 10:14:06,016 - INFO - MainThread - Processing Excel Row 146
2026-07-01 10:14:06,017 - INFO - MainThread - Order: V3070100147
2026-07-01 10:14:06,017 - INFO - MainThread - Processing Excel Row 147
2026-07-01 10:14:06,018 - INFO - MainThread - Order: V3070100148
2026-07-01 10:14:06,018 - INFO - MainThread - Processing Excel Row 148
2026-07-01 10:14:06,019 - INFO - MainThread - Order: V3070100149
2026-07-01 10:14:06,019 - INFO - MainThread - Processing Excel Row 149
2026-07-01 10:14:06,020 - INFO - MainThread - Order: V3070100150
2026-07-01 10:14:06,020 - INFO - MainThread - Processing Excel Row 150
2026-07-01 10:14:06,021 - INFO - MainThread - Order: V3070100151
2026-07-01 10:14:06,021 - INFO - MainThread - Processing Excel Row 151
2026-07-01 10:14:06,022 - INFO - MainThread - Order: V3070100152
2026-07-01 10:14:06,022 - INFO - MainThread - Processing Excel Row 152
2026-07-01 10:14:06,024 - INFO - MainThread - Order: V3070100153
2026-07-01 10:14:06,024 - INFO - MainThread - Processing Excel Row 153
2026-07-01 10:14:06,025 - INFO - MainThread - Order: V3070100154
2026-07-01 10:14:06,025 - INFO - MainThread - Processing Excel Row 154
2026-07-01 10:14:06,026 - INFO - MainThread - Order: V3070100155
2026-07-01 10:14:06,026 - INFO - MainThread - Processing Excel Row 155
2026-07-01 10:14:06,027 - INFO - MainThread - Order: V3070100156
2026-07-01 10:14:06,027 - INFO - MainThread - Processing Excel Row 156
2026-07-01 10:14:06,028 - INFO - MainThread - Order: V3070100157
2026-07-01 10:14:06,028 - INFO - MainThread - Processing Excel Row 157
2026-07-01 10:14:06,029 - INFO - MainThread - Order: V3070100158
2026-07-01 10:14:06,030 - INFO - MainThread - Processing Excel Row 158
2026-07-01 10:14:06,031 - INFO - MainThread - Order: V3070100159
2026-07-01 10:14:06,031 - INFO - MainThread - Processing Excel Row 159
2026-07-01 10:14:06,032 - INFO - MainThread - Order: V3070100160
2026-07-01 10:14:06,032 - INFO - MainThread - Processing Excel Row 160
2026-07-01 10:14:06,033 - INFO - MainThread - Order: V3070100161
2026-07-01 10:14:06,033 - INFO - MainThread - Processing Excel Row 161
2026-07-01 10:14:06,034 - INFO - MainThread - Order: V3070100162
2026-07-01 10:14:06,034 - INFO - MainThread - Processing Excel Row 162
2026-07-01 10:14:06,035 - INFO - MainThread - Order: V3070100163
2026-07-01 10:14:06,035 - INFO - MainThread - Processing Excel Row 163
2026-07-01 10:14:06,036 - INFO - MainThread - Order: V3070100164
2026-07-01 10:14:06,036 - INFO - MainThread - Processing Excel Row 164
2026-07-01 10:14:06,037 - INFO - MainThread - Order: V3070100165
2026-07-01 10:14:06,037 - INFO - MainThread - Processing Excel Row 165
2026-07-01 10:14:06,038 - INFO - MainThread - Order: V3070100166
2026-07-01 10:14:06,039 - INFO - MainThread - Processing Excel Row 166
2026-07-01 10:14:06,040 - INFO - MainThread - Order: V3070100167
2026-07-01 10:14:06,040 - INFO - MainThread - Processing Excel Row 167
2026-07-01 10:14:06,041 - INFO - MainThread - Order: V3070100168
2026-07-01 10:14:06,041 - INFO - MainThread - Processing Excel Row 168
2026-07-01 10:14:06,042 - INFO - MainThread - Order: V3070100169
2026-07-01 10:14:06,043 - INFO - MainThread - Processing Excel Row 169
2026-07-01 10:14:06,044 - INFO - MainThread - Order: V3070100170
2026-07-01 10:14:06,044 - INFO - MainThread - Processing Excel Row 170
2026-07-01 10:14:06,045 - INFO - MainThread - Order: V3070100171
2026-07-01 10:14:06,045 - INFO - MainThread - Processing Excel Row 171
2026-07-01 10:14:06,046 - INFO - MainThread - Order: V3070100172
2026-07-01 10:14:06,046 - INFO - MainThread - Processing Excel Row 172
2026-07-01 10:14:06,047 - INFO - MainThread - Order: V3070100173
2026-07-01 10:14:06,047 - INFO - MainThread - Processing Excel Row 173
2026-07-01 10:14:06,048 - INFO - MainThread - Order: V3070100174
2026-07-01 10:14:06,048 - INFO - MainThread - Processing Excel Row 174
2026-07-01 10:14:06,050 - INFO - MainThread - Order: V3070100175
2026-07-01 10:14:06,050 - INFO - MainThread - Processing Excel Row 175
2026-07-01 10:14:06,051 - INFO - MainThread - Order: V3070100176
2026-07-01 10:14:06,051 - INFO - MainThread - Processing Excel Row 176
2026-07-01 10:14:06,052 - INFO - MainThread - Order: V3070100177
2026-07-01 10:14:06,053 - INFO - MainThread - Processing Excel Row 177
2026-07-01 10:14:06,055 - INFO - MainThread - Order: V3070100178
2026-07-01 10:14:06,055 - INFO - MainThread - Processing Excel Row 178
2026-07-01 10:14:06,058 - INFO - MainThread - Order: V3070100179
2026-07-01 10:14:06,058 - INFO - MainThread - Processing Excel Row 179
2026-07-01 10:14:06,061 - INFO - MainThread - Order: V3070100180
2026-07-01 10:14:06,062 - INFO - MainThread - Processing Excel Row 180
2026-07-01 10:14:06,064 - INFO - MainThread - Order: V3070100181
2026-07-01 10:14:06,064 - INFO - MainThread - Processing Excel Row 181
2026-07-01 10:14:06,068 - INFO - MainThread - Order: V3070100182
2026-07-01 10:14:06,068 - INFO - MainThread - Processing Excel Row 182
2026-07-01 10:14:06,069 - INFO - MainThread - Order: V3070100183
2026-07-01 10:14:06,070 - INFO - MainThread - Processing Excel Row 183
2026-07-01 10:14:06,071 - INFO - MainThread - Order: V3070100184
2026-07-01 10:14:06,071 - INFO - MainThread - Processing Excel Row 184
2026-07-01 10:14:06,072 - INFO - MainThread - Order: V3070100185
2026-07-01 10:14:06,072 - INFO - MainThread - Processing Excel Row 185
2026-07-01 10:14:06,072 - INFO - MainThread - Order: V3070100186
2026-07-01 10:14:06,073 - INFO - MainThread - Processing Excel Row 186
2026-07-01 10:14:06,074 - INFO - MainThread - Order: V3070100187
2026-07-01 10:14:06,074 - INFO - MainThread - Processing Excel Row 187
2026-07-01 10:14:06,075 - INFO - MainThread - Order: V3070100188
2026-07-01 10:14:06,075 - INFO - MainThread - Processing Excel Row 188
2026-07-01 10:14:06,076 - INFO - MainThread - Order: V3070100189
2026-07-01 10:14:06,076 - INFO - MainThread - Processing Excel Row 189
2026-07-01 10:14:06,077 - INFO - MainThread - Order: V3070100190
2026-07-01 10:14:06,077 - INFO - MainThread - Processing Excel Row 190
2026-07-01 10:14:06,078 - INFO - MainThread - Order: V3070100191
2026-07-01 10:14:06,078 - INFO - MainThread - Processing Excel Row 191
2026-07-01 10:14:06,079 - INFO - MainThread - Order: V3070100192
2026-07-01 10:14:06,079 - INFO - MainThread - Processing Excel Row 192
2026-07-01 10:14:06,080 - INFO - MainThread - Order: V3070100193
2026-07-01 10:14:06,081 - INFO - MainThread - Processing Excel Row 193
2026-07-01 10:14:06,082 - INFO - MainThread - Order: V3070100194
2026-07-01 10:14:06,082 - INFO - MainThread - Processing Excel Row 194
2026-07-01 10:14:06,083 - INFO - MainThread - Order: V3070100195
2026-07-01 10:14:06,083 - INFO - MainThread - Processing Excel Row 195
2026-07-01 10:14:06,086 - INFO - MainThread - Order: V3070100196
2026-07-01 10:14:06,086 - INFO - MainThread - Processing Excel Row 196
2026-07-01 10:14:06,088 - INFO - MainThread - Order: V3070100197
2026-07-01 10:14:06,088 - INFO - MainThread - Processing Excel Row 197
2026-07-01 10:14:06,089 - INFO - MainThread - Order: V3070100198
2026-07-01 10:14:06,089 - INFO - MainThread - Processing Excel Row 198
2026-07-01 10:14:06,090 - INFO - MainThread - Order: V3070100199
2026-07-01 10:14:06,090 - INFO - MainThread - Processing Excel Row 199
2026-07-01 10:14:06,093 - INFO - MainThread - Order: V3070100200
2026-07-01 10:14:06,093 - INFO - MainThread - Processing Excel Row 200
2026-07-01 10:14:06,094 - INFO - MainThread - Order: V3070100201
2026-07-01 10:14:06,094 - INFO - MainThread - Processing Excel Row 201
2026-07-01 10:14:06,095 - INFO - MainThread - Order: V3070100202
2026-07-01 10:14:06,095 - INFO - MainThread - Processing Excel Row 202
2026-07-01 10:14:06,096 - INFO - MainThread - Order: V3070100203
2026-07-01 10:14:06,096 - INFO - MainThread - Processing Excel Row 203
2026-07-01 10:14:06,097 - INFO - MainThread - Order: V3070100204
2026-07-01 10:14:06,097 - INFO - MainThread - Processing Excel Row 204
2026-07-01 10:14:06,098 - INFO - MainThread - Order: V3070100205
2026-07-01 10:14:06,099 - INFO - MainThread - Processing Excel Row 205
2026-07-01 10:14:06,100 - INFO - MainThread - Order: V3070100206
2026-07-01 10:14:06,100 - INFO - MainThread - Processing Excel Row 206
2026-07-01 10:14:06,101 - INFO - MainThread - Order: V3070100207
2026-07-01 10:14:06,101 - INFO - MainThread - Processing Excel Row 207
2026-07-01 10:14:06,102 - INFO - MainThread - Order: V3070100208
2026-07-01 10:14:06,102 - INFO - MainThread - Processing Excel Row 208
2026-07-01 10:14:06,103 - INFO - MainThread - Order: V3070100209
2026-07-01 10:14:06,103 - INFO - MainThread - Processing Excel Row 209
2026-07-01 10:14:06,104 - INFO - MainThread - Order: V3070100210
2026-07-01 10:14:06,104 - INFO - MainThread - Processing Excel Row 210
2026-07-01 10:14:06,105 - INFO - MainThread - Order: V3070100211
2026-07-01 10:14:06,105 - INFO - MainThread - Processing Excel Row 211
2026-07-01 10:14:06,106 - INFO - MainThread - Order: V3070100212
2026-07-01 10:14:06,106 - INFO - MainThread - Processing Excel Row 212
2026-07-01 10:14:06,108 - INFO - MainThread - Order: V3070100213
2026-07-01 10:14:06,108 - INFO - MainThread - Processing Excel Row 213
2026-07-01 10:14:06,110 - INFO - MainThread - Order: V3070100214
2026-07-01 10:14:06,110 - INFO - MainThread - Processing Excel Row 214
2026-07-01 10:14:06,111 - INFO - MainThread - Order: V3070100215
2026-07-01 10:14:06,111 - INFO - MainThread - Processing Excel Row 215
2026-07-01 10:14:06,112 - INFO - MainThread - Order: V3070100216
2026-07-01 10:14:06,112 - INFO - MainThread - Processing Excel Row 216
2026-07-01 10:14:06,113 - INFO - MainThread - Order: V3070100217
2026-07-01 10:14:06,113 - INFO - MainThread - Processing Excel Row 217
2026-07-01 10:14:06,114 - INFO - MainThread - Order: V3070100218
2026-07-01 10:14:06,114 - INFO - MainThread - Processing Excel Row 218
2026-07-01 10:14:06,116 - INFO - MainThread - Order: V3070100219
2026-07-01 10:14:06,116 - INFO - MainThread - Processing Excel Row 219
2026-07-01 10:14:06,118 - INFO - MainThread - Order: V3070100220
2026-07-01 10:14:06,118 - INFO - MainThread - Processing Excel Row 220
2026-07-01 10:14:06,121 - INFO - MainThread - Order: V3070100221
2026-07-01 10:14:06,121 - INFO - MainThread - Processing Excel Row 221
2026-07-01 10:14:06,123 - INFO - MainThread - Order: V3070100222
2026-07-01 10:14:06,123 - INFO - MainThread - Processing Excel Row 222
2026-07-01 10:14:06,124 - INFO - MainThread - Order: V3070100223
2026-07-01 10:14:06,124 - INFO - MainThread - Processing Excel Row 223
2026-07-01 10:14:06,125 - INFO - MainThread - Order: V3070100224
2026-07-01 10:14:06,126 - INFO - MainThread - Processing Excel Row 224
2026-07-01 10:14:06,126 - INFO - MainThread - Order: V3070100225
2026-07-01 10:14:06,126 - INFO - MainThread - Processing Excel Row 225
2026-07-01 10:14:06,127 - INFO - MainThread - Order: V3070100226
2026-07-01 10:14:06,127 - INFO - MainThread - Processing Excel Row 226
2026-07-01 10:14:06,128 - INFO - MainThread - Order: V3070100227
2026-07-01 10:14:06,128 - INFO - MainThread - Processing Excel Row 227
2026-07-01 10:14:06,129 - INFO - MainThread - Order: V3070100228
2026-07-01 10:14:06,129 - INFO - MainThread - Processing Excel Row 228
2026-07-01 10:14:06,130 - INFO - MainThread - Order: V3070100229
2026-07-01 10:14:06,130 - INFO - MainThread - Processing Excel Row 229
2026-07-01 10:14:06,131 - INFO - MainThread - Order: V3070100230
2026-07-01 10:14:06,131 - INFO - MainThread - Processing Excel Row 230
2026-07-01 10:14:06,132 - INFO - MainThread - Order: V3070100231
2026-07-01 10:14:06,132 - INFO - MainThread - Processing Excel Row 231
2026-07-01 10:14:06,133 - INFO - MainThread - Order: V3070100232
2026-07-01 10:14:06,133 - INFO - MainThread - Processing Excel Row 232
2026-07-01 10:14:06,134 - INFO - MainThread - Order: V3070100233
2026-07-01 10:14:06,134 - INFO - MainThread - Processing Excel Row 233
2026-07-01 10:14:06,135 - INFO - MainThread - Order: V3070100234
2026-07-01 10:14:06,135 - INFO - MainThread - Processing Excel Row 234
2026-07-01 10:14:06,136 - INFO - MainThread - Order: V3070100235
2026-07-01 10:14:06,136 - INFO - MainThread - Processing Excel Row 235
2026-07-01 10:14:06,137 - INFO - MainThread - Order: V3070100236
2026-07-01 10:14:06,137 - INFO - MainThread - Processing Excel Row 236
2026-07-01 10:14:06,138 - INFO - MainThread - Order: V3070100237
2026-07-01 10:14:06,138 - INFO - MainThread - Processing Excel Row 237
2026-07-01 10:14:06,138 - INFO - MainThread - Order: V3070100238
2026-07-01 10:14:06,138 - INFO - MainThread - Processing Excel Row 238
2026-07-01 10:14:06,139 - INFO - MainThread - Order: V3070100239
2026-07-01 10:14:06,139 - INFO - MainThread - Processing Excel Row 239
2026-07-01 10:14:06,140 - INFO - MainThread - Order: V3070100240
2026-07-01 10:14:06,141 - INFO - MainThread - Processing Excel Row 240
2026-07-01 10:14:06,141 - INFO - MainThread - Order: V3070100241
2026-07-01 10:14:06,142 - INFO - MainThread - Processing Excel Row 241
2026-07-01 10:14:06,142 - INFO - MainThread - Order: V3070100242
2026-07-01 10:14:06,142 - INFO - MainThread - Processing Excel Row 242
2026-07-01 10:14:06,143 - INFO - MainThread - Order: V3070100243
2026-07-01 10:14:06,143 - INFO - MainThread - Processing Excel Row 243
2026-07-01 10:14:06,144 - INFO - MainThread - Order: V3070100244
2026-07-01 10:14:06,144 - INFO - MainThread - Processing Excel Row 244
2026-07-01 10:14:06,145 - INFO - MainThread - Order: V3070100245
2026-07-01 10:14:06,145 - INFO - MainThread - Processing Excel Row 245
2026-07-01 10:14:06,146 - INFO - MainThread - Order: V3070100246
2026-07-01 10:14:06,146 - INFO - MainThread - Processing Excel Row 246
2026-07-01 10:14:06,146 - INFO - MainThread - Order: V3070100247
2026-07-01 10:14:06,146 - INFO - MainThread - Processing Excel Row 247
2026-07-01 10:14:06,147 - INFO - MainThread - Order: V3070100248
2026-07-01 10:14:06,147 - INFO - MainThread - Processing Excel Row 248
2026-07-01 10:14:06,148 - INFO - MainThread - Order: V3070100249
2026-07-01 10:14:06,148 - INFO - MainThread - Processing Excel Row 249
2026-07-01 10:14:06,149 - INFO - MainThread - Order: V3070100250
2026-07-01 10:14:06,149 - INFO - MainThread - Processing Excel Row 250
2026-07-01 10:14:06,149 - INFO - MainThread - Order: V3070100251
2026-07-01 10:14:06,150 - INFO - MainThread - Processing Excel Row 251
2026-07-01 10:14:06,150 - INFO - MainThread - Order: V3070100252
2026-07-01 10:14:06,150 - INFO - MainThread - Processing Excel Row 252
2026-07-01 10:14:06,151 - INFO - MainThread - Order: V3070100253
2026-07-01 10:14:06,151 - INFO - MainThread - Processing Excel Row 253
2026-07-01 10:14:06,152 - INFO - MainThread - Order: V3070100254
2026-07-01 10:14:06,152 - INFO - MainThread - Processing Excel Row 254
2026-07-01 10:14:06,153 - INFO - MainThread - Order: V3070100255
2026-07-01 10:14:06,153 - INFO - MainThread - Processing Excel Row 255
2026-07-01 10:14:06,153 - INFO - MainThread - Order: V3070100256
2026-07-01 10:14:06,256 - INFO - MainThread - Sheets found in '/Users/vgana3/Documents/GitHub/Nike/J30/Input_files/Outbound_Worksheet.xlsx': ['CreateOrder', 'Parent_Order', 'BackUp', 'TranLog', 'MHE_Journal', 'OriginalOrderInput', 'CreateShipment', 'MasterData', 'MasterInput', 'Shipment_ID', 'Item_info', 'B2B_SUB_HUB']
2026-07-01 10:14:06,414 - INFO - MainThread - Total payloads to send: 255
2026-07-01 10:14:06,414 - INFO - MainThread - Using 5 worker thread(s).
2026-07-01 10:14:07,157 - INFO - ThreadPoolExecutor-0_0 - [PROD] Sending payload 1/255 | Order Number: V3070100002
2026-07-01 10:14:07,157 - INFO - ThreadPoolExecutor-0_1 - [PROD] Sending payload 2/255 | Order Number: V3070100003
2026-07-01 10:14:07,157 - INFO - ThreadPoolExecutor-0_2 - [PROD] Sending payload 3/255 | Order Number: V3070100004
2026-07-01 10:14:07,158 - INFO - ThreadPoolExecutor-0_3 - [PROD] Sending payload 4/255 | Order Number: V3070100005
2026-07-01 10:14:07,159 - INFO - ThreadPoolExecutor-0_4 - [PROD] Sending payload 5/255 | Order Number: V3070100006
2026-07-01 10:14:12,125 - INFO - ThreadPoolExecutor-0_4 - [PROD] Payload 5/255 sent successfully. Status Code: 200
2026-07-01 10:14:12,126 - INFO - ThreadPoolExecutor-0_4 - [PROD] Sending payload 6/255 | Order Number: V3070100007
2026-07-01 10:14:12,157 - INFO - ThreadPoolExecutor-0_2 - [PROD] Payload 3/255 sent successfully. Status Code: 200
2026-07-01 10:14:12,157 - INFO - ThreadPoolExecutor-0_2 - [PROD] Sending payload 7/255 | Order Number: V3070100008
2026-07-01 10:14:12,160 - INFO - ThreadPoolExecutor-0_0 - [PROD] Payload 1/255 sent successfully. Status Code: 200
2026-07-01 10:14:12,161 - INFO - ThreadPoolExecutor-0_0 - [PROD] Sending payload 8/255 | Order Number: V3070100009
2026-07-01 10:14:12,163 - INFO - ThreadPoolExecutor-0_3 - [PROD] Payload 4/255 sent successfully. Status Code: 200
2026-07-01 10:14:12,164 - INFO - ThreadPoolExecutor-0_3 - [PROD] Sending payload 9/255 | Order Number: V3070100010
2026-07-01 10:14:12,807 - INFO - ThreadPoolExecutor-0_1 - [PROD] Payload 2/255 sent successfully. Status Code: 200
2026-07-01 10:14:12,808 - INFO - ThreadPoolExecutor-0_1 - [PROD] Sending payload 10/255 | Order Number: V3070100011
2026-07-01 10:14:13,770 - INFO - ThreadPoolExecutor-0_0 - [PROD] Payload 8/255 sent successfully. Status Code: 200
2026-07-01 10:14:13,771 - INFO - ThreadPoolExecutor-0_2 - [PROD] Payload 7/255 sent successfully. Status Code: 200
2026-07-01 10:14:13,771 - INFO - ThreadPoolExecutor-0_2 - [PROD] Sending payload 11/255 | Order Number: V3070100012
2026-07-01 10:14:13,772 - INFO - ThreadPoolExecutor-0_0 - [PROD] Sending payload 12/255 | Order Number: V3070100013
2026-07-01 10:14:15,209 - INFO - ThreadPoolExecutor-0_0 - [PROD] Payload 12/255 sent successfully. Status Code: 200
2026-07-01 10:14:15,210 - INFO - ThreadPoolExecutor-0_0 - [PROD] Sending payload 13/255 | Order Number: V3070100014
2026-07-01 10:14:15,302 - INFO - ThreadPoolExecutor-0_4 - [PROD] Payload 6/255 sent successfully. Status Code: 200
2026-07-01 10:14:15,304 - INFO - ThreadPoolExecutor-0_1 - [PROD] Payload 10/255 sent successfully. Status Code: 200
2026-07-01 10:14:15,304 - INFO - ThreadPoolExecutor-0_4 - [PROD] Sending payload 14/255 | Order Number: V3070100015
2026-07-01 10:14:15,305 - INFO - ThreadPoolExecutor-0_1 - [PROD] Sending payload 15/255 | Order Number: V3070100016
2026-07-01 10:14:15,963 - INFO - ThreadPoolExecutor-0_2 - [PROD] Payload 11/255 sent successfully. Status Code: 200
2026-07-01 10:14:15,965 - INFO - ThreadPoolExecutor-0_2 - [PROD] Sending payload 16/255 | Order Number: V3070100017
2026-07-01 10:14:15,971 - INFO - ThreadPoolExecutor-0_3 - [PROD] Payload 9/255 sent successfully. Status Code: 200
2026-07-01 10:14:15,971 - INFO - ThreadPoolExecutor-0_3 - [PROD] Sending payload 17/255 | Order Number: V3070100018
2026-07-01 10:14:16,598 - INFO - ThreadPoolExecutor-0_0 - [PROD] Payload 13/255 sent successfully. Status Code: 200
2026-07-01 10:14:16,600 - INFO - ThreadPoolExecutor-0_0 - [PROD] Sending payload 18/255 | Order Number: V3070100019
2026-07-01 10:14:17,402 - INFO - ThreadPoolExecutor-0_3 - [PROD] Payload 17/255 sent successfully. Status Code: 200
2026-07-01 10:14:17,403 - INFO - ThreadPoolExecutor-0_2 - [PROD] Payload 16/255 sent successfully. Status Code: 200
2026-07-01 10:14:17,405 - INFO - ThreadPoolExecutor-0_3 - [PROD] Sending payload 19/255 | Order Number: V3070100020
2026-07-01 10:14:17,405 - INFO - ThreadPoolExecutor-0_2 - [PROD] Sending payload 20/255 | Order Number: V3070100021
2026-07-01 10:14:17,409 - INFO - ThreadPoolExecutor-0_4 - [PROD] Payload 14/255 sent successfully. Status Code: 200
2026-07-01 10:14:17,410 - INFO - ThreadPoolExecutor-0_4 - [PROD] Sending payload 21/255 | Order Number: V3070100022
2026-07-01 10:14:17,988 - INFO - ThreadPoolExecutor-0_0 - [PROD] Payload 18/255 sent successfully. Status Code: 200
2026-07-01 10:14:17,989 - INFO - ThreadPoolExecutor-0_0 - [PROD] Sending payload 22/255 | Order Number: V3070100023
2026-07-01 10:14:18,008 - INFO - ThreadPoolExecutor-0_1 - [PROD] Payload 15/255 sent successfully. Status Code: 200
2026-07-01 10:14:18,009 - INFO - ThreadPoolExecutor-0_1 - [PROD] Sending payload 23/255 | Order Number: V3070100024
2026-07-01 10:14:18,813 - INFO - ThreadPoolExecutor-0_4 - [PROD] Payload 21/255 sent successfully. Status Code: 200
2026-07-01 10:14:18,813 - INFO - ThreadPoolExecutor-0_4 - [PROD] Sending payload 24/255 | Order Number: V3070100025
2026-07-01 10:14:19,003 - INFO - ThreadPoolExecutor-0_2 - [PROD] Payload 20/255 sent successfully. Status Code: 200
2026-07-01 10:14:19,005 - INFO - ThreadPoolExecutor-0_2 - [PROD] Sending payload 25/255 | Order Number: V3070100026
2026-07-01 10:14:19,374 - INFO - ThreadPoolExecutor-0_1 - [PROD] Payload 23/255 sent successfully. Status Code: 200
2026-07-01 10:14:19,375 - INFO - ThreadPoolExecutor-0_0 - [PROD] Payload 22/255 sent successfully. Status Code: 200
2026-07-01 10:14:19,377 - INFO - ThreadPoolExecutor-0_0 - [PROD] Sending payload 26/255 | Order Number: V3070100027
2026-07-01 10:14:19,378 - INFO - ThreadPoolExecutor-0_1 - [PROD] Sending payload 27/255 | Order Number: V3070100028
2026-07-01 10:14:20,388 - INFO - ThreadPoolExecutor-0_2 - [PROD] Payload 25/255 sent successfully. Status Code: 200
2026-07-01 10:14:20,394 - INFO - ThreadPoolExecutor-0_2 - [PROD] Sending payload 28/255 | Order Number: V3070100029
2026-07-01 10:14:20,711 - INFO - ThreadPoolExecutor-0_3 - [PROD] Payload 19/255 sent successfully. Status Code: 200
2026-07-01 10:14:20,712 - INFO - ThreadPoolExecutor-0_3 - [PROD] Sending payload 29/255 | Order Number: V3070100030
2026-07-01 10:14:20,727 - INFO - ThreadPoolExecutor-0_0 - [PROD] Payload 26/255 sent successfully. Status Code: 200
2026-07-01 10:14:20,728 - INFO - ThreadPoolExecutor-0_0 - [PROD] Sending payload 30/255 | Order Number: V3070100031
2026-07-01 10:14:20,964 - INFO - ThreadPoolExecutor-0_1 - [PROD] Payload 27/255 sent successfully. Status Code: 200
2026-07-01 10:14:20,964 - INFO - ThreadPoolExecutor-0_1 - [PROD] Sending payload 31/255 | Order Number: V3070100032
2026-07-01 10:14:21,788 - INFO - ThreadPoolExecutor-0_2 - [PROD] Payload 28/255 sent successfully. Status Code: 200
2026-07-01 10:14:21,788 - INFO - ThreadPoolExecutor-0_2 - [PROD] Sending payload 32/255 | Order Number: V3070100033
2026-07-01 10:14:22,090 - INFO - ThreadPoolExecutor-0_3 - [PROD] Payload 29/255 sent successfully. Status Code: 200
2026-07-01 10:14:22,094 - INFO - ThreadPoolExecutor-0_3 - [PROD] Sending payload 33/255 | Order Number: V3070100034
2026-07-01 10:14:22,276 - INFO - ThreadPoolExecutor-0_4 - [PROD] Payload 24/255 sent successfully. Status Code: 200
2026-07-01 10:14:22,278 - INFO - ThreadPoolExecutor-0_4 - [PROD] Sending payload 34/255 | Order Number: V3070100035
2026-07-01 10:14:22,332 - INFO - ThreadPoolExecutor-0_1 - [PROD] Payload 31/255 sent successfully. Status Code: 200
2026-07-01 10:14:22,332 - INFO - ThreadPoolExecutor-0_1 - [PROD] Sending payload 35/255 | Order Number: V3070100036
2026-07-01 10:14:22,738 - INFO - ThreadPoolExecutor-0_0 - [PROD] Payload 30/255 sent successfully. Status Code: 200
2026-07-01 10:14:22,741 - INFO - ThreadPoolExecutor-0_0 - [PROD] Sending payload 36/255 | Order Number: V3070100037
2026-07-01 10:14:23,160 - INFO - ThreadPoolExecutor-0_2 - [PROD] Payload 32/255 sent successfully. Status Code: 200
2026-07-01 10:14:23,161 - INFO - ThreadPoolExecutor-0_2 - [PROD] Sending payload 37/255 | Order Number: V3070100038
2026-07-01 10:14:23,453 - INFO - ThreadPoolExecutor-0_3 - [PROD] Payload 33/255 sent successfully. Status Code: 200
2026-07-01 10:14:23,453 - INFO - ThreadPoolExecutor-0_3 - [PROD] Sending payload 38/255 | Order Number: V3070100039
2026-07-01 10:14:23,625 - INFO - ThreadPoolExecutor-0_4 - [PROD] Payload 34/255 sent successfully. Status Code: 200
2026-07-01 10:14:23,626 - INFO - ThreadPoolExecutor-0_4 - [PROD] Sending payload 39/255 | Order Number: V3070100040
2026-07-01 10:14:23,758 - INFO - ThreadPoolExecutor-0_1 - [PROD] Payload 35/255 sent successfully. Status Code: 200
2026-07-01 10:14:23,759 - INFO - ThreadPoolExecutor-0_1 - [PROD] Sending payload 40/255 | Order Number: V3070100041
2026-07-01 10:14:24,108 - INFO - ThreadPoolExecutor-0_0 - [PROD] Payload 36/255 sent successfully. Status Code: 200
2026-07-01 10:14:24,109 - INFO - ThreadPoolExecutor-0_0 - [PROD] Sending payload 41/255 | Order Number: V3070100042
2026-07-01 10:14:24,830 - INFO - ThreadPoolExecutor-0_3 - [PROD] Payload 38/255 sent successfully. Status Code: 200
2026-07-01 10:14:24,831 - INFO - ThreadPoolExecutor-0_3 - [PROD] Sending payload 42/255 | Order Number: V3070100043
2026-07-01 10:14:24,954 - INFO - ThreadPoolExecutor-0_4 - [PROD] Payload 39/255 sent successfully. Status Code: 200
2026-07-01 10:14:24,956 - INFO - ThreadPoolExecutor-0_4 - [PROD] Sending payload 43/255 | Order Number: V3070100044
2026-07-01 10:14:25,144 - INFO - ThreadPoolExecutor-0_1 - [PROD] Payload 40/255 sent successfully. Status Code: 200
2026-07-01 10:14:25,145 - INFO - ThreadPoolExecutor-0_1 - [PROD] Sending payload 44/255 | Order Number: V3070100045
2026-07-01 10:14:25,203 - INFO - ThreadPoolExecutor-0_2 - [PROD] Payload 37/255 sent successfully. Status Code: 200
2026-07-01 10:14:25,205 - INFO - ThreadPoolExecutor-0_2 - [PROD] Sending payload 45/255 | Order Number: V3070100046
2026-07-01 10:14:25,512 - INFO - ThreadPoolExecutor-0_0 - [PROD] Payload 41/255 sent successfully. Status Code: 200
2026-07-01 10:14:25,512 - INFO - ThreadPoolExecutor-0_0 - [PROD] Sending payload 46/255 | Order Number: V3070100047
2026-07-01 10:14:26,223 - INFO - ThreadPoolExecutor-0_3 - [PROD] Payload 42/255 sent successfully. Status Code: 200
2026-07-01 10:14:26,225 - INFO - ThreadPoolExecutor-0_3 - [PROD] Sending payload 47/255 | Order Number: V3070100048
2026-07-01 10:14:26,298 - INFO - ThreadPoolExecutor-0_4 - [PROD] Payload 43/255 sent successfully. Status Code: 200
2026-07-01 10:14:26,300 - INFO - ThreadPoolExecutor-0_4 - [PROD] Sending payload 48/255 | Order Number: V3070100049
2026-07-01 10:14:26,514 - INFO - ThreadPoolExecutor-0_1 - [PROD] Payload 44/255 sent successfully. Status Code: 200
2026-07-01 10:14:26,515 - INFO - ThreadPoolExecutor-0_1 - [PROD] Sending payload 49/255 | Order Number: V3070100050
2026-07-01 10:14:26,596 - INFO - ThreadPoolExecutor-0_2 - [PROD] Payload 45/255 sent successfully. Status Code: 200
2026-07-01 10:14:26,597 - INFO - ThreadPoolExecutor-0_2 - [PROD] Sending payload 50/255 | Order Number: V3070100051
2026-07-01 10:14:26,848 - INFO - ThreadPoolExecutor-0_0 - [PROD] Payload 46/255 sent successfully. Status Code: 200
2026-07-01 10:14:26,849 - INFO - ThreadPoolExecutor-0_0 - [PROD] Sending payload 51/255 | Order Number: V3070100052
2026-07-01 10:14:27,602 - INFO - ThreadPoolExecutor-0_3 - [PROD] Payload 47/255 sent successfully. Status Code: 200
2026-07-01 10:14:27,603 - INFO - ThreadPoolExecutor-0_4 - [PROD] Payload 48/255 sent successfully. Status Code: 200
2026-07-01 10:14:27,604 - INFO - ThreadPoolExecutor-0_3 - [PROD] Sending payload 52/255 | Order Number: V3070100053
2026-07-01 10:14:27,607 - INFO - ThreadPoolExecutor-0_4 - [PROD] Sending payload 53/255 | Order Number: V3070100054
2026-07-01 10:14:27,886 - INFO - ThreadPoolExecutor-0_1 - [PROD] Payload 49/255 sent successfully. Status Code: 200
2026-07-01 10:14:27,887 - INFO - ThreadPoolExecutor-0_1 - [PROD] Sending payload 54/255 | Order Number: V3070100055
2026-07-01 10:14:27,991 - INFO - ThreadPoolExecutor-0_2 - [PROD] Payload 50/255 sent successfully. Status Code: 200
2026-07-01 10:14:27,993 - INFO - ThreadPoolExecutor-0_2 - [PROD] Sending payload 55/255 | Order Number: V3070100056
2026-07-01 10:14:28,278 - INFO - ThreadPoolExecutor-0_0 - [PROD] Payload 51/255 sent successfully. Status Code: 200
2026-07-01 10:14:28,279 - INFO - ThreadPoolExecutor-0_0 - [PROD] Sending payload 56/255 | Order Number: V3070100057
2026-07-01 10:14:29,033 - INFO - ThreadPoolExecutor-0_3 - [PROD] Payload 52/255 sent successfully. Status Code: 200
2026-07-01 10:14:29,037 - INFO - ThreadPoolExecutor-0_3 - [PROD] Sending payload 57/255 | Order Number: V3070100058
2026-07-01 10:14:29,181 - INFO - ThreadPoolExecutor-0_4 - [PROD] Payload 53/255 sent successfully. Status Code: 200
2026-07-01 10:14:29,181 - INFO - ThreadPoolExecutor-0_4 - [PROD] Sending payload 58/255 | Order Number: V3070100059
2026-07-01 10:14:29,270 - INFO - ThreadPoolExecutor-0_1 - [PROD] Payload 54/255 sent successfully. Status Code: 200
2026-07-01 10:14:29,271 - INFO - ThreadPoolExecutor-0_1 - [PROD] Sending payload 59/255 | Order Number: V3070100060
2026-07-01 10:14:29,439 - INFO - ThreadPoolExecutor-0_2 - [PROD] Payload 55/255 sent successfully. Status Code: 200
2026-07-01 10:14:29,440 - INFO - ThreadPoolExecutor-0_2 - [PROD] Sending payload 60/255 | Order Number: V3070100061
2026-07-01 10:14:29,651 - INFO - ThreadPoolExecutor-0_0 - [PROD] Payload 56/255 sent successfully. Status Code: 200
2026-07-01 10:14:29,652 - INFO - ThreadPoolExecutor-0_0 - [PROD] Sending payload 61/255 | Order Number: V3070100062
2026-07-01 10:14:30,397 - INFO - ThreadPoolExecutor-0_3 - [PROD] Payload 57/255 sent successfully. Status Code: 200
2026-07-01 10:14:30,398 - INFO - ThreadPoolExecutor-0_3 - [PROD] Sending payload 62/255 | Order Number: V3070100063
2026-07-01 10:14:30,583 - INFO - ThreadPoolExecutor-0_4 - [PROD] Payload 58/255 sent successfully. Status Code: 200
2026-07-01 10:14:30,584 - INFO - ThreadPoolExecutor-0_4 - [PROD] Sending payload 63/255 | Order Number: V3070100064
2026-07-01 10:14:30,629 - INFO - ThreadPoolExecutor-0_1 - [PROD] Payload 59/255 sent successfully. Status Code: 200
2026-07-01 10:14:30,629 - INFO - ThreadPoolExecutor-0_1 - [PROD] Sending payload 64/255 | Order Number: V3070100065
2026-07-01 10:14:30,824 - INFO - ThreadPoolExecutor-0_2 - [PROD] Payload 60/255 sent successfully. Status Code: 200
2026-07-01 10:14:30,826 - INFO - ThreadPoolExecutor-0_2 - [PROD] Sending payload 65/255 | Order Number: V3070100066
2026-07-01 10:14:30,993 - INFO - ThreadPoolExecutor-0_0 - [PROD] Payload 61/255 sent successfully. Status Code: 200
2026-07-01 10:14:30,995 - INFO - ThreadPoolExecutor-0_0 - [PROD] Sending payload 66/255 | Order Number: V3070100067
2026-07-01 10:14:31,792 - INFO - ThreadPoolExecutor-0_3 - [PROD] Payload 62/255 sent successfully. Status Code: 200
2026-07-01 10:14:31,794 - INFO - ThreadPoolExecutor-0_3 - [PROD] Sending payload 67/255 | Order Number: V3070100068
2026-07-01 10:14:31,941 - INFO - ThreadPoolExecutor-0_4 - [PROD] Payload 63/255 sent successfully. Status Code: 200
2026-07-01 10:14:31,943 - INFO - ThreadPoolExecutor-0_4 - [PROD] Sending payload 68/255 | Order Number: V3070100069
2026-07-01 10:14:32,003 - INFO - ThreadPoolExecutor-0_1 - [PROD] Payload 64/255 sent successfully. Status Code: 200
2026-07-01 10:14:32,003 - INFO - ThreadPoolExecutor-0_1 - [PROD] Sending payload 69/255 | Order Number: V3070100070
2026-07-01 10:14:32,197 - INFO - ThreadPoolExecutor-0_2 - [PROD] Payload 65/255 sent successfully. Status Code: 200
2026-07-01 10:14:32,199 - INFO - ThreadPoolExecutor-0_2 - [PROD] Sending payload 70/255 | Order Number: V3070100071
2026-07-01 10:14:32,370 - INFO - ThreadPoolExecutor-0_0 - [PROD] Payload 66/255 sent successfully. Status Code: 200
2026-07-01 10:14:32,372 - INFO - ThreadPoolExecutor-0_0 - [PROD] Sending payload 71/255 | Order Number: V3070100072
2026-07-01 10:14:33,150 - INFO - ThreadPoolExecutor-0_3 - [PROD] Payload 67/255 sent successfully. Status Code: 200
2026-07-01 10:14:33,152 - INFO - ThreadPoolExecutor-0_3 - [PROD] Sending payload 72/255 | Order Number: V3070100073
2026-07-01 10:14:33,286 - INFO - ThreadPoolExecutor-0_4 - [PROD] Payload 68/255 sent successfully. Status Code: 200
2026-07-01 10:14:33,288 - INFO - ThreadPoolExecutor-0_4 - [PROD] Sending payload 73/255 | Order Number: V3070100074
2026-07-01 10:14:33,397 - INFO - ThreadPoolExecutor-0_1 - [PROD] Payload 69/255 sent successfully. Status Code: 200
2026-07-01 10:14:33,397 - INFO - ThreadPoolExecutor-0_1 - [PROD] Sending payload 74/255 | Order Number: V3070100075
2026-07-01 10:14:33,573 - INFO - ThreadPoolExecutor-0_2 - [PROD] Payload 70/255 sent successfully. Status Code: 200
2026-07-01 10:14:33,576 - INFO - ThreadPoolExecutor-0_2 - [PROD] Sending payload 75/255 | Order Number: V3070100076
2026-07-01 10:14:33,721 - INFO - ThreadPoolExecutor-0_0 - [PROD] Payload 71/255 sent successfully. Status Code: 200
2026-07-01 10:14:33,724 - INFO - ThreadPoolExecutor-0_0 - [PROD] Sending payload 76/255 | Order Number: V3070100077
2026-07-01 10:14:34,531 - INFO - ThreadPoolExecutor-0_3 - [PROD] Payload 72/255 sent successfully. Status Code: 200
2026-07-01 10:14:34,533 - INFO - ThreadPoolExecutor-0_3 - [PROD] Sending payload 77/255 | Order Number: V3070100078
2026-07-01 10:14:34,646 - INFO - ThreadPoolExecutor-0_4 - [PROD] Payload 73/255 sent successfully. Status Code: 200
2026-07-01 10:14:34,648 - INFO - ThreadPoolExecutor-0_4 - [PROD] Sending payload 78/255 | Order Number: V3070100079
2026-07-01 10:14:34,743 - INFO - ThreadPoolExecutor-0_1 - [PROD] Payload 74/255 sent successfully. Status Code: 200
2026-07-01 10:14:34,744 - INFO - ThreadPoolExecutor-0_1 - [PROD] Sending payload 79/255 | Order Number: V3070100080
2026-07-01 10:14:34,955 - INFO - ThreadPoolExecutor-0_2 - [PROD] Payload 75/255 sent successfully. Status Code: 200
2026-07-01 10:14:34,955 - INFO - ThreadPoolExecutor-0_2 - [PROD] Sending payload 80/255 | Order Number: V3070100081
2026-07-01 10:14:35,125 - INFO - ThreadPoolExecutor-0_0 - [PROD] Payload 76/255 sent successfully. Status Code: 200
2026-07-01 10:14:35,126 - INFO - ThreadPoolExecutor-0_0 - [PROD] Sending payload 81/255 | Order Number: V3070100082
2026-07-01 10:14:35,884 - INFO - ThreadPoolExecutor-0_3 - [PROD] Payload 77/255 sent successfully. Status Code: 200
2026-07-01 10:14:35,885 - INFO - ThreadPoolExecutor-0_3 - [PROD] Sending payload 82/255 | Order Number: V3070100083
2026-07-01 10:14:36,012 - INFO - ThreadPoolExecutor-0_4 - [PROD] Payload 78/255 sent successfully. Status Code: 200
2026-07-01 10:14:36,016 - INFO - ThreadPoolExecutor-0_4 - [PROD] Sending payload 83/255 | Order Number: V3070100084
2026-07-01 10:14:36,077 - INFO - ThreadPoolExecutor-0_1 - [PROD] Payload 79/255 sent successfully. Status Code: 200
2026-07-01 10:14:36,079 - INFO - ThreadPoolExecutor-0_1 - [PROD] Sending payload 84/255 | Order Number: V3070100085
2026-07-01 10:14:36,332 - INFO - ThreadPoolExecutor-0_2 - [PROD] Payload 80/255 sent successfully. Status Code: 200
2026-07-01 10:14:36,340 - INFO - ThreadPoolExecutor-0_2 - [PROD] Sending payload 85/255 | Order Number: V3070100086
2026-07-01 10:14:36,472 - INFO - ThreadPoolExecutor-0_0 - [PROD] Payload 81/255 sent successfully. Status Code: 200
2026-07-01 10:14:36,474 - INFO - ThreadPoolExecutor-0_0 - [PROD] Sending payload 86/255 | Order Number: V3070100087
2026-07-01 10:14:37,324 - INFO - ThreadPoolExecutor-0_3 - [PROD] Payload 82/255 sent successfully. Status Code: 200
2026-07-01 10:14:37,326 - INFO - ThreadPoolExecutor-0_3 - [PROD] Sending payload 87/255 | Order Number: V3070100088
2026-07-01 10:14:37,432 - INFO - ThreadPoolExecutor-0_4 - [PROD] Payload 83/255 sent successfully. Status Code: 200
2026-07-01 10:14:37,432 - INFO - ThreadPoolExecutor-0_4 - [PROD] Sending payload 88/255 | Order Number: V3070100089
2026-07-01 10:14:37,473 - INFO - ThreadPoolExecutor-0_1 - [PROD] Payload 84/255 sent successfully. Status Code: 200
2026-07-01 10:14:37,474 - INFO - ThreadPoolExecutor-0_1 - [PROD] Sending payload 89/255 | Order Number: V3070100090
2026-07-01 10:14:37,731 - INFO - ThreadPoolExecutor-0_2 - [PROD] Payload 85/255 sent successfully. Status Code: 200
2026-07-01 10:14:37,732 - INFO - ThreadPoolExecutor-0_2 - [PROD] Sending payload 90/255 | Order Number: V3070100091
2026-07-01 10:14:37,862 - INFO - ThreadPoolExecutor-0_0 - [PROD] Payload 86/255 sent successfully. Status Code: 200
2026-07-01 10:14:37,864 - INFO - ThreadPoolExecutor-0_0 - [PROD] Sending payload 91/255 | Order Number: V3070100092
2026-07-01 10:14:38,757 - INFO - ThreadPoolExecutor-0_3 - [PROD] Payload 87/255 sent successfully. Status Code: 200
2026-07-01 10:14:38,759 - INFO - ThreadPoolExecutor-0_3 - [PROD] Sending payload 92/255 | Order Number: V3070100093
2026-07-01 10:14:38,807 - INFO - ThreadPoolExecutor-0_1 - [PROD] Payload 89/255 sent successfully. Status Code: 200
2026-07-01 10:14:38,809 - INFO - ThreadPoolExecutor-0_1 - [PROD] Sending payload 93/255 | Order Number: V3070100094
2026-07-01 10:14:38,850 - INFO - ThreadPoolExecutor-0_4 - [PROD] Payload 88/255 sent successfully. Status Code: 200
2026-07-01 10:14:38,851 - INFO - ThreadPoolExecutor-0_4 - [PROD] Sending payload 94/255 | Order Number: V3070100095
2026-07-01 10:14:39,199 - INFO - ThreadPoolExecutor-0_2 - [PROD] Payload 90/255 sent successfully. Status Code: 200
2026-07-01 10:14:39,201 - INFO - ThreadPoolExecutor-0_2 - [PROD] Sending payload 95/255 | Order Number: V3070100096
2026-07-01 10:14:39,234 - INFO - ThreadPoolExecutor-0_0 - [PROD] Payload 91/255 sent successfully. Status Code: 200
2026-07-01 10:14:39,235 - INFO - ThreadPoolExecutor-0_0 - [PROD] Sending payload 96/255 | Order Number: V3070100097
2026-07-01 10:14:40,161 - INFO - ThreadPoolExecutor-0_3 - [PROD] Payload 92/255 sent successfully. Status Code: 200
2026-07-01 10:14:40,165 - INFO - ThreadPoolExecutor-0_3 - [PROD] Sending payload 97/255 | Order Number: V3070100098
2026-07-01 10:14:40,206 - INFO - ThreadPoolExecutor-0_1 - [PROD] Payload 93/255 sent successfully. Status Code: 200
2026-07-01 10:14:40,208 - INFO - ThreadPoolExecutor-0_1 - [PROD] Sending payload 98/255 | Order Number: V3070100099
2026-07-01 10:14:40,461 - INFO - ThreadPoolExecutor-0_4 - [PROD] Payload 94/255 sent successfully. Status Code: 200
2026-07-01 10:14:40,462 - INFO - ThreadPoolExecutor-0_4 - [PROD] Sending payload 99/255 | Order Number: V3070100100
2026-07-01 10:14:40,583 - INFO - ThreadPoolExecutor-0_2 - [PROD] Payload 95/255 sent successfully. Status Code: 200
2026-07-01 10:14:40,585 - INFO - ThreadPoolExecutor-0_2 - [PROD] Sending payload 100/255 | Order Number: V3070100101
2026-07-01 10:14:40,617 - INFO - ThreadPoolExecutor-0_0 - [PROD] Payload 96/255 sent successfully. Status Code: 200
2026-07-01 10:14:40,618 - INFO - ThreadPoolExecutor-0_0 - [PROD] Sending payload 101/255 | Order Number: V3070100102
2026-07-01 10:14:41,591 - INFO - ThreadPoolExecutor-0_3 - [PROD] Payload 97/255 sent successfully. Status Code: 200
2026-07-01 10:14:41,593 - INFO - ThreadPoolExecutor-0_3 - [PROD] Sending payload 102/255 | Order Number: V3070100103
2026-07-01 10:14:41,598 - INFO - ThreadPoolExecutor-0_1 - [PROD] Payload 98/255 sent successfully. Status Code: 200
2026-07-01 10:14:41,598 - INFO - ThreadPoolExecutor-0_1 - [PROD] Sending payload 103/255 | Order Number: V3070100104
2026-07-01 10:14:41,853 - INFO - ThreadPoolExecutor-0_4 - [PROD] Payload 99/255 sent successfully. Status Code: 200
2026-07-01 10:14:41,854 - INFO - ThreadPoolExecutor-0_4 - [PROD] Sending payload 104/255 | Order Number: V3070100105
2026-07-01 10:14:41,989 - INFO - ThreadPoolExecutor-0_0 - [PROD] Payload 101/255 sent successfully. Status Code: 200
2026-07-01 10:14:41,992 - INFO - ThreadPoolExecutor-0_0 - [PROD] Sending payload 105/255 | Order Number: V3070100106
2026-07-01 10:14:42,048 - INFO - ThreadPoolExecutor-0_2 - [PROD] Payload 100/255 sent successfully. Status Code: 200
2026-07-01 10:14:42,050 - INFO - ThreadPoolExecutor-0_2 - [PROD] Sending payload 106/255 | Order Number: V3070100107
2026-07-01 10:14:42,954 - INFO - ThreadPoolExecutor-0_3 - [PROD] Payload 102/255 sent successfully. Status Code: 200
2026-07-01 10:14:42,955 - INFO - ThreadPoolExecutor-0_3 - [PROD] Sending payload 107/255 | Order Number: V3070100108
2026-07-01 10:14:42,982 - INFO - ThreadPoolExecutor-0_1 - [PROD] Payload 103/255 sent successfully. Status Code: 200
2026-07-01 10:14:42,983 - INFO - ThreadPoolExecutor-0_1 - [PROD] Sending payload 108/255 | Order Number: V3070100109
2026-07-01 10:14:43,232 - INFO - ThreadPoolExecutor-0_4 - [PROD] Payload 104/255 sent successfully. Status Code: 200
2026-07-01 10:14:43,233 - INFO - ThreadPoolExecutor-0_4 - [PROD] Sending payload 109/255 | Order Number: V3070100110
2026-07-01 10:14:43,340 - INFO - ThreadPoolExecutor-0_0 - [PROD] Payload 105/255 sent successfully. Status Code: 200
2026-07-01 10:14:43,341 - INFO - ThreadPoolExecutor-0_0 - [PROD] Sending payload 110/255 | Order Number: V3070100111
2026-07-01 10:14:43,435 - INFO - ThreadPoolExecutor-0_2 - [PROD] Payload 106/255 sent successfully. Status Code: 200
2026-07-01 10:14:43,436 - INFO - ThreadPoolExecutor-0_2 - [PROD] Sending payload 111/255 | Order Number: V3070100112
2026-07-01 10:14:44,367 - INFO - ThreadPoolExecutor-0_1 - [PROD] Payload 108/255 sent successfully. Status Code: 200
2026-07-01 10:14:44,369 - INFO - ThreadPoolExecutor-0_1 - [PROD] Sending payload 112/255 | Order Number: V3070100113
2026-07-01 10:14:44,426 - INFO - ThreadPoolExecutor-0_3 - [PROD] Payload 107/255 sent successfully. Status Code: 200
2026-07-01 10:14:44,427 - INFO - ThreadPoolExecutor-0_3 - [PROD] Sending payload 113/255 | Order Number: V3070100114
2026-07-01 10:14:44,591 - INFO - ThreadPoolExecutor-0_4 - [PROD] Payload 109/255 sent successfully. Status Code: 200
2026-07-01 10:14:44,592 - INFO - ThreadPoolExecutor-0_4 - [PROD] Sending payload 114/255 | Order Number: V3070100115
2026-07-01 10:14:44,721 - INFO - ThreadPoolExecutor-0_0 - [PROD] Payload 110/255 sent successfully. Status Code: 200
2026-07-01 10:14:44,722 - INFO - ThreadPoolExecutor-0_0 - [PROD] Sending payload 115/255 | Order Number: V3070100116
2026-07-01 10:14:44,804 - INFO - ThreadPoolExecutor-0_2 - [PROD] Payload 111/255 sent successfully. Status Code: 200
2026-07-01 10:14:44,805 - INFO - ThreadPoolExecutor-0_2 - [PROD] Sending payload 116/255 | Order Number: V3070100117
2026-07-01 10:14:45,768 - INFO - ThreadPoolExecutor-0_3 - [PROD] Payload 113/255 sent successfully. Status Code: 200
2026-07-01 10:14:45,772 - INFO - ThreadPoolExecutor-0_3 - [PROD] Sending payload 117/255 | Order Number: V3070100118
2026-07-01 10:14:45,793 - INFO - ThreadPoolExecutor-0_1 - [PROD] Payload 112/255 sent successfully. Status Code: 200
2026-07-01 10:14:45,794 - INFO - ThreadPoolExecutor-0_1 - [PROD] Sending payload 118/255 | Order Number: V3070100119
2026-07-01 10:14:45,965 - INFO - ThreadPoolExecutor-0_4 - [PROD] Payload 114/255 sent successfully. Status Code: 200
2026-07-01 10:14:45,966 - INFO - ThreadPoolExecutor-0_4 - [PROD] Sending payload 119/255 | Order Number: V3070100120
2026-07-01 10:14:46,068 - INFO - ThreadPoolExecutor-0_0 - [PROD] Payload 115/255 sent successfully. Status Code: 200
2026-07-01 10:14:46,069 - INFO - ThreadPoolExecutor-0_0 - [PROD] Sending payload 120/255 | Order Number: V3070100121
2026-07-01 10:14:46,199 - INFO - ThreadPoolExecutor-0_2 - [PROD] Payload 116/255 sent successfully. Status Code: 200
2026-07-01 10:14:46,201 - INFO - ThreadPoolExecutor-0_2 - [PROD] Sending payload 121/255 | Order Number: V3070100122
2026-07-01 10:14:47,186 - INFO - ThreadPoolExecutor-0_1 - [PROD] Payload 118/255 sent successfully. Status Code: 200
2026-07-01 10:14:47,188 - INFO - ThreadPoolExecutor-0_1 - [PROD] Sending payload 122/255 | Order Number: V3070100123
2026-07-01 10:14:47,190 - INFO - ThreadPoolExecutor-0_3 - [PROD] Payload 117/255 sent successfully. Status Code: 200
2026-07-01 10:14:47,191 - INFO - ThreadPoolExecutor-0_3 - [PROD] Sending payload 123/255 | Order Number: V3070100124
2026-07-01 10:14:47,385 - INFO - ThreadPoolExecutor-0_4 - [PROD] Payload 119/255 sent successfully. Status Code: 200
2026-07-01 10:14:47,385 - INFO - ThreadPoolExecutor-0_4 - [PROD] Sending payload 124/255 | Order Number: V3070100125
2026-07-01 10:14:47,502 - INFO - ThreadPoolExecutor-0_0 - [PROD] Payload 120/255 sent successfully. Status Code: 200
2026-07-01 10:14:47,503 - INFO - ThreadPoolExecutor-0_0 - [PROD] Sending payload 125/255 | Order Number: V3070100126
2026-07-01 10:14:47,561 - INFO - ThreadPoolExecutor-0_2 - [PROD] Payload 121/255 sent successfully. Status Code: 200
2026-07-01 10:14:47,563 - INFO - ThreadPoolExecutor-0_2 - [PROD] Sending payload 126/255 | Order Number: V3070100127
2026-07-01 10:14:48,558 - INFO - ThreadPoolExecutor-0_1 - [PROD] Payload 122/255 sent successfully. Status Code: 200
2026-07-01 10:14:48,560 - INFO - ThreadPoolExecutor-0_1 - [PROD] Sending payload 127/255 | Order Number: V3070100128
2026-07-01 10:14:48,592 - INFO - ThreadPoolExecutor-0_3 - [PROD] Payload 123/255 sent successfully. Status Code: 200
2026-07-01 10:14:48,593 - INFO - ThreadPoolExecutor-0_3 - [PROD] Sending payload 128/255 | Order Number: V3070100129
2026-07-01 10:14:48,737 - INFO - ThreadPoolExecutor-0_4 - [PROD] Payload 124/255 sent successfully. Status Code: 200
2026-07-01 10:14:48,739 - INFO - ThreadPoolExecutor-0_4 - [PROD] Sending payload 129/255 | Order Number: V3070100130
2026-07-01 10:14:48,874 - INFO - ThreadPoolExecutor-0_0 - [PROD] Payload 125/255 sent successfully. Status Code: 200
2026-07-01 10:14:48,874 - INFO - ThreadPoolExecutor-0_0 - [PROD] Sending payload 130/255 | Order Number: V3070100131
2026-07-01 10:14:48,909 - INFO - ThreadPoolExecutor-0_2 - [PROD] Payload 126/255 sent successfully. Status Code: 200
2026-07-01 10:14:48,909 - INFO - ThreadPoolExecutor-0_2 - [PROD] Sending payload 131/255 | Order Number: V3070100132
2026-07-01 10:14:50,019 - INFO - ThreadPoolExecutor-0_1 - [PROD] Payload 127/255 sent successfully. Status Code: 200
2026-07-01 10:14:50,020 - INFO - ThreadPoolExecutor-0_1 - [PROD] Sending payload 132/255 | Order Number: V3070100133
2026-07-01 10:14:50,132 - INFO - ThreadPoolExecutor-0_4 - [PROD] Payload 129/255 sent successfully. Status Code: 200
2026-07-01 10:14:50,133 - INFO - ThreadPoolExecutor-0_4 - [PROD] Sending payload 133/255 | Order Number: V3070100134
2026-07-01 10:14:50,173 - INFO - ThreadPoolExecutor-0_3 - [PROD] Payload 128/255 sent successfully. Status Code: 200
2026-07-01 10:14:50,175 - INFO - ThreadPoolExecutor-0_3 - [PROD] Sending payload 134/255 | Order Number: V3070100135
2026-07-01 10:14:50,223 - INFO - ThreadPoolExecutor-0_0 - [PROD] Payload 130/255 sent successfully. Status Code: 200
2026-07-01 10:14:50,223 - INFO - ThreadPoolExecutor-0_0 - [PROD] Sending payload 135/255 | Order Number: V3070100136
2026-07-01 10:14:50,295 - INFO - ThreadPoolExecutor-0_2 - [PROD] Payload 131/255 sent successfully. Status Code: 200
2026-07-01 10:14:50,296 - INFO - ThreadPoolExecutor-0_2 - [PROD] Sending payload 136/255 | Order Number: V3070100137
2026-07-01 10:14:51,428 - INFO - ThreadPoolExecutor-0_1 - [PROD] Payload 132/255 sent successfully. Status Code: 200
2026-07-01 10:14:51,430 - INFO - ThreadPoolExecutor-0_1 - [PROD] Sending payload 137/255 | Order Number: V3070100138
2026-07-01 10:14:51,481 - INFO - ThreadPoolExecutor-0_4 - [PROD] Payload 133/255 sent successfully. Status Code: 200
2026-07-01 10:14:51,483 - INFO - ThreadPoolExecutor-0_4 - [PROD] Sending payload 138/255 | Order Number: V3070100139
2026-07-01 10:14:51,593 - INFO - ThreadPoolExecutor-0_0 - [PROD] Payload 135/255 sent successfully. Status Code: 200
2026-07-01 10:14:51,596 - INFO - ThreadPoolExecutor-0_0 - [PROD] Sending payload 139/255 | Order Number: V3070100140
2026-07-01 10:14:51,600 - INFO - ThreadPoolExecutor-0_3 - [PROD] Payload 134/255 sent successfully. Status Code: 200
2026-07-01 10:14:51,601 - INFO - ThreadPoolExecutor-0_3 - [PROD] Sending payload 140/255 | Order Number: V3070100141
2026-07-01 10:14:51,782 - INFO - ThreadPoolExecutor-0_2 - [PROD] Payload 136/255 sent successfully. Status Code: 200
2026-07-01 10:14:51,783 - INFO - ThreadPoolExecutor-0_2 - [PROD] Sending payload 141/255 | Order Number: V3070100142
2026-07-01 10:14:52,789 - INFO - ThreadPoolExecutor-0_1 - [PROD] Payload 137/255 sent successfully. Status Code: 200
2026-07-01 10:14:52,791 - INFO - ThreadPoolExecutor-0_1 - [PROD] Sending payload 142/255 | Order Number: V3070100143
2026-07-01 10:14:52,883 - INFO - ThreadPoolExecutor-0_4 - [PROD] Payload 138/255 sent successfully. Status Code: 200
2026-07-01 10:14:52,884 - INFO - ThreadPoolExecutor-0_4 - [PROD] Sending payload 143/255 | Order Number: V3070100144
2026-07-01 10:14:52,952 - INFO - ThreadPoolExecutor-0_3 - [PROD] Payload 140/255 sent successfully. Status Code: 200
2026-07-01 10:14:52,954 - INFO - ThreadPoolExecutor-0_3 - [PROD] Sending payload 144/255 | Order Number: V3070100145
2026-07-01 10:14:52,962 - INFO - ThreadPoolExecutor-0_0 - [PROD] Payload 139/255 sent successfully. Status Code: 200
2026-07-01 10:14:52,966 - INFO - ThreadPoolExecutor-0_0 - [PROD] Sending payload 145/255 | Order Number: V3070100146
2026-07-01 10:14:53,143 - INFO - ThreadPoolExecutor-0_2 - [PROD] Payload 141/255 sent successfully. Status Code: 200
2026-07-01 10:14:53,144 - INFO - ThreadPoolExecutor-0_2 - [PROD] Sending payload 146/255 | Order Number: V3070100147
2026-07-01 10:14:54,182 - INFO - ThreadPoolExecutor-0_1 - [PROD] Payload 142/255 sent successfully. Status Code: 200
2026-07-01 10:14:54,184 - INFO - ThreadPoolExecutor-0_1 - [PROD] Sending payload 147/255 | Order Number: V3070100148
2026-07-01 10:14:54,219 - INFO - ThreadPoolExecutor-0_4 - [PROD] Payload 143/255 sent successfully. Status Code: 200
2026-07-01 10:14:54,220 - INFO - ThreadPoolExecutor-0_4 - [PROD] Sending payload 148/255 | Order Number: V3070100149
2026-07-01 10:14:54,331 - INFO - ThreadPoolExecutor-0_3 - [PROD] Payload 144/255 sent successfully. Status Code: 200
2026-07-01 10:14:54,333 - INFO - ThreadPoolExecutor-0_3 - [PROD] Sending payload 149/255 | Order Number: V3070100150
2026-07-01 10:14:54,407 - INFO - ThreadPoolExecutor-0_0 - [PROD] Payload 145/255 sent successfully. Status Code: 200
2026-07-01 10:14:54,407 - INFO - ThreadPoolExecutor-0_0 - [PROD] Sending payload 150/255 | Order Number: V3070100151
2026-07-01 10:14:54,539 - INFO - ThreadPoolExecutor-0_2 - [PROD] Payload 146/255 sent successfully. Status Code: 200
2026-07-01 10:14:54,539 - INFO - ThreadPoolExecutor-0_2 - [PROD] Sending payload 151/255 | Order Number: V3070100152
2026-07-01 10:14:55,555 - INFO - ThreadPoolExecutor-0_1 - [PROD] Payload 147/255 sent successfully. Status Code: 200
2026-07-01 10:14:55,556 - INFO - ThreadPoolExecutor-0_1 - [PROD] Sending payload 152/255 | Order Number: V3070100153
2026-07-01 10:14:55,669 - INFO - ThreadPoolExecutor-0_3 - [PROD] Payload 149/255 sent successfully. Status Code: 200
2026-07-01 10:14:55,670 - INFO - ThreadPoolExecutor-0_3 - [PROD] Sending payload 153/255 | Order Number: V3070100154
2026-07-01 10:14:55,727 - INFO - ThreadPoolExecutor-0_4 - [PROD] Payload 148/255 sent successfully. Status Code: 200
2026-07-01 10:14:55,727 - INFO - ThreadPoolExecutor-0_4 - [PROD] Sending payload 154/255 | Order Number: V3070100155
2026-07-01 10:14:55,811 - INFO - ThreadPoolExecutor-0_0 - [PROD] Payload 150/255 sent successfully. Status Code: 200
2026-07-01 10:14:55,811 - INFO - ThreadPoolExecutor-0_0 - [PROD] Sending payload 155/255 | Order Number: V3070100156
2026-07-01 10:14:55,866 - INFO - ThreadPoolExecutor-0_2 - [PROD] Payload 151/255 sent successfully. Status Code: 200
2026-07-01 10:14:55,866 - INFO - ThreadPoolExecutor-0_2 - [PROD] Sending payload 156/255 | Order Number: V3070100157
2026-07-01 10:14:56,852 - INFO - ThreadPoolExecutor-0_1 - [PROD] Payload 152/255 sent successfully. Status Code: 200
2026-07-01 10:14:56,854 - INFO - ThreadPoolExecutor-0_1 - [PROD] Sending payload 157/255 | Order Number: V3070100158
2026-07-01 10:14:57,036 - INFO - ThreadPoolExecutor-0_3 - [PROD] Payload 153/255 sent successfully. Status Code: 200
2026-07-01 10:14:57,037 - INFO - ThreadPoolExecutor-0_3 - [PROD] Sending payload 158/255 | Order Number: V3070100159
2026-07-01 10:14:57,059 - INFO - ThreadPoolExecutor-0_4 - [PROD] Payload 154/255 sent successfully. Status Code: 200
2026-07-01 10:14:57,060 - INFO - ThreadPoolExecutor-0_4 - [PROD] Sending payload 159/255 | Order Number: V3070100160
2026-07-01 10:14:57,170 - INFO - ThreadPoolExecutor-0_0 - [PROD] Payload 155/255 sent successfully. Status Code: 200
2026-07-01 10:14:57,172 - INFO - ThreadPoolExecutor-0_0 - [PROD] Sending payload 160/255 | Order Number: V3070100161
2026-07-01 10:14:57,241 - INFO - ThreadPoolExecutor-0_2 - [PROD] Payload 156/255 sent successfully. Status Code: 200
2026-07-01 10:14:57,244 - INFO - ThreadPoolExecutor-0_2 - [PROD] Sending payload 161/255 | Order Number: V3070100162
2026-07-01 10:14:58,316 - INFO - ThreadPoolExecutor-0_1 - [PROD] Payload 157/255 sent successfully. Status Code: 200
2026-07-01 10:14:58,318 - INFO - ThreadPoolExecutor-0_1 - [PROD] Sending payload 162/255 | Order Number: V3070100163
2026-07-01 10:14:58,395 - INFO - ThreadPoolExecutor-0_3 - [PROD] Payload 158/255 sent successfully. Status Code: 200
2026-07-01 10:14:58,396 - INFO - ThreadPoolExecutor-0_3 - [PROD] Sending payload 163/255 | Order Number: V3070100164
2026-07-01 10:14:58,485 - INFO - ThreadPoolExecutor-0_4 - [PROD] Payload 159/255 sent successfully. Status Code: 200
2026-07-01 10:14:58,486 - INFO - ThreadPoolExecutor-0_4 - [PROD] Sending payload 164/255 | Order Number: V3070100165
2026-07-01 10:14:58,506 - INFO - ThreadPoolExecutor-0_0 - [PROD] Payload 160/255 sent successfully. Status Code: 200
2026-07-01 10:14:58,507 - INFO - ThreadPoolExecutor-0_0 - [PROD] Sending payload 165/255 | Order Number: V3070100166
2026-07-01 10:14:58,612 - INFO - ThreadPoolExecutor-0_2 - [PROD] Payload 161/255 sent successfully. Status Code: 200
2026-07-01 10:14:58,613 - INFO - ThreadPoolExecutor-0_2 - [PROD] Sending payload 166/255 | Order Number: V3070100167
2026-07-01 10:14:59,695 - INFO - ThreadPoolExecutor-0_1 - [PROD] Payload 162/255 sent successfully. Status Code: 200
2026-07-01 10:14:59,696 - INFO - ThreadPoolExecutor-0_1 - [PROD] Sending payload 167/255 | Order Number: V3070100168
2026-07-01 10:14:59,794 - INFO - ThreadPoolExecutor-0_3 - [PROD] Payload 163/255 sent successfully. Status Code: 200
2026-07-01 10:14:59,795 - INFO - ThreadPoolExecutor-0_3 - [PROD] Sending payload 168/255 | Order Number: V3070100169
2026-07-01 10:14:59,854 - INFO - ThreadPoolExecutor-0_4 - [PROD] Payload 164/255 sent successfully. Status Code: 200
2026-07-01 10:14:59,856 - INFO - ThreadPoolExecutor-0_4 - [PROD] Sending payload 169/255 | Order Number: V3070100170
2026-07-01 10:14:59,872 - INFO - ThreadPoolExecutor-0_0 - [PROD] Payload 165/255 sent successfully. Status Code: 200
2026-07-01 10:14:59,872 - INFO - ThreadPoolExecutor-0_0 - [PROD] Sending payload 170/255 | Order Number: V3070100171
2026-07-01 10:14:59,961 - INFO - ThreadPoolExecutor-0_2 - [PROD] Payload 166/255 sent successfully. Status Code: 200
2026-07-01 10:14:59,961 - INFO - ThreadPoolExecutor-0_2 - [PROD] Sending payload 171/255 | Order Number: V3070100172
2026-07-01 10:15:01,187 - INFO - ThreadPoolExecutor-0_1 - [PROD] Payload 167/255 sent successfully. Status Code: 200
2026-07-01 10:15:01,189 - INFO - ThreadPoolExecutor-0_1 - [PROD] Sending payload 172/255 | Order Number: V3070100173
2026-07-01 10:15:01,206 - INFO - ThreadPoolExecutor-0_4 - [PROD] Payload 169/255 sent successfully. Status Code: 200
2026-07-01 10:15:01,206 - INFO - ThreadPoolExecutor-0_4 - [PROD] Sending payload 173/255 | Order Number: V3070100174
2026-07-01 10:15:01,332 - INFO - ThreadPoolExecutor-0_3 - [PROD] Payload 168/255 sent successfully. Status Code: 200
2026-07-01 10:15:01,334 - INFO - ThreadPoolExecutor-0_3 - [PROD] Sending payload 174/255 | Order Number: V3070100175
2026-07-01 10:15:01,458 - INFO - ThreadPoolExecutor-0_0 - [PROD] Payload 170/255 sent successfully. Status Code: 200
2026-07-01 10:15:01,458 - INFO - ThreadPoolExecutor-0_0 - [PROD] Sending payload 175/255 | Order Number: V3070100176
2026-07-01 10:15:01,609 - INFO - ThreadPoolExecutor-0_2 - [PROD] Payload 171/255 sent successfully. Status Code: 200
2026-07-01 10:15:01,611 - INFO - ThreadPoolExecutor-0_2 - [PROD] Sending payload 176/255 | Order Number: V3070100177
2026-07-01 10:15:02,821 - INFO - ThreadPoolExecutor-0_4 - [PROD] Payload 173/255 sent successfully. Status Code: 200
2026-07-01 10:15:02,823 - INFO - ThreadPoolExecutor-0_4 - [PROD] Sending payload 177/255 | Order Number: V3070100178
2026-07-01 10:15:02,874 - INFO - ThreadPoolExecutor-0_3 - [PROD] Payload 174/255 sent successfully. Status Code: 200
2026-07-01 10:15:02,877 - INFO - ThreadPoolExecutor-0_3 - [PROD] Sending payload 178/255 | Order Number: V3070100179
2026-07-01 10:15:03,010 - INFO - ThreadPoolExecutor-0_1 - [PROD] Payload 172/255 sent successfully. Status Code: 200
2026-07-01 10:15:03,011 - INFO - ThreadPoolExecutor-0_1 - [PROD] Sending payload 179/255 | Order Number: V3070100180
2026-07-01 10:15:03,038 - INFO - ThreadPoolExecutor-0_0 - [PROD] Payload 175/255 sent successfully. Status Code: 200
2026-07-01 10:15:03,038 - INFO - ThreadPoolExecutor-0_0 - [PROD] Sending payload 180/255 | Order Number: V3070100181
2026-07-01 10:15:03,143 - INFO - ThreadPoolExecutor-0_2 - [PROD] Payload 176/255 sent successfully. Status Code: 200
2026-07-01 10:15:03,144 - INFO - ThreadPoolExecutor-0_2 - [PROD] Sending payload 181/255 | Order Number: V3070100182
2026-07-01 10:15:04,239 - INFO - ThreadPoolExecutor-0_3 - [PROD] Payload 178/255 sent successfully. Status Code: 200
2026-07-01 10:15:04,242 - INFO - ThreadPoolExecutor-0_3 - [PROD] Sending payload 182/255 | Order Number: V3070100183
2026-07-01 10:15:04,428 - INFO - ThreadPoolExecutor-0_4 - [PROD] Payload 177/255 sent successfully. Status Code: 200
2026-07-01 10:15:04,429 - INFO - ThreadPoolExecutor-0_0 - [PROD] Payload 180/255 sent successfully. Status Code: 200
2026-07-01 10:15:04,429 - INFO - ThreadPoolExecutor-0_4 - [PROD] Sending payload 183/255 | Order Number: V3070100184
2026-07-01 10:15:04,429 - INFO - ThreadPoolExecutor-0_0 - [PROD] Sending payload 184/255 | Order Number: V3070100185
2026-07-01 10:15:04,508 - INFO - ThreadPoolExecutor-0_2 - [PROD] Payload 181/255 sent successfully. Status Code: 200
2026-07-01 10:15:04,508 - INFO - ThreadPoolExecutor-0_2 - [PROD] Sending payload 185/255 | Order Number: V3070100186
2026-07-01 10:15:04,592 - INFO - ThreadPoolExecutor-0_1 - [PROD] Payload 179/255 sent successfully. Status Code: 200
2026-07-01 10:15:04,594 - INFO - ThreadPoolExecutor-0_1 - [PROD] Sending payload 186/255 | Order Number: V3070100187
2026-07-01 10:15:05,688 - INFO - ThreadPoolExecutor-0_3 - [PROD] Payload 182/255 sent successfully. Status Code: 200
2026-07-01 10:15:05,690 - INFO - ThreadPoolExecutor-0_3 - [PROD] Sending payload 187/255 | Order Number: V3070100188
2026-07-01 10:15:05,782 - INFO - ThreadPoolExecutor-0_0 - [PROD] Payload 184/255 sent successfully. Status Code: 200
2026-07-01 10:15:05,784 - INFO - ThreadPoolExecutor-0_0 - [PROD] Sending payload 188/255 | Order Number: V3070100189
2026-07-01 10:15:05,857 - INFO - ThreadPoolExecutor-0_4 - [PROD] Payload 183/255 sent successfully. Status Code: 200
2026-07-01 10:15:05,860 - INFO - ThreadPoolExecutor-0_4 - [PROD] Sending payload 189/255 | Order Number: V3070100190
2026-07-01 10:15:05,970 - INFO - ThreadPoolExecutor-0_1 - [PROD] Payload 186/255 sent successfully. Status Code: 200
2026-07-01 10:15:05,971 - INFO - ThreadPoolExecutor-0_1 - [PROD] Sending payload 190/255 | Order Number: V3070100191
2026-07-01 10:15:06,021 - INFO - ThreadPoolExecutor-0_2 - [PROD] Payload 185/255 sent successfully. Status Code: 200
2026-07-01 10:15:06,021 - INFO - ThreadPoolExecutor-0_2 - [PROD] Sending payload 191/255 | Order Number: V3070100192
2026-07-01 10:15:07,034 - INFO - ThreadPoolExecutor-0_3 - [PROD] Payload 187/255 sent successfully. Status Code: 200
2026-07-01 10:15:07,036 - INFO - ThreadPoolExecutor-0_3 - [PROD] Sending payload 192/255 | Order Number: V3070100193
2026-07-01 10:15:07,176 - INFO - ThreadPoolExecutor-0_0 - [PROD] Payload 188/255 sent successfully. Status Code: 200
2026-07-01 10:15:07,178 - INFO - ThreadPoolExecutor-0_0 - [PROD] Sending payload 193/255 | Order Number: V3070100194
2026-07-01 10:15:07,228 - INFO - ThreadPoolExecutor-0_4 - [PROD] Payload 189/255 sent successfully. Status Code: 200
2026-07-01 10:15:07,230 - INFO - ThreadPoolExecutor-0_4 - [PROD] Sending payload 194/255 | Order Number: V3070100195
2026-07-01 10:15:07,347 - INFO - ThreadPoolExecutor-0_2 - [PROD] Payload 191/255 sent successfully. Status Code: 200
2026-07-01 10:15:07,348 - INFO - ThreadPoolExecutor-0_2 - [PROD] Sending payload 195/255 | Order Number: V3070100196
2026-07-01 10:15:07,399 - INFO - ThreadPoolExecutor-0_1 - [PROD] Payload 190/255 sent successfully. Status Code: 200
2026-07-01 10:15:07,401 - INFO - ThreadPoolExecutor-0_1 - [PROD] Sending payload 196/255 | Order Number: V3070100197
2026-07-01 10:15:08,415 - INFO - ThreadPoolExecutor-0_3 - [PROD] Payload 192/255 sent successfully. Status Code: 200
2026-07-01 10:15:08,416 - INFO - ThreadPoolExecutor-0_3 - [PROD] Sending payload 197/255 | Order Number: V3070100198
2026-07-01 10:15:08,548 - INFO - ThreadPoolExecutor-0_0 - [PROD] Payload 193/255 sent successfully. Status Code: 200
2026-07-01 10:15:08,550 - INFO - ThreadPoolExecutor-0_0 - [PROD] Sending payload 198/255 | Order Number: V3070100199
2026-07-01 10:15:08,667 - INFO - ThreadPoolExecutor-0_4 - [PROD] Payload 194/255 sent successfully. Status Code: 200
2026-07-01 10:15:08,667 - INFO - ThreadPoolExecutor-0_4 - [PROD] Sending payload 199/255 | Order Number: V3070100200
2026-07-01 10:15:08,711 - INFO - ThreadPoolExecutor-0_2 - [PROD] Payload 195/255 sent successfully. Status Code: 200
2026-07-01 10:15:08,711 - INFO - ThreadPoolExecutor-0_2 - [PROD] Sending payload 200/255 | Order Number: V3070100201
2026-07-01 10:15:08,750 - INFO - ThreadPoolExecutor-0_1 - [PROD] Payload 196/255 sent successfully. Status Code: 200
2026-07-01 10:15:08,750 - INFO - ThreadPoolExecutor-0_1 - [PROD] Sending payload 201/255 | Order Number: V3070100202
2026-07-01 10:15:09,818 - INFO - ThreadPoolExecutor-0_3 - [PROD] Payload 197/255 sent successfully. Status Code: 200
2026-07-01 10:15:09,819 - INFO - ThreadPoolExecutor-0_3 - [PROD] Sending payload 202/255 | Order Number: V3070100203
2026-07-01 10:15:09,898 - INFO - ThreadPoolExecutor-0_0 - [PROD] Payload 198/255 sent successfully. Status Code: 200
2026-07-01 10:15:09,900 - INFO - ThreadPoolExecutor-0_0 - [PROD] Sending payload 203/255 | Order Number: V3070100204
2026-07-01 10:15:10,153 - INFO - ThreadPoolExecutor-0_1 - [PROD] Payload 201/255 sent successfully. Status Code: 200
2026-07-01 10:15:10,154 - INFO - ThreadPoolExecutor-0_1 - [PROD] Sending payload 204/255 | Order Number: V3070100205
2026-07-01 10:15:10,171 - INFO - ThreadPoolExecutor-0_4 - [PROD] Payload 199/255 sent successfully. Status Code: 200
2026-07-01 10:15:10,172 - INFO - ThreadPoolExecutor-0_4 - [PROD] Sending payload 205/255 | Order Number: V3070100206
2026-07-01 10:15:10,262 - INFO - ThreadPoolExecutor-0_2 - [PROD] Payload 200/255 sent successfully. Status Code: 200
2026-07-01 10:15:10,263 - INFO - ThreadPoolExecutor-0_2 - [PROD] Sending payload 206/255 | Order Number: V3070100207
2026-07-01 10:15:11,217 - INFO - ThreadPoolExecutor-0_3 - [PROD] Payload 202/255 sent successfully. Status Code: 200
2026-07-01 10:15:11,220 - INFO - ThreadPoolExecutor-0_3 - [PROD] Sending payload 207/255 | Order Number: V3070100208
2026-07-01 10:15:11,334 - INFO - ThreadPoolExecutor-0_0 - [PROD] Payload 203/255 sent successfully. Status Code: 200
2026-07-01 10:15:11,335 - INFO - ThreadPoolExecutor-0_0 - [PROD] Sending payload 208/255 | Order Number: V3070100209
2026-07-01 10:15:11,547 - INFO - ThreadPoolExecutor-0_1 - [PROD] Payload 204/255 sent successfully. Status Code: 200
2026-07-01 10:15:11,548 - INFO - ThreadPoolExecutor-0_1 - [PROD] Sending payload 209/255 | Order Number: V3070100210
2026-07-01 10:15:11,651 - INFO - ThreadPoolExecutor-0_2 - [PROD] Payload 206/255 sent successfully. Status Code: 200
2026-07-01 10:15:11,652 - INFO - ThreadPoolExecutor-0_2 - [PROD] Sending payload 210/255 | Order Number: V3070100211
2026-07-01 10:15:11,704 - INFO - ThreadPoolExecutor-0_4 - [PROD] Payload 205/255 sent successfully. Status Code: 200
2026-07-01 10:15:11,706 - INFO - ThreadPoolExecutor-0_4 - [PROD] Sending payload 211/255 | Order Number: V3070100212
2026-07-01 10:15:12,651 - INFO - ThreadPoolExecutor-0_3 - [PROD] Payload 207/255 sent successfully. Status Code: 200
2026-07-01 10:15:12,653 - INFO - ThreadPoolExecutor-0_3 - [PROD] Sending payload 212/255 | Order Number: V3070100213
2026-07-01 10:15:12,682 - INFO - ThreadPoolExecutor-0_0 - [PROD] Payload 208/255 sent successfully. Status Code: 200
2026-07-01 10:15:12,683 - INFO - ThreadPoolExecutor-0_0 - [PROD] Sending payload 213/255 | Order Number: V3070100214
2026-07-01 10:15:12,904 - INFO - ThreadPoolExecutor-0_1 - [PROD] Payload 209/255 sent successfully. Status Code: 200
2026-07-01 10:15:12,904 - INFO - ThreadPoolExecutor-0_1 - [PROD] Sending payload 214/255 | Order Number: V3070100215
2026-07-01 10:15:12,993 - INFO - ThreadPoolExecutor-0_2 - [PROD] Payload 210/255 sent successfully. Status Code: 200
2026-07-01 10:15:12,993 - INFO - ThreadPoolExecutor-0_2 - [PROD] Sending payload 215/255 | Order Number: V3070100216
2026-07-01 10:15:13,064 - INFO - ThreadPoolExecutor-0_4 - [PROD] Payload 211/255 sent successfully. Status Code: 200
2026-07-01 10:15:13,068 - INFO - ThreadPoolExecutor-0_4 - [PROD] Sending payload 216/255 | Order Number: V3070100217
2026-07-01 10:15:14,007 - INFO - ThreadPoolExecutor-0_3 - [PROD] Payload 212/255 sent successfully. Status Code: 200
2026-07-01 10:15:14,008 - INFO - ThreadPoolExecutor-0_3 - [PROD] Sending payload 217/255 | Order Number: V3070100218
2026-07-01 10:15:14,034 - INFO - ThreadPoolExecutor-0_0 - [PROD] Payload 213/255 sent successfully. Status Code: 200
2026-07-01 10:15:14,039 - INFO - ThreadPoolExecutor-0_0 - [PROD] Sending payload 218/255 | Order Number: V3070100219
2026-07-01 10:15:14,284 - INFO - ThreadPoolExecutor-0_1 - [PROD] Payload 214/255 sent successfully. Status Code: 200
2026-07-01 10:15:14,285 - INFO - ThreadPoolExecutor-0_1 - [PROD] Sending payload 219/255 | Order Number: V3070100220
2026-07-01 10:15:14,357 - INFO - ThreadPoolExecutor-0_2 - [PROD] Payload 215/255 sent successfully. Status Code: 200
2026-07-01 10:15:14,358 - INFO - ThreadPoolExecutor-0_2 - [PROD] Sending payload 220/255 | Order Number: V3070100221
2026-07-01 10:15:14,457 - INFO - ThreadPoolExecutor-0_4 - [PROD] Payload 216/255 sent successfully. Status Code: 200
2026-07-01 10:15:14,459 - INFO - ThreadPoolExecutor-0_4 - [PROD] Sending payload 221/255 | Order Number: V3070100222
2026-07-01 10:15:15,420 - INFO - ThreadPoolExecutor-0_3 - [PROD] Payload 217/255 sent successfully. Status Code: 200
2026-07-01 10:15:15,421 - INFO - ThreadPoolExecutor-0_0 - [PROD] Payload 218/255 sent successfully. Status Code: 200
2026-07-01 10:15:15,422 - INFO - ThreadPoolExecutor-0_3 - [PROD] Sending payload 222/255 | Order Number: V3070100223
2026-07-01 10:15:15,423 - INFO - ThreadPoolExecutor-0_0 - [PROD] Sending payload 223/255 | Order Number: V3070100224
2026-07-01 10:15:15,651 - INFO - ThreadPoolExecutor-0_1 - [PROD] Payload 219/255 sent successfully. Status Code: 200
2026-07-01 10:15:15,652 - INFO - ThreadPoolExecutor-0_1 - [PROD] Sending payload 224/255 | Order Number: V3070100225
2026-07-01 10:15:15,755 - INFO - ThreadPoolExecutor-0_2 - [PROD] Payload 220/255 sent successfully. Status Code: 200
2026-07-01 10:15:15,755 - INFO - ThreadPoolExecutor-0_2 - [PROD] Sending payload 225/255 | Order Number: V3070100226
2026-07-01 10:15:15,783 - INFO - ThreadPoolExecutor-0_4 - [PROD] Payload 221/255 sent successfully. Status Code: 200
2026-07-01 10:15:15,784 - INFO - ThreadPoolExecutor-0_4 - [PROD] Sending payload 226/255 | Order Number: V3070100227
2026-07-01 10:15:16,855 - INFO - ThreadPoolExecutor-0_3 - [PROD] Payload 222/255 sent successfully. Status Code: 200
2026-07-01 10:15:16,858 - INFO - ThreadPoolExecutor-0_3 - [PROD] Sending payload 227/255 | Order Number: V3070100228
2026-07-01 10:15:16,863 - INFO - ThreadPoolExecutor-0_0 - [PROD] Payload 223/255 sent successfully. Status Code: 200
2026-07-01 10:15:16,863 - INFO - ThreadPoolExecutor-0_0 - [PROD] Sending payload 228/255 | Order Number: V3070100229
2026-07-01 10:15:16,993 - INFO - ThreadPoolExecutor-0_1 - [PROD] Payload 224/255 sent successfully. Status Code: 200
2026-07-01 10:15:16,995 - INFO - ThreadPoolExecutor-0_1 - [PROD] Sending payload 229/255 | Order Number: V3070100230
2026-07-01 10:15:17,171 - INFO - ThreadPoolExecutor-0_4 - [PROD] Payload 226/255 sent successfully. Status Code: 200
2026-07-01 10:15:17,171 - INFO - ThreadPoolExecutor-0_4 - [PROD] Sending payload 230/255 | Order Number: V3070100231
2026-07-01 10:15:17,174 - INFO - ThreadPoolExecutor-0_2 - [PROD] Payload 225/255 sent successfully. Status Code: 200
2026-07-01 10:15:17,175 - INFO - ThreadPoolExecutor-0_2 - [PROD] Sending payload 231/255 | Order Number: V3070100232
2026-07-01 10:15:18,287 - INFO - ThreadPoolExecutor-0_0 - [PROD] Payload 228/255 sent successfully. Status Code: 200
2026-07-01 10:15:18,288 - INFO - ThreadPoolExecutor-0_0 - [PROD] Sending payload 232/255 | Order Number: V3070100233
2026-07-01 10:15:18,302 - INFO - ThreadPoolExecutor-0_3 - [PROD] Payload 227/255 sent successfully. Status Code: 200
2026-07-01 10:15:18,304 - INFO - ThreadPoolExecutor-0_3 - [PROD] Sending payload 233/255 | Order Number: V3070100234
2026-07-01 10:15:18,356 - INFO - ThreadPoolExecutor-0_1 - [PROD] Payload 229/255 sent successfully. Status Code: 200
2026-07-01 10:15:18,357 - INFO - ThreadPoolExecutor-0_1 - [PROD] Sending payload 234/255 | Order Number: V3070100235
2026-07-01 10:15:18,525 - INFO - ThreadPoolExecutor-0_2 - [PROD] Payload 231/255 sent successfully. Status Code: 200
2026-07-01 10:15:18,525 - INFO - ThreadPoolExecutor-0_2 - [PROD] Sending payload 235/255 | Order Number: V3070100236
2026-07-01 10:15:18,650 - INFO - ThreadPoolExecutor-0_4 - [PROD] Payload 230/255 sent successfully. Status Code: 200
2026-07-01 10:15:18,652 - INFO - ThreadPoolExecutor-0_4 - [PROD] Sending payload 236/255 | Order Number: V3070100237
2026-07-01 10:15:19,647 - INFO - ThreadPoolExecutor-0_0 - [PROD] Payload 232/255 sent successfully. Status Code: 200
2026-07-01 10:15:19,649 - INFO - ThreadPoolExecutor-0_0 - [PROD] Sending payload 237/255 | Order Number: V3070100238
2026-07-01 10:15:19,818 - INFO - ThreadPoolExecutor-0_3 - [PROD] Payload 233/255 sent successfully. Status Code: 200
2026-07-01 10:15:19,820 - INFO - ThreadPoolExecutor-0_3 - [PROD] Sending payload 238/255 | Order Number: V3070100239
2026-07-01 10:15:19,843 - INFO - ThreadPoolExecutor-0_1 - [PROD] Payload 234/255 sent successfully. Status Code: 200
2026-07-01 10:15:19,844 - INFO - ThreadPoolExecutor-0_1 - [PROD] Sending payload 239/255 | Order Number: V3070100240
2026-07-01 10:15:19,986 - INFO - ThreadPoolExecutor-0_2 - [PROD] Payload 235/255 sent successfully. Status Code: 200
2026-07-01 10:15:19,987 - INFO - ThreadPoolExecutor-0_2 - [PROD] Sending payload 240/255 | Order Number: V3070100241
2026-07-01 10:15:20,014 - INFO - ThreadPoolExecutor-0_4 - [PROD] Payload 236/255 sent successfully. Status Code: 200
2026-07-01 10:15:20,014 - INFO - ThreadPoolExecutor-0_4 - [PROD] Sending payload 241/255 | Order Number: V3070100242
2026-07-01 10:15:21,010 - INFO - ThreadPoolExecutor-0_0 - [PROD] Payload 237/255 sent successfully. Status Code: 200
2026-07-01 10:15:21,012 - INFO - ThreadPoolExecutor-0_0 - [PROD] Sending payload 242/255 | Order Number: V3070100243
2026-07-01 10:15:21,224 - INFO - ThreadPoolExecutor-0_3 - [PROD] Payload 238/255 sent successfully. Status Code: 200
2026-07-01 10:15:21,224 - INFO - ThreadPoolExecutor-0_1 - [PROD] Payload 239/255 sent successfully. Status Code: 200
2026-07-01 10:15:21,225 - INFO - ThreadPoolExecutor-0_3 - [PROD] Sending payload 243/255 | Order Number: V3070100244
2026-07-01 10:15:21,225 - INFO - ThreadPoolExecutor-0_1 - [PROD] Sending payload 244/255 | Order Number: V3070100245
2026-07-01 10:15:21,353 - INFO - ThreadPoolExecutor-0_2 - [PROD] Payload 240/255 sent successfully. Status Code: 200
2026-07-01 10:15:21,354 - INFO - ThreadPoolExecutor-0_2 - [PROD] Sending payload 245/255 | Order Number: V3070100246
2026-07-01 10:15:21,372 - INFO - ThreadPoolExecutor-0_4 - [PROD] Payload 241/255 sent successfully. Status Code: 200
2026-07-01 10:15:21,375 - INFO - ThreadPoolExecutor-0_4 - [PROD] Sending payload 246/255 | Order Number: V3070100247
2026-07-01 10:15:22,427 - INFO - ThreadPoolExecutor-0_0 - [PROD] Payload 242/255 sent successfully. Status Code: 200
2026-07-01 10:15:22,429 - INFO - ThreadPoolExecutor-0_0 - [PROD] Sending payload 247/255 | Order Number: V3070100248
2026-07-01 10:15:22,590 - INFO - ThreadPoolExecutor-0_1 - [PROD] Payload 244/255 sent successfully. Status Code: 200
2026-07-01 10:15:22,592 - INFO - ThreadPoolExecutor-0_3 - [PROD] Payload 243/255 sent successfully. Status Code: 200
2026-07-01 10:15:22,593 - INFO - ThreadPoolExecutor-0_1 - [PROD] Sending payload 248/255 | Order Number: V3070100249
2026-07-01 10:15:22,594 - INFO - ThreadPoolExecutor-0_3 - [PROD] Sending payload 249/255 | Order Number: V3070100250
2026-07-01 10:15:22,774 - INFO - ThreadPoolExecutor-0_2 - [PROD] Payload 245/255 sent successfully. Status Code: 200
2026-07-01 10:15:22,775 - INFO - ThreadPoolExecutor-0_2 - [PROD] Sending payload 250/255 | Order Number: V3070100251
2026-07-01 10:15:22,790 - INFO - ThreadPoolExecutor-0_4 - [PROD] Payload 246/255 sent successfully. Status Code: 200
2026-07-01 10:15:22,791 - INFO - ThreadPoolExecutor-0_4 - [PROD] Sending payload 251/255 | Order Number: V3070100252
2026-07-01 10:15:23,820 - INFO - ThreadPoolExecutor-0_0 - [PROD] Payload 247/255 sent successfully. Status Code: 200
2026-07-01 10:15:23,821 - INFO - ThreadPoolExecutor-0_0 - [PROD] Sending payload 252/255 | Order Number: V3070100253
2026-07-01 10:15:23,931 - INFO - ThreadPoolExecutor-0_1 - [PROD] Payload 248/255 sent successfully. Status Code: 200
2026-07-01 10:15:23,932 - INFO - ThreadPoolExecutor-0_1 - [PROD] Sending payload 253/255 | Order Number: V3070100254
2026-07-01 10:15:24,021 - INFO - ThreadPoolExecutor-0_3 - [PROD] Payload 249/255 sent successfully. Status Code: 200
2026-07-01 10:15:24,022 - INFO - ThreadPoolExecutor-0_3 - [PROD] Sending payload 254/255 | Order Number: V3070100255
2026-07-01 10:15:24,129 - INFO - ThreadPoolExecutor-0_2 - [PROD] Payload 250/255 sent successfully. Status Code: 200
2026-07-01 10:15:24,129 - INFO - ThreadPoolExecutor-0_2 - [PROD] Sending payload 255/255 | Order Number: V3070100256
2026-07-01 10:15:24,202 - INFO - ThreadPoolExecutor-0_4 - [PROD] Payload 251/255 sent successfully. Status Code: 200
2026-07-01 10:15:25,255 - INFO - ThreadPoolExecutor-0_0 - [PROD] Payload 252/255 sent successfully. Status Code: 200
2026-07-01 10:15:25,316 - INFO - ThreadPoolExecutor-0_1 - [PROD] Payload 253/255 sent successfully. Status Code: 200
2026-07-01 10:15:25,465 - INFO - ThreadPoolExecutor-0_2 - [PROD] Payload 255/255 sent successfully. Status Code: 200
2026-07-01 10:15:25,512 - INFO - ThreadPoolExecutor-0_3 - [PROD] Payload 254/255 sent successfully. Status Code: 200
2026-07-01 10:15:25,513 - INFO - MainThread - Completed order creation. Success: 255, Failed: 0, Total: 255
