2026-07-01 10:17:39,352 - INFO - MainThread - Execution log file: /Users/vgana3/Documents/GitHub/Nike/J30/Outbound/logs/FR_Order_Creation_Prod_Multithread_20260701_101739_350000.log
2026-07-01 10:17:39,648 - INFO - MainThread - Sheets found in '/Users/vgana3/Documents/GitHub/Nike/J30/Input_files/Outbound_Worksheet.xlsx': ['CreateOrder', 'Parent_Order', 'BackUp', 'TranLog', 'MHE_Journal', 'OriginalOrderInput', 'CreateShipment', 'MasterData', 'MasterInput', 'Shipment_ID', 'Item_info', 'B2B_SUB_HUB']
2026-07-01 10:17:39,787 - INFO - MainThread - Successfully extracted 110 data row(s) for processing.
2026-07-01 10:17:39,787 - INFO - MainThread - Processing Excel Row 1
2026-07-01 10:17:39,790 - INFO - MainThread - Order: V4070100257
2026-07-01 10:17:39,790 - INFO - MainThread - Processing Excel Row 2
2026-07-01 10:17:39,792 - INFO - MainThread - Order: V4070100258
2026-07-01 10:17:39,792 - INFO - MainThread - Processing Excel Row 3
2026-07-01 10:17:39,794 - INFO - MainThread - Order: V4070100259
2026-07-01 10:17:39,794 - INFO - MainThread - Processing Excel Row 4
2026-07-01 10:17:39,797 - INFO - MainThread - Order: V4070100260
2026-07-01 10:17:39,797 - INFO - MainThread - Processing Excel Row 5
2026-07-01 10:17:39,802 - INFO - MainThread - Order: V4070100261
2026-07-01 10:17:39,802 - INFO - MainThread - Processing Excel Row 6
2026-07-01 10:17:39,804 - INFO - MainThread - Order: V4070100262
2026-07-01 10:17:39,804 - INFO - MainThread - Processing Excel Row 7
2026-07-01 10:17:39,807 - INFO - MainThread - Order: V4070100263
2026-07-01 10:17:39,808 - INFO - MainThread - Processing Excel Row 8
2026-07-01 10:17:39,811 - INFO - MainThread - Order: V4070100264
2026-07-01 10:17:39,811 - INFO - MainThread - Processing Excel Row 9
2026-07-01 10:17:39,813 - INFO - MainThread - Order: V4070100265
2026-07-01 10:17:39,813 - INFO - MainThread - Processing Excel Row 10
2026-07-01 10:17:39,816 - INFO - MainThread - Order: V4070100266
2026-07-01 10:17:39,816 - INFO - MainThread - Processing Excel Row 11
2026-07-01 10:17:39,819 - INFO - MainThread - Order: V4070100267
2026-07-01 10:17:39,819 - INFO - MainThread - Processing Excel Row 12
2026-07-01 10:17:39,821 - INFO - MainThread - Order: V4070100268
2026-07-01 10:17:39,843 - INFO - MainThread - Processing Excel Row 13
2026-07-01 10:17:39,849 - INFO - MainThread - Order: V4070100269
2026-07-01 10:17:39,849 - INFO - MainThread - Processing Excel Row 14
2026-07-01 10:17:39,851 - INFO - MainThread - Order: V4070100270
2026-07-01 10:17:39,851 - INFO - MainThread - Processing Excel Row 15
2026-07-01 10:17:39,854 - INFO - MainThread - Order: V4070100271
2026-07-01 10:17:39,854 - INFO - MainThread - Processing Excel Row 16
2026-07-01 10:17:39,857 - INFO - MainThread - Order: V4070100272
2026-07-01 10:17:39,857 - INFO - MainThread - Processing Excel Row 17
2026-07-01 10:17:39,859 - INFO - MainThread - Order: V4070100273
2026-07-01 10:17:39,859 - INFO - MainThread - Processing Excel Row 18
2026-07-01 10:17:39,861 - INFO - MainThread - Order: V4070100274
2026-07-01 10:17:39,861 - INFO - MainThread - Processing Excel Row 19
2026-07-01 10:17:39,863 - INFO - MainThread - Order: V4070100275
2026-07-01 10:17:39,863 - INFO - MainThread - Processing Excel Row 20
2026-07-01 10:17:39,865 - INFO - MainThread - Order: V4070100276
2026-07-01 10:17:39,865 - INFO - MainThread - Processing Excel Row 21
2026-07-01 10:17:39,867 - INFO - MainThread - Order: V4070100277
2026-07-01 10:17:39,867 - INFO - MainThread - Processing Excel Row 22
2026-07-01 10:17:39,869 - INFO - MainThread - Order: V4070100278
2026-07-01 10:17:39,869 - INFO - MainThread - Processing Excel Row 23
2026-07-01 10:17:39,871 - INFO - MainThread - Order: V4070100279
2026-07-01 10:17:39,872 - INFO - MainThread - Processing Excel Row 24
2026-07-01 10:17:39,874 - INFO - MainThread - Order: V4070100280
2026-07-01 10:17:39,874 - INFO - MainThread - Processing Excel Row 25
2026-07-01 10:17:39,876 - INFO - MainThread - Order: V4070100281
2026-07-01 10:17:39,876 - INFO - MainThread - Processing Excel Row 26
2026-07-01 10:17:39,878 - INFO - MainThread - Order: V4070100282
2026-07-01 10:17:39,878 - INFO - MainThread - Processing Excel Row 27
2026-07-01 10:17:39,880 - INFO - MainThread - Order: V4070100283
2026-07-01 10:17:39,880 - INFO - MainThread - Processing Excel Row 28
2026-07-01 10:17:39,882 - INFO - MainThread - Order: V4070100284
2026-07-01 10:17:39,882 - INFO - MainThread - Processing Excel Row 29
2026-07-01 10:17:39,884 - INFO - MainThread - Order: V4070100285
2026-07-01 10:17:39,884 - INFO - MainThread - Processing Excel Row 30
2026-07-01 10:17:39,886 - INFO - MainThread - Order: V4070100286
2026-07-01 10:17:39,886 - INFO - MainThread - Processing Excel Row 31
2026-07-01 10:17:39,887 - INFO - MainThread - Order: V4070100287
2026-07-01 10:17:39,888 - INFO - MainThread - Processing Excel Row 32
2026-07-01 10:17:39,889 - INFO - MainThread - Order: V4070100288
2026-07-01 10:17:39,889 - INFO - MainThread - Processing Excel Row 33
2026-07-01 10:17:39,891 - INFO - MainThread - Order: V4070100289
2026-07-01 10:17:39,891 - INFO - MainThread - Processing Excel Row 34
2026-07-01 10:17:39,893 - INFO - MainThread - Order: V4070100290
2026-07-01 10:17:39,893 - INFO - MainThread - Processing Excel Row 35
2026-07-01 10:17:39,895 - INFO - MainThread - Order: V4070100291
2026-07-01 10:17:39,895 - INFO - MainThread - Processing Excel Row 36
2026-07-01 10:17:39,897 - INFO - MainThread - Order: V4070100292
2026-07-01 10:17:39,897 - INFO - MainThread - Processing Excel Row 37
2026-07-01 10:17:39,900 - INFO - MainThread - Order: V4070100293
2026-07-01 10:17:39,900 - INFO - MainThread - Processing Excel Row 38
2026-07-01 10:17:39,902 - INFO - MainThread - Order: V4070100294
2026-07-01 10:17:39,902 - INFO - MainThread - Processing Excel Row 39
2026-07-01 10:17:39,904 - INFO - MainThread - Order: V4070100295
2026-07-01 10:17:39,904 - INFO - MainThread - Processing Excel Row 40
2026-07-01 10:17:39,906 - INFO - MainThread - Order: V4070100296
2026-07-01 10:17:39,906 - INFO - MainThread - Processing Excel Row 41
2026-07-01 10:17:39,908 - INFO - MainThread - Order: V4070100297
2026-07-01 10:17:39,908 - INFO - MainThread - Processing Excel Row 42
2026-07-01 10:17:39,909 - INFO - MainThread - Order: V4070100298
2026-07-01 10:17:39,910 - INFO - MainThread - Processing Excel Row 43
2026-07-01 10:17:39,911 - INFO - MainThread - Order: V4070100299
2026-07-01 10:17:39,911 - INFO - MainThread - Processing Excel Row 44
2026-07-01 10:17:39,914 - INFO - MainThread - Order: V4070100300
2026-07-01 10:17:39,914 - INFO - MainThread - Processing Excel Row 45
2026-07-01 10:17:39,916 - INFO - MainThread - Order: V4070100301
2026-07-01 10:17:39,916 - INFO - MainThread - Processing Excel Row 46
2026-07-01 10:17:39,918 - INFO - MainThread - Order: V4070100302
2026-07-01 10:17:39,918 - INFO - MainThread - Processing Excel Row 47
2026-07-01 10:17:39,920 - INFO - MainThread - Order: V4070100303
2026-07-01 10:17:39,920 - INFO - MainThread - Processing Excel Row 48
2026-07-01 10:17:39,930 - INFO - MainThread - Order: V4070100304
2026-07-01 10:17:39,931 - INFO - MainThread - Processing Excel Row 49
2026-07-01 10:17:39,932 - INFO - MainThread - Order: V4070100305
2026-07-01 10:17:39,932 - INFO - MainThread - Processing Excel Row 50
2026-07-01 10:17:39,933 - INFO - MainThread - Order: V4070100306
2026-07-01 10:17:39,933 - INFO - MainThread - Processing Excel Row 51
2026-07-01 10:17:39,934 - INFO - MainThread - Order: V4070100307
2026-07-01 10:17:39,934 - INFO - MainThread - Processing Excel Row 52
2026-07-01 10:17:39,935 - INFO - MainThread - Order: V4070100308
2026-07-01 10:17:39,935 - INFO - MainThread - Processing Excel Row 53
2026-07-01 10:17:39,936 - INFO - MainThread - Order: V4070100309
2026-07-01 10:17:39,936 - INFO - MainThread - Processing Excel Row 54
2026-07-01 10:17:39,937 - INFO - MainThread - Order: V4070100310
2026-07-01 10:17:39,937 - INFO - MainThread - Processing Excel Row 55
2026-07-01 10:17:39,938 - INFO - MainThread - Order: V4070100311
2026-07-01 10:17:39,938 - INFO - MainThread - Processing Excel Row 56
2026-07-01 10:17:39,939 - INFO - MainThread - Order: V4070100312
2026-07-01 10:17:39,940 - INFO - MainThread - Processing Excel Row 57
2026-07-01 10:17:39,941 - INFO - MainThread - Order: V4070100313
2026-07-01 10:17:39,941 - INFO - MainThread - Processing Excel Row 58
2026-07-01 10:17:39,942 - INFO - MainThread - Order: V4070100314
2026-07-01 10:17:39,942 - INFO - MainThread - Processing Excel Row 59
2026-07-01 10:17:39,943 - INFO - MainThread - Order: V4070100315
2026-07-01 10:17:39,943 - INFO - MainThread - Processing Excel Row 60
2026-07-01 10:17:39,944 - INFO - MainThread - Order: V4070100316
2026-07-01 10:17:39,944 - INFO - MainThread - Processing Excel Row 61
2026-07-01 10:17:39,945 - INFO - MainThread - Order: V4070100317
2026-07-01 10:17:39,945 - INFO - MainThread - Processing Excel Row 62
2026-07-01 10:17:39,946 - INFO - MainThread - Order: V4070100318
2026-07-01 10:17:39,946 - INFO - MainThread - Processing Excel Row 63
2026-07-01 10:17:39,947 - INFO - MainThread - Order: V4070100319
2026-07-01 10:17:39,947 - INFO - MainThread - Processing Excel Row 64
2026-07-01 10:17:39,948 - INFO - MainThread - Order: V4070100320
2026-07-01 10:17:39,948 - INFO - MainThread - Processing Excel Row 65
2026-07-01 10:17:39,949 - INFO - MainThread - Order: V4070100321
2026-07-01 10:17:39,949 - INFO - MainThread - Processing Excel Row 66
2026-07-01 10:17:39,950 - INFO - MainThread - Order: V4070100322
2026-07-01 10:17:39,950 - INFO - MainThread - Processing Excel Row 67
2026-07-01 10:17:39,951 - INFO - MainThread - Order: V4070100323
2026-07-01 10:17:39,951 - INFO - MainThread - Processing Excel Row 68
2026-07-01 10:17:39,952 - INFO - MainThread - Order: V4070100324
2026-07-01 10:17:39,952 - INFO - MainThread - Processing Excel Row 69
2026-07-01 10:17:39,953 - INFO - MainThread - Order: V4070100325
2026-07-01 10:17:39,953 - INFO - MainThread - Processing Excel Row 70
2026-07-01 10:17:39,954 - INFO - MainThread - Order: V4070100326
2026-07-01 10:17:39,954 - INFO - MainThread - Processing Excel Row 71
2026-07-01 10:17:39,955 - INFO - MainThread - Order: V4070100327
2026-07-01 10:17:39,955 - INFO - MainThread - Processing Excel Row 72
2026-07-01 10:17:39,956 - INFO - MainThread - Order: V4070100328
2026-07-01 10:17:39,956 - INFO - MainThread - Processing Excel Row 73
2026-07-01 10:17:39,957 - INFO - MainThread - Order: V4070100329
2026-07-01 10:17:39,957 - INFO - MainThread - Processing Excel Row 74
2026-07-01 10:17:39,958 - INFO - MainThread - Order: V4070100330
2026-07-01 10:17:39,958 - INFO - MainThread - Processing Excel Row 75
2026-07-01 10:17:39,959 - INFO - MainThread - Order: V4070100331
2026-07-01 10:17:39,959 - INFO - MainThread - Processing Excel Row 76
2026-07-01 10:17:39,960 - INFO - MainThread - Order: V4070100332
2026-07-01 10:17:39,960 - INFO - MainThread - Processing Excel Row 77
2026-07-01 10:17:39,961 - INFO - MainThread - Order: V4070100333
2026-07-01 10:17:39,961 - INFO - MainThread - Processing Excel Row 78
2026-07-01 10:17:39,962 - INFO - MainThread - Order: V4070100334
2026-07-01 10:17:39,962 - INFO - MainThread - Processing Excel Row 79
2026-07-01 10:17:39,964 - INFO - MainThread - Order: V4070100335
2026-07-01 10:17:39,964 - INFO - MainThread - Processing Excel Row 80
2026-07-01 10:17:39,965 - INFO - MainThread - Order: V4070100336
2026-07-01 10:17:39,965 - INFO - MainThread - Processing Excel Row 81
2026-07-01 10:17:39,966 - INFO - MainThread - Order: V4070100337
2026-07-01 10:17:39,966 - INFO - MainThread - Processing Excel Row 82
2026-07-01 10:17:39,967 - INFO - MainThread - Order: V4070100338
2026-07-01 10:17:39,967 - INFO - MainThread - Processing Excel Row 83
2026-07-01 10:17:39,968 - INFO - MainThread - Order: V4070100339
2026-07-01 10:17:39,968 - INFO - MainThread - Processing Excel Row 84
2026-07-01 10:17:39,969 - INFO - MainThread - Order: V4070100340
2026-07-01 10:17:39,969 - INFO - MainThread - Processing Excel Row 85
2026-07-01 10:17:39,970 - INFO - MainThread - Order: V4070100341
2026-07-01 10:17:39,970 - INFO - MainThread - Processing Excel Row 86
2026-07-01 10:17:39,971 - INFO - MainThread - Order: V4070100342
2026-07-01 10:17:39,971 - INFO - MainThread - Processing Excel Row 87
2026-07-01 10:17:39,972 - INFO - MainThread - Order: V4070100343
2026-07-01 10:17:39,972 - INFO - MainThread - Processing Excel Row 88
2026-07-01 10:17:39,973 - INFO - MainThread - Order: V4070100344
2026-07-01 10:17:39,973 - INFO - MainThread - Processing Excel Row 89
2026-07-01 10:17:39,974 - INFO - MainThread - Order: V4070100345
2026-07-01 10:17:39,974 - INFO - MainThread - Processing Excel Row 90
2026-07-01 10:17:39,977 - INFO - MainThread - Order: V4070100346
2026-07-01 10:17:39,977 - INFO - MainThread - Processing Excel Row 91
2026-07-01 10:17:39,980 - INFO - MainThread - Order: V4070100347
2026-07-01 10:17:39,980 - INFO - MainThread - Processing Excel Row 92
2026-07-01 10:17:39,981 - INFO - MainThread - Order: V4070100348
2026-07-01 10:17:39,981 - INFO - MainThread - Processing Excel Row 93
2026-07-01 10:17:39,983 - INFO - MainThread - Order: V4070100349
2026-07-01 10:17:39,983 - INFO - MainThread - Processing Excel Row 94
2026-07-01 10:17:39,985 - INFO - MainThread - Order: V4070100350
2026-07-01 10:17:39,985 - INFO - MainThread - Processing Excel Row 95
2026-07-01 10:17:39,989 - INFO - MainThread - Order: V4070100351
2026-07-01 10:17:39,989 - INFO - MainThread - Processing Excel Row 96
2026-07-01 10:17:39,991 - INFO - MainThread - Order: V4070100352
2026-07-01 10:17:39,991 - INFO - MainThread - Processing Excel Row 97
2026-07-01 10:17:39,992 - INFO - MainThread - Order: V4070100353
2026-07-01 10:17:39,992 - INFO - MainThread - Processing Excel Row 98
2026-07-01 10:17:39,993 - INFO - MainThread - Order: V4070100354
2026-07-01 10:17:39,993 - INFO - MainThread - Processing Excel Row 99
2026-07-01 10:17:39,994 - INFO - MainThread - Order: V4070100355
2026-07-01 10:17:39,994 - INFO - MainThread - Processing Excel Row 100
2026-07-01 10:17:39,995 - INFO - MainThread - Order: V4070100356
2026-07-01 10:17:39,995 - INFO - MainThread - Processing Excel Row 101
2026-07-01 10:17:39,996 - INFO - MainThread - Order: V4070100357
2026-07-01 10:17:39,996 - INFO - MainThread - Processing Excel Row 102
2026-07-01 10:17:39,997 - INFO - MainThread - Order: V4070100358
2026-07-01 10:17:39,997 - INFO - MainThread - Processing Excel Row 103
2026-07-01 10:17:39,998 - INFO - MainThread - Order: V4070100359
2026-07-01 10:17:39,998 - INFO - MainThread - Processing Excel Row 104
2026-07-01 10:17:40,000 - INFO - MainThread - Order: V4070100360
2026-07-01 10:17:40,000 - INFO - MainThread - Processing Excel Row 105
2026-07-01 10:17:40,001 - INFO - MainThread - Order: V4070100361
2026-07-01 10:17:40,001 - INFO - MainThread - Processing Excel Row 106
2026-07-01 10:17:40,002 - INFO - MainThread - Order: V4070100362
2026-07-01 10:17:40,002 - INFO - MainThread - Processing Excel Row 107
2026-07-01 10:17:40,003 - INFO - MainThread - Order: V4070100363
2026-07-01 10:17:40,003 - INFO - MainThread - Processing Excel Row 108
2026-07-01 10:17:40,004 - INFO - MainThread - Order: V4070100364
2026-07-01 10:17:40,004 - INFO - MainThread - Processing Excel Row 109
2026-07-01 10:17:40,005 - INFO - MainThread - Order: V4070100365
2026-07-01 10:17:40,005 - INFO - MainThread - Processing Excel Row 110
2026-07-01 10:17:40,006 - INFO - MainThread - Order: V4070100366
2026-07-01 10:17:40,126 - INFO - MainThread - Sheets found in '/Users/vgana3/Documents/GitHub/Nike/J30/Input_files/Outbound_Worksheet.xlsx': ['CreateOrder', 'Parent_Order', 'BackUp', 'TranLog', 'MHE_Journal', 'OriginalOrderInput', 'CreateShipment', 'MasterData', 'MasterInput', 'Shipment_ID', 'Item_info', 'B2B_SUB_HUB']
2026-07-01 10:17:40,269 - INFO - MainThread - Total payloads to send: 110
2026-07-01 10:17:40,269 - INFO - MainThread - Using 5 worker thread(s).
2026-07-01 10:17:40,977 - INFO - ThreadPoolExecutor-0_0 - [PROD] Sending payload 1/110 | Order Number: V4070100257
2026-07-01 10:17:40,977 - INFO - ThreadPoolExecutor-0_1 - [PROD] Sending payload 2/110 | Order Number: V4070100258
2026-07-01 10:17:40,978 - INFO - ThreadPoolExecutor-0_2 - [PROD] Sending payload 3/110 | Order Number: V4070100259
2026-07-01 10:17:40,978 - INFO - ThreadPoolExecutor-0_3 - [PROD] Sending payload 4/110 | Order Number: V4070100260
2026-07-01 10:17:40,979 - INFO - ThreadPoolExecutor-0_4 - [PROD] Sending payload 5/110 | Order Number: V4070100261
2026-07-01 10:17:43,472 - INFO - ThreadPoolExecutor-0_3 - [PROD] Payload 4/110 sent successfully. Status Code: 200
2026-07-01 10:17:43,473 - INFO - ThreadPoolExecutor-0_3 - [PROD] Sending payload 6/110 | Order Number: V4070100262
2026-07-01 10:17:43,526 - INFO - ThreadPoolExecutor-0_2 - [PROD] Payload 3/110 sent successfully. Status Code: 200
2026-07-01 10:17:43,527 - INFO - ThreadPoolExecutor-0_2 - [PROD] Sending payload 7/110 | Order Number: V4070100263
2026-07-01 10:17:43,546 - INFO - ThreadPoolExecutor-0_0 - [PROD] Payload 1/110 sent successfully. Status Code: 200
2026-07-01 10:17:43,546 - INFO - ThreadPoolExecutor-0_0 - [PROD] Sending payload 8/110 | Order Number: V4070100264
2026-07-01 10:17:43,767 - INFO - ThreadPoolExecutor-0_1 - [PROD] Payload 2/110 sent successfully. Status Code: 200
2026-07-01 10:17:43,768 - INFO - ThreadPoolExecutor-0_1 - [PROD] Sending payload 9/110 | Order Number: V4070100265
2026-07-01 10:17:43,783 - INFO - ThreadPoolExecutor-0_4 - [PROD] Payload 5/110 sent successfully. Status Code: 200
2026-07-01 10:17:43,783 - INFO - ThreadPoolExecutor-0_4 - [PROD] Sending payload 10/110 | Order Number: V4070100266
2026-07-01 10:17:44,866 - INFO - ThreadPoolExecutor-0_3 - [PROD] Payload 6/110 sent successfully. Status Code: 200
2026-07-01 10:17:44,868 - INFO - ThreadPoolExecutor-0_3 - [PROD] Sending payload 11/110 | Order Number: V4070100267
2026-07-01 10:17:45,165 - INFO - ThreadPoolExecutor-0_4 - [PROD] Payload 10/110 sent successfully. Status Code: 200
2026-07-01 10:17:45,167 - INFO - ThreadPoolExecutor-0_4 - [PROD] Sending payload 12/110 | Order Number: V4070100268
2026-07-01 10:17:45,599 - INFO - ThreadPoolExecutor-0_0 - [PROD] Payload 8/110 sent successfully. Status Code: 200
2026-07-01 10:17:45,600 - INFO - ThreadPoolExecutor-0_0 - [PROD] Sending payload 13/110 | Order Number: V4070100269
2026-07-01 10:17:45,677 - INFO - ThreadPoolExecutor-0_2 - [PROD] Payload 7/110 sent successfully. Status Code: 200
2026-07-01 10:17:45,680 - INFO - ThreadPoolExecutor-0_2 - [PROD] Sending payload 14/110 | Order Number: V4070100270
2026-07-01 10:17:45,781 - INFO - ThreadPoolExecutor-0_1 - [PROD] Payload 9/110 sent successfully. Status Code: 200
2026-07-01 10:17:45,782 - INFO - ThreadPoolExecutor-0_1 - [PROD] Sending payload 15/110 | Order Number: V4070100271
2026-07-01 10:17:46,526 - INFO - ThreadPoolExecutor-0_4 - [PROD] Payload 12/110 sent successfully. Status Code: 200
2026-07-01 10:17:46,535 - INFO - ThreadPoolExecutor-0_4 - [PROD] Sending payload 16/110 | Order Number: V4070100272
2026-07-01 10:17:46,937 - INFO - ThreadPoolExecutor-0_3 - [PROD] Payload 11/110 sent successfully. Status Code: 200
2026-07-01 10:17:46,938 - INFO - ThreadPoolExecutor-0_3 - [PROD] Sending payload 17/110 | Order Number: V4070100273
2026-07-01 10:17:47,066 - INFO - ThreadPoolExecutor-0_2 - [PROD] Payload 14/110 sent successfully. Status Code: 200
2026-07-01 10:17:47,068 - INFO - ThreadPoolExecutor-0_2 - [PROD] Sending payload 18/110 | Order Number: V4070100274
2026-07-01 10:17:47,143 - INFO - ThreadPoolExecutor-0_1 - [PROD] Payload 15/110 sent successfully. Status Code: 200
2026-07-01 10:17:47,144 - INFO - ThreadPoolExecutor-0_1 - [PROD] Sending payload 19/110 | Order Number: V4070100275
2026-07-01 10:17:47,644 - INFO - ThreadPoolExecutor-0_0 - [PROD] Payload 13/110 sent successfully. Status Code: 200
2026-07-01 10:17:47,647 - INFO - ThreadPoolExecutor-0_0 - [PROD] Sending payload 20/110 | Order Number: V4070100276
2026-07-01 10:17:47,890 - INFO - ThreadPoolExecutor-0_4 - [PROD] Payload 16/110 sent successfully. Status Code: 200
2026-07-01 10:17:47,891 - INFO - ThreadPoolExecutor-0_4 - [PROD] Sending payload 21/110 | Order Number: V4070100277
2026-07-01 10:17:48,326 - INFO - ThreadPoolExecutor-0_3 - [PROD] Payload 17/110 sent successfully. Status Code: 200
2026-07-01 10:17:48,328 - INFO - ThreadPoolExecutor-0_3 - [PROD] Sending payload 22/110 | Order Number: V4070100278
2026-07-01 10:17:48,427 - INFO - ThreadPoolExecutor-0_2 - [PROD] Payload 18/110 sent successfully. Status Code: 200
2026-07-01 10:17:48,429 - INFO - ThreadPoolExecutor-0_2 - [PROD] Sending payload 23/110 | Order Number: V4070100279
2026-07-01 10:17:48,598 - INFO - ThreadPoolExecutor-0_1 - [PROD] Payload 19/110 sent successfully. Status Code: 200
2026-07-01 10:17:48,598 - INFO - ThreadPoolExecutor-0_1 - [PROD] Sending payload 24/110 | Order Number: V4070100280
2026-07-01 10:17:49,009 - INFO - ThreadPoolExecutor-0_0 - [PROD] Payload 20/110 sent successfully. Status Code: 200
2026-07-01 10:17:49,011 - INFO - ThreadPoolExecutor-0_0 - [PROD] Sending payload 25/110 | Order Number: V4070100281
2026-07-01 10:17:49,279 - INFO - ThreadPoolExecutor-0_4 - [PROD] Payload 21/110 sent successfully. Status Code: 200
2026-07-01 10:17:49,280 - INFO - ThreadPoolExecutor-0_4 - [PROD] Sending payload 26/110 | Order Number: V4070100282
2026-07-01 10:17:49,724 - INFO - ThreadPoolExecutor-0_3 - [PROD] Payload 22/110 sent successfully. Status Code: 200
2026-07-01 10:17:49,726 - INFO - ThreadPoolExecutor-0_3 - [PROD] Sending payload 27/110 | Order Number: V4070100283
2026-07-01 10:17:49,788 - INFO - ThreadPoolExecutor-0_2 - [PROD] Payload 23/110 sent successfully. Status Code: 200
2026-07-01 10:17:49,790 - INFO - ThreadPoolExecutor-0_2 - [PROD] Sending payload 28/110 | Order Number: V4070100284
2026-07-01 10:17:49,941 - INFO - ThreadPoolExecutor-0_1 - [PROD] Payload 24/110 sent successfully. Status Code: 200
2026-07-01 10:17:49,941 - INFO - ThreadPoolExecutor-0_1 - [PROD] Sending payload 29/110 | Order Number: V4070100285
2026-07-01 10:17:50,380 - INFO - ThreadPoolExecutor-0_0 - [PROD] Payload 25/110 sent successfully. Status Code: 200
2026-07-01 10:17:50,382 - INFO - ThreadPoolExecutor-0_0 - [PROD] Sending payload 30/110 | Order Number: V4070100286
2026-07-01 10:17:50,646 - INFO - ThreadPoolExecutor-0_4 - [PROD] Payload 26/110 sent successfully. Status Code: 200
2026-07-01 10:17:50,647 - INFO - ThreadPoolExecutor-0_4 - [PROD] Sending payload 31/110 | Order Number: V4070100287
2026-07-01 10:17:51,109 - INFO - ThreadPoolExecutor-0_3 - [PROD] Payload 27/110 sent successfully. Status Code: 200
2026-07-01 10:17:51,110 - INFO - ThreadPoolExecutor-0_3 - [PROD] Sending payload 32/110 | Order Number: V4070100288
2026-07-01 10:17:51,290 - INFO - ThreadPoolExecutor-0_2 - [PROD] Payload 28/110 sent successfully. Status Code: 200
2026-07-01 10:17:51,290 - INFO - ThreadPoolExecutor-0_2 - [PROD] Sending payload 33/110 | Order Number: V4070100289
2026-07-01 10:17:51,304 - INFO - ThreadPoolExecutor-0_1 - [PROD] Payload 29/110 sent successfully. Status Code: 200
2026-07-01 10:17:51,304 - INFO - ThreadPoolExecutor-0_1 - [PROD] Sending payload 34/110 | Order Number: V4070100290
2026-07-01 10:17:52,092 - INFO - ThreadPoolExecutor-0_4 - [PROD] Payload 31/110 sent successfully. Status Code: 200
2026-07-01 10:17:52,093 - INFO - ThreadPoolExecutor-0_4 - [PROD] Sending payload 35/110 | Order Number: V4070100291
2026-07-01 10:17:52,406 - INFO - ThreadPoolExecutor-0_0 - [PROD] Payload 30/110 sent successfully. Status Code: 200
2026-07-01 10:17:52,406 - INFO - ThreadPoolExecutor-0_0 - [PROD] Sending payload 36/110 | Order Number: V4070100292
2026-07-01 10:17:52,484 - INFO - ThreadPoolExecutor-0_3 - [PROD] Payload 32/110 sent successfully. Status Code: 200
2026-07-01 10:17:52,487 - INFO - ThreadPoolExecutor-0_3 - [PROD] Sending payload 37/110 | Order Number: V4070100293
2026-07-01 10:17:52,636 - INFO - ThreadPoolExecutor-0_2 - [PROD] Payload 33/110 sent successfully. Status Code: 200
2026-07-01 10:17:52,637 - INFO - ThreadPoolExecutor-0_2 - [PROD] Sending payload 38/110 | Order Number: V4070100294
2026-07-01 10:17:52,676 - INFO - ThreadPoolExecutor-0_1 - [PROD] Payload 34/110 sent successfully. Status Code: 200
2026-07-01 10:17:52,677 - INFO - ThreadPoolExecutor-0_1 - [PROD] Sending payload 39/110 | Order Number: V4070100295
2026-07-01 10:17:53,837 - INFO - ThreadPoolExecutor-0_3 - [PROD] Payload 37/110 sent successfully. Status Code: 200
2026-07-01 10:17:53,838 - INFO - ThreadPoolExecutor-0_3 - [PROD] Sending payload 40/110 | Order Number: V4070100296
2026-07-01 10:17:54,019 - INFO - ThreadPoolExecutor-0_2 - [PROD] Payload 38/110 sent successfully. Status Code: 200
2026-07-01 10:17:54,019 - INFO - ThreadPoolExecutor-0_2 - [PROD] Sending payload 41/110 | Order Number: V4070100297
2026-07-01 10:17:54,081 - INFO - ThreadPoolExecutor-0_1 - [PROD] Payload 39/110 sent successfully. Status Code: 200
2026-07-01 10:17:54,082 - INFO - ThreadPoolExecutor-0_1 - [PROD] Sending payload 42/110 | Order Number: V4070100298
2026-07-01 10:17:54,465 - INFO - ThreadPoolExecutor-0_4 - [PROD] Payload 35/110 sent successfully. Status Code: 200
2026-07-01 10:17:54,466 - INFO - ThreadPoolExecutor-0_4 - [PROD] Sending payload 43/110 | Order Number: V4070100299
2026-07-01 10:17:54,475 - INFO - ThreadPoolExecutor-0_0 - [PROD] Payload 36/110 sent successfully. Status Code: 200
2026-07-01 10:17:54,475 - INFO - ThreadPoolExecutor-0_0 - [PROD] Sending payload 44/110 | Order Number: V4070100300
2026-07-01 10:17:55,289 - INFO - ThreadPoolExecutor-0_3 - [PROD] Payload 40/110 sent successfully. Status Code: 200
2026-07-01 10:17:55,289 - INFO - ThreadPoolExecutor-0_3 - [PROD] Sending payload 45/110 | Order Number: V4070100301
2026-07-01 10:17:55,575 - INFO - ThreadPoolExecutor-0_1 - [PROD] Payload 42/110 sent successfully. Status Code: 200
2026-07-01 10:17:55,575 - INFO - ThreadPoolExecutor-0_1 - [PROD] Sending payload 46/110 | Order Number: V4070100302
2026-07-01 10:17:55,890 - INFO - ThreadPoolExecutor-0_0 - [PROD] Payload 44/110 sent successfully. Status Code: 200
2026-07-01 10:17:55,893 - INFO - ThreadPoolExecutor-0_0 - [PROD] Sending payload 47/110 | Order Number: V4070100303
2026-07-01 10:17:56,047 - INFO - ThreadPoolExecutor-0_2 - [PROD] Payload 41/110 sent successfully. Status Code: 200
2026-07-01 10:17:56,051 - INFO - ThreadPoolExecutor-0_2 - [PROD] Sending payload 48/110 | Order Number: V4070100304
2026-07-01 10:17:56,071 - INFO - ThreadPoolExecutor-0_4 - [PROD] Payload 43/110 sent successfully. Status Code: 200
2026-07-01 10:17:56,074 - INFO - ThreadPoolExecutor-0_4 - [PROD] Sending payload 49/110 | Order Number: V4070100305
2026-07-01 10:17:56,666 - INFO - ThreadPoolExecutor-0_3 - [PROD] Payload 45/110 sent successfully. Status Code: 200
2026-07-01 10:17:56,667 - INFO - ThreadPoolExecutor-0_3 - [PROD] Sending payload 50/110 | Order Number: V4070100306
2026-07-01 10:17:56,934 - INFO - ThreadPoolExecutor-0_1 - [PROD] Payload 46/110 sent successfully. Status Code: 200
2026-07-01 10:17:56,939 - INFO - ThreadPoolExecutor-0_1 - [PROD] Sending payload 51/110 | Order Number: V4070100307
2026-07-01 10:17:57,316 - INFO - ThreadPoolExecutor-0_0 - [PROD] Payload 47/110 sent successfully. Status Code: 200
2026-07-01 10:17:57,320 - INFO - ThreadPoolExecutor-0_0 - [PROD] Sending payload 52/110 | Order Number: V4070100308
2026-07-01 10:17:57,415 - INFO - ThreadPoolExecutor-0_4 - [PROD] Payload 49/110 sent successfully. Status Code: 200
2026-07-01 10:17:57,415 - INFO - ThreadPoolExecutor-0_4 - [PROD] Sending payload 53/110 | Order Number: V4070100309
2026-07-01 10:17:57,456 - INFO - ThreadPoolExecutor-0_2 - [PROD] Payload 48/110 sent successfully. Status Code: 200
2026-07-01 10:17:57,457 - INFO - ThreadPoolExecutor-0_2 - [PROD] Sending payload 54/110 | Order Number: V4070100310
2026-07-01 10:17:58,071 - INFO - ThreadPoolExecutor-0_3 - [PROD] Payload 50/110 sent successfully. Status Code: 200
2026-07-01 10:17:58,073 - INFO - ThreadPoolExecutor-0_3 - [PROD] Sending payload 55/110 | Order Number: V4070100311
2026-07-01 10:17:58,313 - INFO - ThreadPoolExecutor-0_1 - [PROD] Payload 51/110 sent successfully. Status Code: 200
2026-07-01 10:17:58,313 - INFO - ThreadPoolExecutor-0_1 - [PROD] Sending payload 56/110 | Order Number: V4070100312
2026-07-01 10:17:58,660 - INFO - ThreadPoolExecutor-0_0 - [PROD] Payload 52/110 sent successfully. Status Code: 200
2026-07-01 10:17:58,661 - INFO - ThreadPoolExecutor-0_0 - [PROD] Sending payload 57/110 | Order Number: V4070100313
2026-07-01 10:17:58,816 - INFO - ThreadPoolExecutor-0_2 - [PROD] Payload 54/110 sent successfully. Status Code: 200
2026-07-01 10:17:58,817 - INFO - ThreadPoolExecutor-0_2 - [PROD] Sending payload 58/110 | Order Number: V4070100314
2026-07-01 10:17:59,528 - INFO - ThreadPoolExecutor-0_4 - [PROD] Payload 53/110 sent successfully. Status Code: 200
2026-07-01 10:17:59,529 - INFO - ThreadPoolExecutor-0_4 - [PROD] Sending payload 59/110 | Order Number: V4070100315
2026-07-01 10:17:59,683 - INFO - ThreadPoolExecutor-0_1 - [PROD] Payload 56/110 sent successfully. Status Code: 200
2026-07-01 10:17:59,684 - INFO - ThreadPoolExecutor-0_1 - [PROD] Sending payload 60/110 | Order Number: V4070100316
2026-07-01 10:18:00,022 - INFO - ThreadPoolExecutor-0_0 - [PROD] Payload 57/110 sent successfully. Status Code: 200
2026-07-01 10:18:00,022 - INFO - ThreadPoolExecutor-0_0 - [PROD] Sending payload 61/110 | Order Number: V4070100317
2026-07-01 10:18:00,236 - INFO - ThreadPoolExecutor-0_3 - [PROD] Payload 55/110 sent successfully. Status Code: 200
2026-07-01 10:18:00,237 - INFO - ThreadPoolExecutor-0_3 - [PROD] Sending payload 62/110 | Order Number: V4070100318
2026-07-01 10:18:00,849 - INFO - ThreadPoolExecutor-0_2 - [PROD] Payload 58/110 sent successfully. Status Code: 200
2026-07-01 10:18:00,850 - INFO - ThreadPoolExecutor-0_2 - [PROD] Sending payload 63/110 | Order Number: V4070100319
2026-07-01 10:18:01,035 - INFO - ThreadPoolExecutor-0_4 - [PROD] Payload 59/110 sent successfully. Status Code: 200
2026-07-01 10:18:01,036 - INFO - ThreadPoolExecutor-0_4 - [PROD] Sending payload 64/110 | Order Number: V4070100320
2026-07-01 10:18:01,215 - INFO - ThreadPoolExecutor-0_1 - [PROD] Payload 60/110 sent successfully. Status Code: 200
2026-07-01 10:18:01,216 - INFO - ThreadPoolExecutor-0_1 - [PROD] Sending payload 65/110 | Order Number: V4070100321
2026-07-01 10:18:01,566 - INFO - ThreadPoolExecutor-0_0 - [PROD] Payload 61/110 sent successfully. Status Code: 200
2026-07-01 10:18:01,571 - INFO - ThreadPoolExecutor-0_0 - [PROD] Sending payload 66/110 | Order Number: V4070100322
2026-07-01 10:18:02,488 - INFO - ThreadPoolExecutor-0_2 - [PROD] Payload 63/110 sent successfully. Status Code: 200
2026-07-01 10:18:02,489 - INFO - ThreadPoolExecutor-0_2 - [PROD] Sending payload 67/110 | Order Number: V4070100323
2026-07-01 10:18:02,581 - INFO - ThreadPoolExecutor-0_1 - [PROD] Payload 65/110 sent successfully. Status Code: 200
2026-07-01 10:18:02,583 - INFO - ThreadPoolExecutor-0_1 - [PROD] Sending payload 68/110 | Order Number: V4070100324
2026-07-01 10:18:02,603 - INFO - ThreadPoolExecutor-0_3 - [PROD] Payload 62/110 sent successfully. Status Code: 200
2026-07-01 10:18:02,604 - INFO - ThreadPoolExecutor-0_3 - [PROD] Sending payload 69/110 | Order Number: V4070100325
2026-07-01 10:18:03,059 - INFO - ThreadPoolExecutor-0_4 - [PROD] Payload 64/110 sent successfully. Status Code: 200
2026-07-01 10:18:03,060 - INFO - ThreadPoolExecutor-0_4 - [PROD] Sending payload 70/110 | Order Number: V4070100326
2026-07-01 10:18:03,122 - INFO - ThreadPoolExecutor-0_0 - [PROD] Payload 66/110 sent successfully. Status Code: 200
2026-07-01 10:18:03,122 - INFO - ThreadPoolExecutor-0_0 - [PROD] Sending payload 71/110 | Order Number: V4070100327
2026-07-01 10:18:03,968 - INFO - ThreadPoolExecutor-0_2 - [PROD] Payload 67/110 sent successfully. Status Code: 200
2026-07-01 10:18:03,970 - INFO - ThreadPoolExecutor-0_2 - [PROD] Sending payload 72/110 | Order Number: V4070100328
2026-07-01 10:18:04,033 - INFO - ThreadPoolExecutor-0_1 - [PROD] Payload 68/110 sent successfully. Status Code: 200
2026-07-01 10:18:04,039 - INFO - ThreadPoolExecutor-0_1 - [PROD] Sending payload 73/110 | Order Number: V4070100329
2026-07-01 10:18:04,050 - INFO - ThreadPoolExecutor-0_3 - [PROD] Payload 69/110 sent successfully. Status Code: 200
2026-07-01 10:18:04,051 - INFO - ThreadPoolExecutor-0_3 - [PROD] Sending payload 74/110 | Order Number: V4070100330
2026-07-01 10:18:04,419 - INFO - ThreadPoolExecutor-0_4 - [PROD] Payload 70/110 sent successfully. Status Code: 200
2026-07-01 10:18:04,420 - INFO - ThreadPoolExecutor-0_4 - [PROD] Sending payload 75/110 | Order Number: V4070100331
2026-07-01 10:18:05,285 - INFO - ThreadPoolExecutor-0_0 - [PROD] Payload 71/110 sent successfully. Status Code: 200
2026-07-01 10:18:05,288 - INFO - ThreadPoolExecutor-0_0 - [PROD] Sending payload 76/110 | Order Number: V4070100332
2026-07-01 10:18:05,412 - INFO - ThreadPoolExecutor-0_1 - [PROD] Payload 73/110 sent successfully. Status Code: 200
2026-07-01 10:18:05,415 - INFO - ThreadPoolExecutor-0_1 - [PROD] Sending payload 77/110 | Order Number: V4070100333
2026-07-01 10:18:05,423 - INFO - ThreadPoolExecutor-0_2 - [PROD] Payload 72/110 sent successfully. Status Code: 200
2026-07-01 10:18:05,426 - INFO - ThreadPoolExecutor-0_2 - [PROD] Sending payload 78/110 | Order Number: V4070100334
2026-07-01 10:18:05,606 - INFO - ThreadPoolExecutor-0_3 - [PROD] Payload 74/110 sent successfully. Status Code: 200
2026-07-01 10:18:05,606 - INFO - ThreadPoolExecutor-0_3 - [PROD] Sending payload 79/110 | Order Number: V4070100335
2026-07-01 10:18:05,776 - INFO - ThreadPoolExecutor-0_4 - [PROD] Payload 75/110 sent successfully. Status Code: 200
2026-07-01 10:18:05,779 - INFO - ThreadPoolExecutor-0_4 - [PROD] Sending payload 80/110 | Order Number: V4070100336
2026-07-01 10:18:06,664 - INFO - ThreadPoolExecutor-0_0 - [PROD] Payload 76/110 sent successfully. Status Code: 200
2026-07-01 10:18:06,665 - INFO - ThreadPoolExecutor-0_0 - [PROD] Sending payload 81/110 | Order Number: V4070100337
2026-07-01 10:18:06,779 - INFO - ThreadPoolExecutor-0_2 - [PROD] Payload 78/110 sent successfully. Status Code: 200
2026-07-01 10:18:06,781 - INFO - ThreadPoolExecutor-0_2 - [PROD] Sending payload 82/110 | Order Number: V4070100338
2026-07-01 10:18:06,785 - INFO - ThreadPoolExecutor-0_1 - [PROD] Payload 77/110 sent successfully. Status Code: 200
2026-07-01 10:18:06,789 - INFO - ThreadPoolExecutor-0_1 - [PROD] Sending payload 83/110 | Order Number: V4070100339
2026-07-01 10:18:06,986 - INFO - ThreadPoolExecutor-0_3 - [PROD] Payload 79/110 sent successfully. Status Code: 200
2026-07-01 10:18:06,988 - INFO - ThreadPoolExecutor-0_3 - [PROD] Sending payload 84/110 | Order Number: V4070100340
2026-07-01 10:18:07,135 - INFO - ThreadPoolExecutor-0_4 - [PROD] Payload 80/110 sent successfully. Status Code: 200
2026-07-01 10:18:07,142 - INFO - ThreadPoolExecutor-0_4 - [PROD] Sending payload 85/110 | Order Number: V4070100341
2026-07-01 10:18:08,167 - INFO - ThreadPoolExecutor-0_0 - [PROD] Payload 81/110 sent successfully. Status Code: 200
2026-07-01 10:18:08,170 - INFO - ThreadPoolExecutor-0_0 - [PROD] Sending payload 86/110 | Order Number: V4070100342
2026-07-01 10:18:08,240 - INFO - ThreadPoolExecutor-0_2 - [PROD] Payload 82/110 sent successfully. Status Code: 200
2026-07-01 10:18:08,242 - INFO - ThreadPoolExecutor-0_2 - [PROD] Sending payload 87/110 | Order Number: V4070100343
2026-07-01 10:18:08,386 - INFO - ThreadPoolExecutor-0_3 - [PROD] Payload 84/110 sent successfully. Status Code: 200
2026-07-01 10:18:08,393 - INFO - ThreadPoolExecutor-0_3 - [PROD] Sending payload 88/110 | Order Number: V4070100344
2026-07-01 10:18:08,524 - INFO - ThreadPoolExecutor-0_4 - [PROD] Payload 85/110 sent successfully. Status Code: 200
2026-07-01 10:18:08,526 - INFO - ThreadPoolExecutor-0_4 - [PROD] Sending payload 89/110 | Order Number: V4070100345
2026-07-01 10:18:08,870 - INFO - ThreadPoolExecutor-0_1 - [PROD] Payload 83/110 sent successfully. Status Code: 200
2026-07-01 10:18:08,873 - INFO - ThreadPoolExecutor-0_1 - [PROD] Sending payload 90/110 | Order Number: V4070100346
2026-07-01 10:18:09,535 - INFO - ThreadPoolExecutor-0_0 - [PROD] Payload 86/110 sent successfully. Status Code: 200
2026-07-01 10:18:09,537 - INFO - ThreadPoolExecutor-0_0 - [PROD] Sending payload 91/110 | Order Number: V4070100347
2026-07-01 10:18:09,784 - INFO - ThreadPoolExecutor-0_3 - [PROD] Payload 88/110 sent successfully. Status Code: 200
2026-07-01 10:18:09,784 - INFO - ThreadPoolExecutor-0_3 - [PROD] Sending payload 92/110 | Order Number: V4070100348
2026-07-01 10:18:09,899 - INFO - ThreadPoolExecutor-0_4 - [PROD] Payload 89/110 sent successfully. Status Code: 200
2026-07-01 10:18:09,902 - INFO - ThreadPoolExecutor-0_4 - [PROD] Sending payload 93/110 | Order Number: V4070100349
2026-07-01 10:18:10,221 - INFO - ThreadPoolExecutor-0_1 - [PROD] Payload 90/110 sent successfully. Status Code: 200
2026-07-01 10:18:10,222 - INFO - ThreadPoolExecutor-0_1 - [PROD] Sending payload 94/110 | Order Number: V4070100350
2026-07-01 10:18:10,273 - INFO - ThreadPoolExecutor-0_2 - [PROD] Payload 87/110 sent successfully. Status Code: 200
2026-07-01 10:18:10,274 - INFO - ThreadPoolExecutor-0_2 - [PROD] Sending payload 95/110 | Order Number: V4070100351
2026-07-01 10:18:10,942 - INFO - ThreadPoolExecutor-0_0 - [PROD] Payload 91/110 sent successfully. Status Code: 200
2026-07-01 10:18:10,942 - INFO - ThreadPoolExecutor-0_0 - [PROD] Sending payload 96/110 | Order Number: V4070100352
2026-07-01 10:18:11,146 - INFO - ThreadPoolExecutor-0_3 - [PROD] Payload 92/110 sent successfully. Status Code: 200
2026-07-01 10:18:11,146 - INFO - ThreadPoolExecutor-0_3 - [PROD] Sending payload 97/110 | Order Number: V4070100353
2026-07-01 10:18:11,270 - INFO - ThreadPoolExecutor-0_4 - [PROD] Payload 93/110 sent successfully. Status Code: 200
2026-07-01 10:18:11,270 - INFO - ThreadPoolExecutor-0_4 - [PROD] Sending payload 98/110 | Order Number: V4070100354
2026-07-01 10:18:11,585 - INFO - ThreadPoolExecutor-0_1 - [PROD] Payload 94/110 sent successfully. Status Code: 200
2026-07-01 10:18:11,588 - INFO - ThreadPoolExecutor-0_1 - [PROD] Sending payload 99/110 | Order Number: V4070100355
2026-07-01 10:18:12,364 - INFO - ThreadPoolExecutor-0_0 - [PROD] Payload 96/110 sent successfully. Status Code: 200
2026-07-01 10:18:12,367 - INFO - ThreadPoolExecutor-0_0 - [PROD] Sending payload 100/110 | Order Number: V4070100356
2026-07-01 10:18:12,413 - INFO - ThreadPoolExecutor-0_2 - [PROD] Payload 95/110 sent successfully. Status Code: 200
2026-07-01 10:18:12,416 - INFO - ThreadPoolExecutor-0_2 - [PROD] Sending payload 101/110 | Order Number: V4070100357
2026-07-01 10:18:12,520 - INFO - ThreadPoolExecutor-0_3 - [PROD] Payload 97/110 sent successfully. Status Code: 200
2026-07-01 10:18:12,522 - INFO - ThreadPoolExecutor-0_3 - [PROD] Sending payload 102/110 | Order Number: V4070100358
2026-07-01 10:18:12,632 - INFO - ThreadPoolExecutor-0_4 - [PROD] Payload 98/110 sent successfully. Status Code: 200
2026-07-01 10:18:12,632 - INFO - ThreadPoolExecutor-0_4 - [PROD] Sending payload 103/110 | Order Number: V4070100359
2026-07-01 10:18:12,945 - INFO - ThreadPoolExecutor-0_1 - [PROD] Payload 99/110 sent successfully. Status Code: 200
2026-07-01 10:18:12,948 - INFO - ThreadPoolExecutor-0_1 - [PROD] Sending payload 104/110 | Order Number: V4070100360
2026-07-01 10:18:13,737 - INFO - ThreadPoolExecutor-0_0 - [PROD] Payload 100/110 sent successfully. Status Code: 200
2026-07-01 10:18:13,739 - INFO - ThreadPoolExecutor-0_0 - [PROD] Sending payload 105/110 | Order Number: V4070100361
2026-07-01 10:18:13,783 - INFO - ThreadPoolExecutor-0_2 - [PROD] Payload 101/110 sent successfully. Status Code: 200
2026-07-01 10:18:13,785 - INFO - ThreadPoolExecutor-0_2 - [PROD] Sending payload 106/110 | Order Number: V4070100362
2026-07-01 10:18:13,900 - INFO - ThreadPoolExecutor-0_3 - [PROD] Payload 102/110 sent successfully. Status Code: 200
2026-07-01 10:18:13,904 - INFO - ThreadPoolExecutor-0_3 - [PROD] Sending payload 107/110 | Order Number: V4070100363
2026-07-01 10:18:13,993 - INFO - ThreadPoolExecutor-0_4 - [PROD] Payload 103/110 sent successfully. Status Code: 200
2026-07-01 10:18:13,993 - INFO - ThreadPoolExecutor-0_4 - [PROD] Sending payload 108/110 | Order Number: V4070100364
2026-07-01 10:18:14,313 - INFO - ThreadPoolExecutor-0_1 - [PROD] Payload 104/110 sent successfully. Status Code: 200
2026-07-01 10:18:14,317 - INFO - ThreadPoolExecutor-0_1 - [PROD] Sending payload 109/110 | Order Number: V4070100365
2026-07-01 10:18:15,242 - INFO - ThreadPoolExecutor-0_2 - [PROD] Payload 106/110 sent successfully. Status Code: 200
2026-07-01 10:18:15,243 - INFO - ThreadPoolExecutor-0_0 - [PROD] Payload 105/110 sent successfully. Status Code: 200
2026-07-01 10:18:15,244 - INFO - ThreadPoolExecutor-0_2 - [PROD] Sending payload 110/110 | Order Number: V4070100366
2026-07-01 10:18:15,256 - INFO - ThreadPoolExecutor-0_3 - [PROD] Payload 107/110 sent successfully. Status Code: 200
2026-07-01 10:18:15,380 - INFO - ThreadPoolExecutor-0_4 - [PROD] Payload 108/110 sent successfully. Status Code: 200
2026-07-01 10:18:15,697 - INFO - ThreadPoolExecutor-0_1 - [PROD] Payload 109/110 sent successfully. Status Code: 200
2026-07-01 10:18:16,592 - INFO - ThreadPoolExecutor-0_2 - [PROD] Payload 110/110 sent successfully. Status Code: 200
2026-07-01 10:18:16,597 - INFO - MainThread - Completed order creation. Success: 110, Failed: 0, Total: 110
