2026-07-07 15:16:29,626 - INFO - Execution log file: /Users/vgana3/Documents/GitHub/Nike/J30/Outbound/logs/pack_complete_20260707_151629.log
2026-07-07 15:16:29,626 - INFO - Starting continuous mode. The job will rerun every 10 seconds. Press Ctrl+C to stop.
2026-07-07 15:16:29,627 - INFO - Starting Pack Complete run...
2026-07-07 15:16:30,249 - INFO - Successfully extracted 1 data row(s) for wave information processing.
2026-07-07 15:16:30,249 - INFO - Processing row 1: {'Plant': 1081, 'Environment': 'QA', 'Wave_number': 'W07022026000000000004;W07022026000000000003;W07022026000000000002;W07022026000000000001;W07012026000000000004;W07012026000000000003'}
2026-07-07 15:16:30,482 - INFO - Processing Task 1/1: Plant 1081 (QA)
2026-07-07 15:16:30,945 - ERROR - Request failed for Plant 1081 (QA): 401 Client Error:  for url: https://nikeaplawmqa1-auth.sce.manh.com/oauth/token
2026-07-07 15:16:30,948 - INFO - No valid search by iLPN found, cannot create any payloads, check self.search_by_iLPN in task_search_payload
2026-07-07 15:16:30,949 - INFO - Processing Task 1/1: Plant 1081 (QA)
2026-07-07 15:16:31,331 - ERROR - Request failed for Plant 1081 (QA): 401 Client Error:  for url: https://nikeaplawmqa1-auth.sce.manh.com/oauth/token
2026-07-07 15:16:31,333 - ERROR - No valid pack complete payload rows were built.
2026-07-07 15:16:31,333 - ERROR - No payload were generated in Pack Complete Payload program
2026-07-07 15:16:31,334 - INFO - Pack Complete run finished.
2026-07-07 15:16:31,334 - INFO - Waiting 10 seconds before next run...
2026-07-07 15:16:41,339 - INFO - Starting Pack Complete run...
2026-07-07 15:16:41,586 - INFO - Successfully extracted 1 data row(s) for wave information processing.
2026-07-07 15:16:41,586 - INFO - Processing row 1: {'Plant': 1081, 'Environment': 'QA', 'Wave_number': 'W07022026000000000004;W07022026000000000003;W07022026000000000002;W07022026000000000001;W07012026000000000004;W07012026000000000003'}
2026-07-07 15:16:41,802 - INFO - Processing Task 1/1: Plant 1081 (QA)
2026-07-07 15:16:42,164 - ERROR - Request failed for Plant 1081 (QA): 401 Client Error:  for url: https://nikeaplawmqa1-auth.sce.manh.com/oauth/token
2026-07-07 15:16:42,167 - INFO - No valid search by iLPN found, cannot create any payloads, check self.search_by_iLPN in task_search_payload
2026-07-07 15:16:42,167 - INFO - Processing Task 1/1: Plant 1081 (QA)
2026-07-07 15:16:42,526 - ERROR - Request failed for Plant 1081 (QA): 401 Client Error:  for url: https://nikeaplawmqa1-auth.sce.manh.com/oauth/token
2026-07-07 15:16:42,529 - ERROR - No valid pack complete payload rows were built.
2026-07-07 15:16:42,529 - ERROR - No payload were generated in Pack Complete Payload program
2026-07-07 15:16:42,530 - INFO - Pack Complete run finished.
2026-07-07 15:16:42,530 - INFO - Waiting 10 seconds before next run...
2026-07-07 15:16:48,387 - INFO - Stop requested (Ctrl+C). Continuous Pack Complete execution stopped.
