2026-07-02 16:24:20,680 - INFO - Execution log file: /Users/vgana3/Documents/GitHub/Nike/J30/Outbound/logs/pack_complete_20260702_162420.log
2026-07-02 16:24:20,681 - INFO - Starting continuous mode. The job will rerun every 30 seconds. Press Ctrl+C to stop.
2026-07-02 16:24:20,681 - INFO - Starting Pack Complete run...
2026-07-02 16:24:21,097 - INFO - Successfully extracted 1 data row(s) for wave information processing.
2026-07-02 16:24:21,097 - INFO - Processing row 1: {'Plant': 1081, 'Environment': 'PROD', 'Wave_number': 'W07022026000000000004;W07022026000000000003;W07022026000000000002;W07022026000000000001;W07012026000000000004;W07012026000000000003'}
2026-07-02 16:24:21,322 - INFO - Processing Task 1/1: Plant 1081 (PROD)
2026-07-02 16:24:21,652 - INFO - Successfully retrieved token.
2026-07-02 16:24:21,652 - INFO - Sending payload to URL: https://nikeaplawmprod1.sce.manh.com/pickpack/api/pickpack/olpn/search
2026-07-02 16:24:21,885 - INFO - Successfully received response for Plant 1081 (PROD)
2026-07-02 16:24:22,348 - INFO - Sending payload to URL: https://nikeaplawmprod1.sce.manh.com/task/api/task/taskDetail/search
2026-07-02 16:24:22,538 - INFO - -> Success: True, Message: None
2026-07-02 16:24:22,542 - INFO - Processing Task 1/1: Plant 1081 (PROD)
2026-07-02 16:24:22,964 - INFO - Successfully retrieved token.
2026-07-02 16:24:22,964 - INFO - Sending payload to URL: https://nikeaplawmprod1.sce.manh.com/pickpack/api/pickpack/olpn/search
2026-07-02 16:24:23,176 - INFO - Successfully received response for Plant 1081 (PROD)
2026-07-02 16:24:23,177 - INFO - Success: Found 9 oLPN row(s) for this task.
2026-07-02 16:24:23,179 - INFO - Processing 9 payloads for Environment: PROD
2026-07-02 16:24:23,577 - INFO - Successfully retrieved token for PROD environment.
2026-07-02 16:24:23,577 - INFO - Sending payloads to URL: https://nikeaplawmprod1.sce.manh.com/pickpack/api/ServiceDefinition/invoke/NIKEEX10PackResultCS_1081
2026-07-02 16:24:23,577 - INFO - Using 9 worker threads for 9 payloads.
2026-07-02 16:24:23,578 - INFO - [PROD] Processing Payload 1/9 for Plant 1081
2026-07-02 16:24:23,578 - INFO - [PROD] Processing Payload 2/9 for Plant 1081
2026-07-02 16:24:23,580 - INFO - [PROD] Processing Payload 3/9 for Plant 1081
2026-07-02 16:24:23,580 - INFO - [PROD] Processing Payload 4/9 for Plant 1081
2026-07-02 16:24:23,582 - INFO - [PROD] Processing Payload 5/9 for Plant 1081
2026-07-02 16:24:23,583 - INFO - [PROD] Processing Payload 6/9 for Plant 1081
2026-07-02 16:24:23,584 - INFO - [PROD] Processing Payload 7/9 for Plant 1081
2026-07-02 16:24:23,584 - INFO - [PROD] Processing Payload 8/9 for Plant 1081
2026-07-02 16:24:23,585 - INFO - [PROD] Processing Payload 9/9 for Plant 1081
2026-07-02 16:24:26,499 - INFO - Pack Complete run finished. Success: 9, Failed: 0, Total: 9
2026-07-02 16:24:26,500 - INFO - Pack Complete run finished.
2026-07-02 16:24:26,500 - INFO - Waiting 30 seconds before next run...
2026-07-02 16:24:56,504 - INFO - Starting Pack Complete run...
2026-07-02 16:24:56,768 - INFO - Successfully extracted 1 data row(s) for wave information processing.
2026-07-02 16:24:56,768 - INFO - Processing row 1: {'Plant': 1081, 'Environment': 'PROD', 'Wave_number': 'W07022026000000000004;W07022026000000000003;W07022026000000000002;W07022026000000000001;W07012026000000000004;W07012026000000000003'}
2026-07-02 16:24:56,978 - INFO - Processing Task 1/1: Plant 1081 (PROD)
2026-07-02 16:24:57,471 - INFO - Successfully retrieved token.
2026-07-02 16:24:57,472 - INFO - Sending payload to URL: https://nikeaplawmprod1.sce.manh.com/pickpack/api/pickpack/olpn/search
2026-07-02 16:24:57,684 - INFO - Successfully received response for Plant 1081 (PROD)
2026-07-02 16:24:58,190 - INFO - Sending payload to URL: https://nikeaplawmprod1.sce.manh.com/task/api/task/taskDetail/search
2026-07-02 16:24:58,424 - INFO - -> Success: True, Message: None
2026-07-02 16:24:58,426 - INFO - Processing Task 1/1: Plant 1081 (PROD)
2026-07-02 16:24:58,905 - INFO - Successfully retrieved token.
2026-07-02 16:24:58,905 - INFO - Sending payload to URL: https://nikeaplawmprod1.sce.manh.com/pickpack/api/pickpack/olpn/search
2026-07-02 16:24:59,130 - INFO - Successfully received response for Plant 1081 (PROD)
2026-07-02 16:24:59,132 - INFO - Success: Found 9 oLPN row(s) for this task.
2026-07-02 16:24:59,138 - INFO - Processing 9 payloads for Environment: PROD
2026-07-02 16:24:59,625 - INFO - Successfully retrieved token for PROD environment.
2026-07-02 16:24:59,626 - INFO - Sending payloads to URL: https://nikeaplawmprod1.sce.manh.com/pickpack/api/ServiceDefinition/invoke/NIKEEX10PackResultCS_1081
2026-07-02 16:24:59,626 - INFO - Using 9 worker threads for 9 payloads.
2026-07-02 16:24:59,634 - INFO - [PROD] Processing Payload 1/9 for Plant 1081
2026-07-02 16:24:59,634 - INFO - [PROD] Processing Payload 2/9 for Plant 1081
2026-07-02 16:24:59,635 - INFO - [PROD] Processing Payload 3/9 for Plant 1081
2026-07-02 16:24:59,638 - INFO - [PROD] Processing Payload 4/9 for Plant 1081
2026-07-02 16:24:59,638 - INFO - [PROD] Processing Payload 5/9 for Plant 1081
2026-07-02 16:24:59,639 - INFO - [PROD] Processing Payload 6/9 for Plant 1081
2026-07-02 16:24:59,640 - INFO - [PROD] Processing Payload 7/9 for Plant 1081
2026-07-02 16:24:59,641 - INFO - [PROD] Processing Payload 8/9 for Plant 1081
2026-07-02 16:24:59,641 - INFO - [PROD] Processing Payload 9/9 for Plant 1081
2026-07-02 16:25:01,000 - INFO - Pack Complete run finished. Success: 9, Failed: 0, Total: 9
2026-07-02 16:25:01,000 - INFO - Pack Complete run finished.
2026-07-02 16:25:01,001 - INFO - Waiting 30 seconds before next run...
2026-07-02 16:25:31,004 - INFO - Starting Pack Complete run...
2026-07-02 16:25:31,256 - INFO - Successfully extracted 1 data row(s) for wave information processing.
2026-07-02 16:25:31,256 - INFO - Processing row 1: {'Plant': 1081, 'Environment': 'PROD', 'Wave_number': 'W07022026000000000004;W07022026000000000003;W07022026000000000002;W07022026000000000001;W07012026000000000004;W07012026000000000003'}
2026-07-02 16:25:31,498 - INFO - Processing Task 1/1: Plant 1081 (PROD)
2026-07-02 16:25:31,915 - INFO - Successfully retrieved token.
2026-07-02 16:25:31,916 - INFO - Sending payload to URL: https://nikeaplawmprod1.sce.manh.com/pickpack/api/pickpack/olpn/search
2026-07-02 16:25:32,128 - INFO - Successfully received response for Plant 1081 (PROD)
2026-07-02 16:25:32,565 - INFO - Sending payload to URL: https://nikeaplawmprod1.sce.manh.com/task/api/task/taskDetail/search
2026-07-02 16:25:32,946 - INFO - -> Success: True, Message: None
2026-07-02 16:25:32,950 - INFO - Processing Task 1/1: Plant 1081 (PROD)
2026-07-02 16:25:33,292 - INFO - Successfully retrieved token.
2026-07-02 16:25:33,293 - INFO - Sending payload to URL: https://nikeaplawmprod1.sce.manh.com/pickpack/api/pickpack/olpn/search
2026-07-02 16:25:33,512 - INFO - Successfully received response for Plant 1081 (PROD)
2026-07-02 16:25:33,513 - INFO - Success: Found 5 oLPN row(s) for this task.
2026-07-02 16:25:33,519 - INFO - Processing 5 payloads for Environment: PROD
2026-07-02 16:25:34,029 - INFO - Successfully retrieved token for PROD environment.
2026-07-02 16:25:34,030 - INFO - Sending payloads to URL: https://nikeaplawmprod1.sce.manh.com/pickpack/api/ServiceDefinition/invoke/NIKEEX10PackResultCS_1081
2026-07-02 16:25:34,030 - INFO - Using 5 worker threads for 5 payloads.
2026-07-02 16:25:34,032 - INFO - [PROD] Processing Payload 1/5 for Plant 1081
2026-07-02 16:25:34,032 - INFO - [PROD] Processing Payload 2/5 for Plant 1081
2026-07-02 16:25:34,033 - INFO - [PROD] Processing Payload 3/5 for Plant 1081
2026-07-02 16:25:34,034 - INFO - [PROD] Processing Payload 4/5 for Plant 1081
2026-07-02 16:25:34,041 - INFO - [PROD] Processing Payload 5/5 for Plant 1081
2026-07-02 16:25:35,670 - INFO - Pack Complete run finished. Success: 5, Failed: 0, Total: 5
2026-07-02 16:25:35,671 - INFO - Pack Complete run finished.
2026-07-02 16:25:35,671 - INFO - Waiting 30 seconds before next run...
2026-07-02 16:26:05,674 - INFO - Starting Pack Complete run...
2026-07-02 16:26:05,908 - INFO - Successfully extracted 1 data row(s) for wave information processing.
2026-07-02 16:26:05,908 - INFO - Processing row 1: {'Plant': 1081, 'Environment': 'PROD', 'Wave_number': 'W07022026000000000004;W07022026000000000003;W07022026000000000002;W07022026000000000001;W07012026000000000004;W07012026000000000003'}
2026-07-02 16:26:06,124 - INFO - Processing Task 1/1: Plant 1081 (PROD)
2026-07-02 16:26:06,590 - INFO - Successfully retrieved token.
2026-07-02 16:26:06,590 - INFO - Sending payload to URL: https://nikeaplawmprod1.sce.manh.com/pickpack/api/pickpack/olpn/search
2026-07-02 16:26:06,807 - INFO - Successfully received response for Plant 1081 (PROD)
2026-07-02 16:26:07,217 - INFO - Sending payload to URL: https://nikeaplawmprod1.sce.manh.com/task/api/task/taskDetail/search
2026-07-02 16:26:07,430 - INFO - -> Success: True, Message: None
2026-07-02 16:26:07,434 - INFO - Processing Task 1/1: Plant 1081 (PROD)
2026-07-02 16:26:07,816 - INFO - Successfully retrieved token.
2026-07-02 16:26:07,816 - INFO - Sending payload to URL: https://nikeaplawmprod1.sce.manh.com/pickpack/api/pickpack/olpn/search
2026-07-02 16:26:08,006 - INFO - Successfully received response for Plant 1081 (PROD)
2026-07-02 16:26:08,007 - INFO - Success: Found 4 oLPN row(s) for this task.
2026-07-02 16:26:08,011 - INFO - Processing 4 payloads for Environment: PROD
2026-07-02 16:26:08,434 - INFO - Successfully retrieved token for PROD environment.
2026-07-02 16:26:08,435 - INFO - Sending payloads to URL: https://nikeaplawmprod1.sce.manh.com/pickpack/api/ServiceDefinition/invoke/NIKEEX10PackResultCS_1081
2026-07-02 16:26:08,435 - INFO - Using 4 worker threads for 4 payloads.
2026-07-02 16:26:08,435 - INFO - [PROD] Processing Payload 1/4 for Plant 1081
2026-07-02 16:26:08,436 - INFO - [PROD] Processing Payload 2/4 for Plant 1081
2026-07-02 16:26:08,437 - INFO - [PROD] Processing Payload 3/4 for Plant 1081
2026-07-02 16:26:08,438 - INFO - [PROD] Processing Payload 4/4 for Plant 1081
2026-07-02 16:26:10,598 - INFO - Pack Complete run finished. Success: 4, Failed: 0, Total: 4
2026-07-02 16:26:10,598 - INFO - Pack Complete run finished.
2026-07-02 16:26:10,598 - INFO - Waiting 30 seconds before next run...
2026-07-02 16:26:40,605 - INFO - Starting Pack Complete run...
2026-07-02 16:26:40,856 - INFO - Successfully extracted 1 data row(s) for wave information processing.
2026-07-02 16:26:40,856 - INFO - Processing row 1: {'Plant': 1081, 'Environment': 'PROD', 'Wave_number': 'W07022026000000000004;W07022026000000000003;W07022026000000000002;W07022026000000000001;W07012026000000000004;W07012026000000000003'}
2026-07-02 16:26:41,092 - INFO - Processing Task 1/1: Plant 1081 (PROD)
2026-07-02 16:26:41,551 - INFO - Successfully retrieved token.
2026-07-02 16:26:41,551 - INFO - Sending payload to URL: https://nikeaplawmprod1.sce.manh.com/pickpack/api/pickpack/olpn/search
2026-07-02 16:26:41,768 - INFO - Successfully received response for Plant 1081 (PROD)
2026-07-02 16:26:42,228 - INFO - Sending payload to URL: https://nikeaplawmprod1.sce.manh.com/task/api/task/taskDetail/search
2026-07-02 16:26:42,445 - INFO - -> Success: True, Message: None
2026-07-02 16:26:42,447 - INFO - Processing Task 1/1: Plant 1081 (PROD)
2026-07-02 16:26:42,843 - INFO - Successfully retrieved token.
2026-07-02 16:26:42,843 - INFO - Sending payload to URL: https://nikeaplawmprod1.sce.manh.com/pickpack/api/pickpack/olpn/search
2026-07-02 16:26:43,060 - INFO - Successfully received response for Plant 1081 (PROD)
2026-07-02 16:26:43,062 - INFO - Success: Found 3 oLPN row(s) for this task.
2026-07-02 16:26:43,079 - INFO - Processing 3 payloads for Environment: PROD
2026-07-02 16:26:43,562 - INFO - Successfully retrieved token for PROD environment.
2026-07-02 16:26:43,563 - INFO - Sending payloads to URL: https://nikeaplawmprod1.sce.manh.com/pickpack/api/ServiceDefinition/invoke/NIKEEX10PackResultCS_1081
2026-07-02 16:26:43,563 - INFO - Using 3 worker threads for 3 payloads.
2026-07-02 16:26:43,563 - INFO - [PROD] Processing Payload 1/3 for Plant 1081
2026-07-02 16:26:43,564 - INFO - [PROD] Processing Payload 2/3 for Plant 1081
2026-07-02 16:26:43,567 - INFO - [PROD] Processing Payload 3/3 for Plant 1081
2026-07-02 16:26:47,639 - INFO - Pack Complete run finished. Success: 3, Failed: 0, Total: 3
2026-07-02 16:26:47,640 - INFO - Pack Complete run finished.
2026-07-02 16:26:47,640 - INFO - Waiting 30 seconds before next run...
2026-07-02 16:27:17,655 - INFO - Starting Pack Complete run...
2026-07-02 16:27:17,932 - INFO - Successfully extracted 1 data row(s) for wave information processing.
2026-07-02 16:27:17,932 - INFO - Processing row 1: {'Plant': 1081, 'Environment': 'PROD', 'Wave_number': 'W07022026000000000004;W07022026000000000003;W07022026000000000002;W07022026000000000001;W07012026000000000004;W07012026000000000003'}
2026-07-02 16:27:18,144 - INFO - Processing Task 1/1: Plant 1081 (PROD)
2026-07-02 16:27:18,599 - INFO - Successfully retrieved token.
2026-07-02 16:27:18,599 - INFO - Sending payload to URL: https://nikeaplawmprod1.sce.manh.com/pickpack/api/pickpack/olpn/search
2026-07-02 16:27:18,838 - INFO - Successfully received response for Plant 1081 (PROD)
2026-07-02 16:27:19,314 - INFO - Sending payload to URL: https://nikeaplawmprod1.sce.manh.com/task/api/task/taskDetail/search
2026-07-02 16:27:19,530 - INFO - -> Success: True, Message: None
2026-07-02 16:27:19,532 - INFO - Processing Task 1/1: Plant 1081 (PROD)
2026-07-02 16:27:19,925 - INFO - Successfully retrieved token.
2026-07-02 16:27:19,928 - INFO - Sending payload to URL: https://nikeaplawmprod1.sce.manh.com/pickpack/api/pickpack/olpn/search
2026-07-02 16:27:20,140 - INFO - Successfully received response for Plant 1081 (PROD)
2026-07-02 16:27:20,141 - INFO - Success: Found 3 oLPN row(s) for this task.
2026-07-02 16:27:20,148 - INFO - Processing 3 payloads for Environment: PROD
2026-07-02 16:27:20,567 - INFO - Successfully retrieved token for PROD environment.
2026-07-02 16:27:20,568 - INFO - Sending payloads to URL: https://nikeaplawmprod1.sce.manh.com/pickpack/api/ServiceDefinition/invoke/NIKEEX10PackResultCS_1081
2026-07-02 16:27:20,568 - INFO - Using 3 worker threads for 3 payloads.
2026-07-02 16:27:20,569 - INFO - [PROD] Processing Payload 1/3 for Plant 1081
2026-07-02 16:27:20,572 - INFO - [PROD] Processing Payload 2/3 for Plant 1081
2026-07-02 16:27:20,575 - INFO - [PROD] Processing Payload 3/3 for Plant 1081
2026-07-02 16:27:22,307 - INFO - Pack Complete run finished. Success: 3, Failed: 0, Total: 3
2026-07-02 16:27:22,308 - INFO - Pack Complete run finished.
2026-07-02 16:27:22,308 - INFO - Waiting 30 seconds before next run...
2026-07-02 16:27:37,801 - INFO - Stop requested (Ctrl+C). Continuous Pack Complete execution stopped.
