2026-07-02 18:13:36,565 - INFO - Execution log file: /Users/vgana3/Documents/GitHub/Nike/J30/Outbound/logs/pack_complete_20260702_181336.log
2026-07-02 18:13:36,565 - INFO - Starting continuous mode. The job will rerun every 10 seconds. Press Ctrl+C to stop.
2026-07-02 18:13:36,565 - INFO - Starting Pack Complete run...
2026-07-02 18:13:36,973 - INFO - Successfully extracted 1 data row(s) for wave information processing.
2026-07-02 18:13:36,973 - INFO - Processing row 1: {'Plant': 1081, 'Environment': 'PROD', 'Wave_number': 'W07022026000000000004;W07022026000000000003;W07022026000000000002;W07022026000000000001;W07012026000000000004;W07012026000000000003'}
2026-07-02 18:13:37,185 - INFO - Processing Task 1/1: Plant 1081 (PROD)
2026-07-02 18:13:37,635 - INFO - Successfully retrieved token.
2026-07-02 18:13:37,635 - INFO - Sending payload to URL: https://nikeaplawmprod1.sce.manh.com/pickpack/api/pickpack/olpn/search
2026-07-02 18:13:37,899 - INFO - Successfully received response for Plant 1081 (PROD)
2026-07-02 18:13:38,399 - INFO - Sending payload to URL: https://nikeaplawmprod1.sce.manh.com/task/api/task/taskDetail/search
2026-07-02 18:13:38,618 - INFO - -> Success: True, Message: None
2026-07-02 18:13:38,620 - INFO - Processing Task 1/2: Plant 1081 (PROD)
2026-07-02 18:13:38,963 - INFO - Successfully retrieved token.
2026-07-02 18:13:38,963 - INFO - Sending payload to URL: https://nikeaplawmprod1.sce.manh.com/pickpack/api/pickpack/olpn/search
2026-07-02 18:13:39,239 - INFO - Successfully received response for Plant 1081 (PROD)
2026-07-02 18:13:39,241 - INFO - Success: Found 20 oLPN row(s) for this task.
2026-07-02 18:13:39,241 - INFO - Processing Task 2/2: Plant 1081 (PROD)
2026-07-02 18:13:39,630 - INFO - Successfully retrieved token.
2026-07-02 18:13:39,630 - INFO - Sending payload to URL: https://nikeaplawmprod1.sce.manh.com/pickpack/api/pickpack/olpn/search
2026-07-02 18:13:39,823 - INFO - Successfully received response for Plant 1081 (PROD)
2026-07-02 18:13:39,823 - INFO - Success: Found 1 oLPN row(s) for this task.
2026-07-02 18:13:39,825 - INFO - Processing 21 payloads for Environment: PROD
2026-07-02 18:13:40,220 - INFO - Successfully retrieved token for PROD environment.
2026-07-02 18:13:40,220 - INFO - Sending payloads to URL: https://nikeaplawmprod1.sce.manh.com/pickpack/api/ServiceDefinition/invoke/NIKEEX10PackResultCS_1081
2026-07-02 18:13:40,221 - INFO - Using 10 worker threads for 21 payloads.
2026-07-02 18:13:40,221 - INFO - [PROD] Processing Payload 1/21 for Plant 1081
2026-07-02 18:13:40,221 - INFO - [PROD] Processing Payload 2/21 for Plant 1081
2026-07-02 18:13:40,223 - INFO - [PROD] Processing Payload 3/21 for Plant 1081
2026-07-02 18:13:40,223 - INFO - [PROD] Processing Payload 4/21 for Plant 1081
2026-07-02 18:13:40,223 - INFO - [PROD] Processing Payload 5/21 for Plant 1081
2026-07-02 18:13:40,224 - INFO - [PROD] Processing Payload 6/21 for Plant 1081
2026-07-02 18:13:40,226 - INFO - [PROD] Processing Payload 7/21 for Plant 1081
2026-07-02 18:13:40,226 - INFO - [PROD] Processing Payload 8/21 for Plant 1081
2026-07-02 18:13:40,227 - INFO - [PROD] Processing Payload 9/21 for Plant 1081
2026-07-02 18:13:40,227 - INFO - [PROD] Processing Payload 10/21 for Plant 1081
2026-07-02 18:13:41,471 - INFO - [PROD] Processing Payload 11/21 for Plant 1081
2026-07-02 18:13:41,577 - INFO - [PROD] Processing Payload 12/21 for Plant 1081
2026-07-02 18:13:41,581 - INFO - [PROD] Processing Payload 13/21 for Plant 1081
2026-07-02 18:13:41,617 - INFO - [PROD] Processing Payload 14/21 for Plant 1081
2026-07-02 18:13:41,627 - INFO - [PROD] Processing Payload 15/21 for Plant 1081
2026-07-02 18:13:41,703 - INFO - [PROD] Processing Payload 16/21 for Plant 1081
2026-07-02 18:13:41,705 - INFO - [PROD] Processing Payload 17/21 for Plant 1081
2026-07-02 18:13:41,706 - INFO - [PROD] Processing Payload 18/21 for Plant 1081
2026-07-02 18:13:42,087 - INFO - [PROD] Processing Payload 19/21 for Plant 1081
2026-07-02 18:13:42,092 - INFO - [PROD] Processing Payload 20/21 for Plant 1081
2026-07-02 18:13:42,167 - INFO - [PROD] Processing Payload 21/21 for Plant 1081
2026-07-02 18:13:44,539 - INFO - Pack Complete run finished. Success: 21, Failed: 0, Total: 21
2026-07-02 18:13:44,540 - INFO - Pack Complete run finished.
2026-07-02 18:13:44,540 - INFO - Waiting 10 seconds before next run...
2026-07-02 18:13:54,547 - INFO - Starting Pack Complete run...
2026-07-02 18:13:54,814 - INFO - Successfully extracted 1 data row(s) for wave information processing.
2026-07-02 18:13:54,814 - INFO - Processing row 1: {'Plant': 1081, 'Environment': 'PROD', 'Wave_number': 'W07022026000000000004;W07022026000000000003;W07022026000000000002;W07022026000000000001;W07012026000000000004;W07012026000000000003'}
2026-07-02 18:13:55,021 - INFO - Processing Task 1/1: Plant 1081 (PROD)
2026-07-02 18:13:55,339 - INFO - Successfully retrieved token.
2026-07-02 18:13:55,339 - INFO - Sending payload to URL: https://nikeaplawmprod1.sce.manh.com/pickpack/api/pickpack/olpn/search
2026-07-02 18:13:55,567 - INFO - Successfully received response for Plant 1081 (PROD)
2026-07-02 18:13:56,015 - INFO - Sending payload to URL: https://nikeaplawmprod1.sce.manh.com/task/api/task/taskDetail/search
2026-07-02 18:13:56,260 - INFO - -> Success: True, Message: None
2026-07-02 18:13:56,264 - INFO - Processing Task 1/2: Plant 1081 (PROD)
2026-07-02 18:13:56,625 - INFO - Successfully retrieved token.
2026-07-02 18:13:56,625 - INFO - Sending payload to URL: https://nikeaplawmprod1.sce.manh.com/pickpack/api/pickpack/olpn/search
2026-07-02 18:13:56,845 - INFO - Successfully received response for Plant 1081 (PROD)
2026-07-02 18:13:56,846 - INFO - Success: Found 2 oLPN row(s) for this task.
2026-07-02 18:13:56,846 - INFO - Processing Task 2/2: Plant 1081 (PROD)
2026-07-02 18:13:57,190 - INFO - Successfully retrieved token.
2026-07-02 18:13:57,190 - INFO - Sending payload to URL: https://nikeaplawmprod1.sce.manh.com/pickpack/api/pickpack/olpn/search
2026-07-02 18:13:57,387 - INFO - Successfully received response for Plant 1081 (PROD)
2026-07-02 18:13:57,388 - INFO - Success: Found 1 oLPN row(s) for this task.
2026-07-02 18:13:57,391 - INFO - Processing 3 payloads for Environment: PROD
2026-07-02 18:13:57,732 - INFO - Successfully retrieved token for PROD environment.
2026-07-02 18:13:57,732 - INFO - Sending payloads to URL: https://nikeaplawmprod1.sce.manh.com/pickpack/api/ServiceDefinition/invoke/NIKEEX10PackResultCS_1081
2026-07-02 18:13:57,732 - INFO - Using 3 worker threads for 3 payloads.
2026-07-02 18:13:57,733 - INFO - [PROD] Processing Payload 1/3 for Plant 1081
2026-07-02 18:13:57,734 - INFO - [PROD] Processing Payload 2/3 for Plant 1081
2026-07-02 18:13:57,734 - INFO - [PROD] Processing Payload 3/3 for Plant 1081
2026-07-02 18:14:00,591 - INFO - Pack Complete run finished. Success: 3, Failed: 0, Total: 3
2026-07-02 18:14:00,591 - INFO - Pack Complete run finished.
2026-07-02 18:14:00,591 - INFO - Waiting 10 seconds before next run...
2026-07-02 18:14:10,596 - INFO - Starting Pack Complete run...
2026-07-02 18:14:10,854 - INFO - Successfully extracted 1 data row(s) for wave information processing.
2026-07-02 18:14:10,854 - INFO - Processing row 1: {'Plant': 1081, 'Environment': 'PROD', 'Wave_number': 'W07022026000000000004;W07022026000000000003;W07022026000000000002;W07022026000000000001;W07012026000000000004;W07012026000000000003'}
2026-07-02 18:14:11,084 - INFO - Processing Task 1/1: Plant 1081 (PROD)
2026-07-02 18:14:11,903 - INFO - Successfully retrieved token.
2026-07-02 18:14:11,903 - INFO - Sending payload to URL: https://nikeaplawmprod1.sce.manh.com/pickpack/api/pickpack/olpn/search
2026-07-02 18:14:12,096 - INFO - Successfully received response for Plant 1081 (PROD)
2026-07-02 18:14:12,482 - INFO - Sending payload to URL: https://nikeaplawmprod1.sce.manh.com/task/api/task/taskDetail/search
2026-07-02 18:14:12,673 - INFO - -> Success: True, Message: None
2026-07-02 18:14:12,676 - INFO - Processing Task 1/2: Plant 1081 (PROD)
2026-07-02 18:14:13,029 - INFO - Successfully retrieved token.
2026-07-02 18:14:13,029 - INFO - Sending payload to URL: https://nikeaplawmprod1.sce.manh.com/pickpack/api/pickpack/olpn/search
2026-07-02 18:14:13,222 - INFO - Successfully received response for Plant 1081 (PROD)
2026-07-02 18:14:13,223 - INFO - Success: Found 0 oLPN row(s) for this task.
2026-07-02 18:14:13,223 - INFO - Processing Task 2/2: Plant 1081 (PROD)
2026-07-02 18:14:13,628 - INFO - Successfully retrieved token.
2026-07-02 18:14:13,629 - INFO - Sending payload to URL: https://nikeaplawmprod1.sce.manh.com/pickpack/api/pickpack/olpn/search
2026-07-02 18:14:13,822 - INFO - Successfully received response for Plant 1081 (PROD)
2026-07-02 18:14:13,822 - INFO - Success: Found 1 oLPN row(s) for this task.
2026-07-02 18:14:13,824 - INFO - Processing 1 payloads for Environment: PROD
2026-07-02 18:14:14,242 - INFO - Successfully retrieved token for PROD environment.
2026-07-02 18:14:14,242 - INFO - Sending payloads to URL: https://nikeaplawmprod1.sce.manh.com/pickpack/api/ServiceDefinition/invoke/NIKEEX10PackResultCS_1081
2026-07-02 18:14:14,242 - INFO - Using 1 worker threads for 1 payloads.
2026-07-02 18:14:14,244 - INFO - [PROD] Processing Payload 1/1 for Plant 1081
2026-07-02 18:14:15,370 - INFO - Pack Complete run finished. Success: 1, Failed: 0, Total: 1
2026-07-02 18:14:15,370 - INFO - Pack Complete run finished.
2026-07-02 18:14:15,370 - INFO - Waiting 10 seconds before next run...
2026-07-02 18:14:18,185 - INFO - Stop requested (Ctrl+C). Continuous Pack Complete execution stopped.
